GAS LISTING /tmp/cc7TNgGK.s 			page 1


   1              		.file	"main.cpp"
   2              		.option pic
   3              		.option norelax
   4              		.text
   5              	.Ltext0:
   6              		.align	2
   8              	_ZL15userMainWrapperPv:
   9              	.LFB9:
  10              		.file 1 "src/main.cpp"
   1:src/main.cpp  **** #include "../h/riscv.hpp"
   2:src/main.cpp  **** #include "../h/Thread.hpp"
   3:src/main.cpp  **** #include "../h/Scheduler.hpp"
   4:src/main.cpp  **** #include "../h/syscall_c.hpp"
   5:src/main.cpp  **** #include "../lib/hw.h"
   6:src/main.cpp  **** 
   7:src/main.cpp  **** extern "C" void supervisorTrap();
   8:src/main.cpp  **** extern void userMain();
   9:src/main.cpp  **** 
  10:src/main.cpp  **** static volatile bool userMainFinished = false;
  11:src/main.cpp  **** 
  12:src/main.cpp  **** static void userMainWrapper(void*) {
  11              		.loc 1 12 36
  12              		.cfi_startproc
  13 0000 130101FF 		addi	sp,sp,-16
  14              		.cfi_def_cfa_offset 16
  15 0004 23341100 		sd	ra,8(sp)
  16 0008 23308100 		sd	s0,0(sp)
  17              		.cfi_offset 1, -8
  18              		.cfi_offset 8, -16
  19 000c 13040101 		addi	s0,sp,16
  20              		.cfi_def_cfa 8, 0
  13:src/main.cpp  ****     userMain();
  21              		.loc 1 13 5
  22              		.loc 1 13 13 is_stmt 0
  23 0010 97000000 		call	_Z8userMainv@plt
  23      E7800000 
  24              	.LVL0:
  14:src/main.cpp  ****     userMainFinished = true;
  25              		.loc 1 14 5 is_stmt 1
  26              		.loc 1 14 22 is_stmt 0
  27 0018 93071000 		li	a5,1
  28 001c 17070000 		sb	a5,.LANCHOR0,a4
  28      2300F700 
  15:src/main.cpp  ****     thread_exit();
  29              		.loc 1 15 5 is_stmt 1
  30              		.loc 1 15 16 is_stmt 0
  31 0024 97000000 		call	_Z11thread_exitv@plt
  31      E7800000 
  32              	.LVL1:
  16:src/main.cpp  **** }
  33              		.loc 1 16 1
  34 002c 83308100 		ld	ra,8(sp)
  35              		.cfi_restore 1
  36 0030 03340100 		ld	s0,0(sp)
  37              		.cfi_restore 8
  38              		.cfi_def_cfa 2, 16
  39 0034 13010101 		addi	sp,sp,16
GAS LISTING /tmp/cc7TNgGK.s 			page 2


  40              		.cfi_def_cfa_offset 0
  41 0038 67800000 		jr	ra
  42              		.cfi_endproc
  43              	.LFE9:
  45              		.align	2
  46              		.globl	main
  48              	main:
  49              	.LFB10:
  17:src/main.cpp  **** 
  18:src/main.cpp  **** int main() {
  50              		.loc 1 18 12 is_stmt 1
  51              		.cfi_startproc
  52 003c 130101F1 		addi	sp,sp,-240
  53              		.cfi_def_cfa_offset 240
  54 0040 2334110E 		sd	ra,232(sp)
  55 0044 2330810E 		sd	s0,224(sp)
  56 0048 233C910C 		sd	s1,216(sp)
  57              		.cfi_offset 1, -8
  58              		.cfi_offset 8, -16
  59              		.cfi_offset 9, -24
  60 004c 1304010F 		addi	s0,sp,240
  61              		.cfi_def_cfa 8, 0
  19:src/main.cpp  ****     Riscv::w_stvec((uint64)&supervisorTrap);
  62              		.loc 1 19 5
  63              		.loc 1 19 19 is_stmt 0
  64 0050 97070000 		la	a5,supervisorTrap
  64      83B70700 
  65              	.LVL2:
  66              	.LBB8:
  67              	.LBB9:
  68              		.file 2 "src/../h/riscv.hpp"
   1:src/../h/riscv.hpp **** 
   2:src/../h/riscv.hpp **** 
   3:src/../h/riscv.hpp **** #ifndef PROJECT_BASE_V1_1_RISCV_HPP
   4:src/../h/riscv.hpp **** #define PROJECT_BASE_V1_1_RISCV_HPP
   5:src/../h/riscv.hpp **** 
   6:src/../h/riscv.hpp **** #include "../lib/hw.h"
   7:src/../h/riscv.hpp **** 
   8:src/../h/riscv.hpp **** class Riscv {
   9:src/../h/riscv.hpp **** public:
  10:src/../h/riscv.hpp ****     static const uint64 SSTATUS_SIE = (1UL << 1);
  11:src/../h/riscv.hpp ****     static const uint64 SIP_SSIP = (1UL << 1);
  12:src/../h/riscv.hpp **** 
  13:src/../h/riscv.hpp ****     static uint64 r_scause() {
  14:src/../h/riscv.hpp ****         uint64 x;
  15:src/../h/riscv.hpp ****         asm volatile("csrr %0, scause" : "=r"(x));//upis vrednosti scause u x
  16:src/../h/riscv.hpp ****         return x;
  17:src/../h/riscv.hpp ****     }
  18:src/../h/riscv.hpp **** 
  19:src/../h/riscv.hpp ****     static uint64 r_sepc() {
  20:src/../h/riscv.hpp ****         uint64 x;
  21:src/../h/riscv.hpp ****         asm volatile("csrr %0, sepc" : "=r"(x));//isto upis, to je adresa na kojoj ce se procesor v
  22:src/../h/riscv.hpp ****         return x;
  23:src/../h/riscv.hpp ****     }
  24:src/../h/riscv.hpp **** 
  25:src/../h/riscv.hpp ****     static void w_sepc(uint64 x) {
  26:src/../h/riscv.hpp ****         asm volatile("csrw sepc, %0" : : "r"(x));//upis u sepc
GAS LISTING /tmp/cc7TNgGK.s 			page 3


  27:src/../h/riscv.hpp ****     }
  28:src/../h/riscv.hpp **** 
  29:src/../h/riscv.hpp ****     static uint64 r_sstatus() {
  30:src/../h/riscv.hpp ****         uint64 x;
  31:src/../h/riscv.hpp ****         asm volatile("csrr %0, sstatus" : "=r"(x));
  32:src/../h/riscv.hpp ****         return x;
  33:src/../h/riscv.hpp ****     }
  34:src/../h/riscv.hpp **** 
  35:src/../h/riscv.hpp ****     static void w_sstatus(uint64 x) {
  36:src/../h/riscv.hpp ****         asm volatile("csrw sstatus, %0" : : "r"(x));
  37:src/../h/riscv.hpp ****     }
  38:src/../h/riscv.hpp **** 
  39:src/../h/riscv.hpp ****     static void w_stvec(uint64 x) {
  40:src/../h/riscv.hpp ****         asm volatile("csrw stvec, %0" : : "r"(x));//adresa prekidne rutine, da bi skocilo na superv
  69              		.loc 2 40 9 is_stmt 1
  70              		.loc 2 40 50 is_stmt 0
  71              	#APP
  72              	# 40 "src/../h/riscv.hpp" 1
  41              	    }
  73              		csrw stvec, a5
  74              	# 0 "" 2
  75              	.LVL3:
  76              	#NO_APP
  77              	.LBE9:
  78              	.LBE8:
  20:src/main.cpp  ****     Riscv::ms_sstatus(Riscv::SSTATUS_SIE);
  79              		.loc 1 20 5 is_stmt 1
  80              	.LBB10:
  81              	.LBB11:
  42:src/../h/riscv.hpp **** 
  43:src/../h/riscv.hpp ****     static void ms_sstatus(uint64 mask) {
  44:src/../h/riscv.hpp ****         asm volatile("csrs sstatus, %0" : : "r"(mask));//omoguci prekide
  82              		.loc 2 44 9
  83              		.loc 2 44 55 is_stmt 0
  84 005c 93072000 		li	a5,2
  85              	#APP
  86              	# 44 "src/../h/riscv.hpp" 1
  45              	    }
  87              		csrs sstatus, a5
  88              	# 0 "" 2
  89              	.LVL4:
  90              	#NO_APP
  91              	.LBE11:
  92              	.LBE10:
  21:src/main.cpp  **** 
  22:src/main.cpp  **** 
  23:src/main.cpp  ****     _thread mainThread(nullptr, nullptr, nullptr);//poziv konstruktora
  93              		.loc 1 23 5 is_stmt 1
  94              		.loc 1 23 49 is_stmt 0
  95 0064 93060000 		li	a3,0
  96 0068 13060000 		li	a2,0
  97 006c 93050000 		li	a1,0
  98 0070 930484F1 		addi	s1,s0,-232
  99 0074 13850400 		mv	a0,s1
 100 0078 97000000 		call	_ZN7_threadC1EPFvPvES0_S0_@plt
 100      E7800000 
 101              	.LVL5:
GAS LISTING /tmp/cc7TNgGK.s 			page 4


  24:src/main.cpp  ****     mainThread.setState(_thread::RUNNING);
 102              		.loc 1 24 5 is_stmt 1
 103              		.loc 1 24 24 is_stmt 0
 104 0080 93052000 		li	a1,2
 105 0084 13850400 		mv	a0,s1
 106 0088 97000000 		call	_ZN7_thread8setStateENS_5StateE@plt
 106      E7800000 
 107              	.LVL6:
  25:src/main.cpp  ****     _thread::running = &mainThread;//pravimo main nit zbog dispatch-a, jer nemamo running na pocetk
 108              		.loc 1 25 5 is_stmt 1
 109              		.loc 1 25 22 is_stmt 0
 110 0090 97070000 		la	a5,_ZN7_thread7runningE
 110      83B70700 
 111 0098 23B09700 		sd	s1,0(a5)
  26:src/main.cpp  **** 
  27:src/main.cpp  ****     thread_t userThread = nullptr;
 112              		.loc 1 27 5 is_stmt 1
 113              		.loc 1 27 14 is_stmt 0
 114 009c 233804F0 		sd	zero,-240(s0)
  28:src/main.cpp  ****     int ret = thread_create(&userThread, userMainWrapper, nullptr);
 115              		.loc 1 28 5 is_stmt 1
 116              		.loc 1 28 28 is_stmt 0
 117 00a0 13060000 		li	a2,0
 118 00a4 97050000 		lla	a1,_ZL15userMainWrapperPv
 118      93850500 
 119 00ac 130504F1 		addi	a0,s0,-240
 120 00b0 97000000 		call	_Z13thread_createPP7_threadPFvPvES2_@plt
 120      E7800000 
 121              	.LVL7:
  29:src/main.cpp  **** 
  30:src/main.cpp  ****     if (ret < 0 || userThread == nullptr) {
 122              		.loc 1 30 5 is_stmt 1
 123              	.LBB12:
 124 00b8 63460500 		bltz	a0,.L4
 125              		.loc 1 30 31 is_stmt 0 discriminator 1
 126 00bc 833704F1 		ld	a5,-240(s0)
 127              		.loc 1 30 17 discriminator 1
 128 00c0 63900702 		bnez	a5,.L5
 129              	.L4:
 130              	.LBB13:
  31:src/main.cpp  ****         volatile uint32* qemu = (uint32*)0x100000;
 131              		.loc 1 31 9 is_stmt 1
 132              	.LVL8:
  32:src/main.cpp  ****         *qemu = 0x5555;
 133              		.loc 1 32 9
 134              		.loc 1 32 15 is_stmt 0
 135 00c4 37071000 		li	a4,1048576
 136 00c8 B7570000 		li	a5,20480
 137 00cc 9B875755 		addiw	a5,a5,1365
 138 00d0 2320F700 		sw	a5,0(a4)
  33:src/main.cpp  ****         return ret;
 139              		.loc 1 33 9 is_stmt 1
 140              		.loc 1 33 16 is_stmt 0
 141 00d4 6F00C002 		j	.L6
 142              	.LVL9:
 143              	.L9:
 144              	.LBE13:
GAS LISTING /tmp/cc7TNgGK.s 			page 5


 145              	.LBE12:
  34:src/main.cpp  ****     }
  35:src/main.cpp  **** 
  36:src/main.cpp  ****     while (!userMainFinished) {
  37:src/main.cpp  ****         thread_dispatch();
 146              		.loc 1 37 9 is_stmt 1
 147              		.loc 1 37 24 is_stmt 0
 148 00d8 97000000 		call	_Z15thread_dispatchv@plt
 148      E7800000 
 149              	.LVL10:
 150              	.L5:
  36:src/main.cpp  ****         thread_dispatch();
 151              		.loc 1 36 5 is_stmt 1
  36:src/main.cpp  ****         thread_dispatch();
 152              		.loc 1 36 12
  36:src/main.cpp  ****         thread_dispatch();
 153              		.loc 1 36 13 is_stmt 0
 154 00e0 97070000 		lbu	a5,.LANCHOR0
 154      83C70700 
  36:src/main.cpp  ****         thread_dispatch();
 155              		.loc 1 36 12
 156 00e8 E38807FE 		beqz	a5,.L9
  38:src/main.cpp  ****     }
  39:src/main.cpp  **** 
  40:src/main.cpp  ****     volatile uint32* qemu = (uint32*)0x100000;
 157              		.loc 1 40 5 is_stmt 1
 158              	.LVL11:
  41:src/main.cpp  ****     *qemu = 0x5555;
 159              		.loc 1 41 5
 160              		.loc 1 41 11 is_stmt 0
 161 00ec 37071000 		li	a4,1048576
 162 00f0 B7570000 		li	a5,20480
 163 00f4 9B875755 		addiw	a5,a5,1365
 164 00f8 2320F700 		sw	a5,0(a4)
  42:src/main.cpp  **** 
  43:src/main.cpp  ****     return 0;
 165              		.loc 1 43 5 is_stmt 1
 166              		.loc 1 43 12 is_stmt 0
 167 00fc 13050000 		li	a0,0
 168              	.LVL12:
 169              	.L6:
  44:src/main.cpp  **** }...
 170              		.loc 1 44 1
 171 0100 8330810E 		ld	ra,232(sp)
 172              		.cfi_restore 1
 173 0104 0334010E 		ld	s0,224(sp)
 174              		.cfi_restore 8
 175              		.cfi_def_cfa 2, 240
 176 0108 8334810D 		ld	s1,216(sp)
 177              		.cfi_restore 9
 178 010c 1301010F 		addi	sp,sp,240
 179              		.cfi_def_cfa_offset 0
 180 0110 67800000 		jr	ra
 181              		.cfi_endproc
 182              	.LFE10:
 184              		.bss
 185              		.set	.LANCHOR0,. + 0
GAS LISTING /tmp/cc7TNgGK.s 			page 6


 188              	_ZL16userMainFinished:
 189 0000 00       		.zero	1
 190              		.text
 191              	.Letext0:
 192              		.file 3 "src/../h/../lib/hw.h"
 193              		.file 4 "src/../h/Thread.hpp"
 194              		.file 5 "src/../h/syscall_c.hpp"
GAS LISTING /tmp/cc7TNgGK.s 			page 7


DEFINED SYMBOLS
                            *ABS*:0000000000000000 main.cpp
     /tmp/cc7TNgGK.s:8      .text:0000000000000000 _ZL15userMainWrapperPv
     /tmp/cc7TNgGK.s:12     .text:0000000000000000 .L0 
     /tmp/cc7TNgGK.s:13     .text:0000000000000000 .L0 
     /tmp/cc7TNgGK.s:14     .text:0000000000000004 .L0 
     /tmp/cc7TNgGK.s:17     .text:000000000000000c .L0 
     /tmp/cc7TNgGK.s:18     .text:000000000000000c .L0 
     /tmp/cc7TNgGK.s:20     .text:0000000000000010 .L0 
     /tmp/cc7TNgGK.s:22     .text:0000000000000010 .L0 
     /tmp/cc7TNgGK.s:23     .text:0000000000000010 .L0 
     /tmp/cc7TNgGK.s:26     .text:0000000000000018 .L0 
     /tmp/cc7TNgGK.s:27     .text:0000000000000018 .L0 
     /tmp/cc7TNgGK.s:30     .text:0000000000000024 .L0 
     /tmp/cc7TNgGK.s:31     .text:0000000000000024 .L0 
     /tmp/cc7TNgGK.s:34     .text:000000000000002c .L0 
     /tmp/cc7TNgGK.s:35     .text:0000000000000030 .L0 
     /tmp/cc7TNgGK.s:37     .text:0000000000000034 .L0 
     /tmp/cc7TNgGK.s:38     .text:0000000000000034 .L0 
     /tmp/cc7TNgGK.s:40     .text:0000000000000038 .L0 
     /tmp/cc7TNgGK.s:42     .text:000000000000003c .L0 
     /tmp/cc7TNgGK.s:48     .text:000000000000003c main
     /tmp/cc7TNgGK.s:51     .text:000000000000003c .L0 
     /tmp/cc7TNgGK.s:52     .text:000000000000003c .L0 
     /tmp/cc7TNgGK.s:53     .text:0000000000000040 .L0 
     /tmp/cc7TNgGK.s:57     .text:000000000000004c .L0 
     /tmp/cc7TNgGK.s:58     .text:000000000000004c .L0 
     /tmp/cc7TNgGK.s:59     .text:000000000000004c .L0 
     /tmp/cc7TNgGK.s:61     .text:0000000000000050 .L0 
     /tmp/cc7TNgGK.s:63     .text:0000000000000050 .L0 
     /tmp/cc7TNgGK.s:64     .text:0000000000000050 .L0 
     /tmp/cc7TNgGK.s:70     .text:0000000000000058 .L0 
  src/../h/riscv.hpp:40     .text:0000000000000058 .L0 
     /tmp/cc7TNgGK.s:82     .text:000000000000005c .L0 
     /tmp/cc7TNgGK.s:83     .text:000000000000005c .L0 
     /tmp/cc7TNgGK.s:84     .text:000000000000005c .L0 
     /tmp/cc7TNgGK.s:94     .text:0000000000000064 .L0 
     /tmp/cc7TNgGK.s:95     .text:0000000000000064 .L0 
     /tmp/cc7TNgGK.s:103    .text:0000000000000080 .L0 
     /tmp/cc7TNgGK.s:104    .text:0000000000000080 .L0 
     /tmp/cc7TNgGK.s:109    .text:0000000000000090 .L0 
     /tmp/cc7TNgGK.s:110    .text:0000000000000090 .L0 
     /tmp/cc7TNgGK.s:113    .text:000000000000009c .L0 
     /tmp/cc7TNgGK.s:114    .text:000000000000009c .L0 
     /tmp/cc7TNgGK.s:116    .text:00000000000000a0 .L0 
     /tmp/cc7TNgGK.s:117    .text:00000000000000a0 .L0 
     /tmp/cc7TNgGK.s:124    .text:00000000000000b8 .L0 
     /tmp/cc7TNgGK.s:126    .text:00000000000000bc .L0 
     /tmp/cc7TNgGK.s:128    .text:00000000000000c0 .L0 
     /tmp/cc7TNgGK.s:133    .text:00000000000000c4 .L0 
     /tmp/cc7TNgGK.s:134    .text:00000000000000c4 .L0 
     /tmp/cc7TNgGK.s:135    .text:00000000000000c4 .L0 
     /tmp/cc7TNgGK.s:140    .text:00000000000000d4 .L0 
     /tmp/cc7TNgGK.s:141    .text:00000000000000d4 .L0 
     /tmp/cc7TNgGK.s:147    .text:00000000000000d8 .L0 
     /tmp/cc7TNgGK.s:148    .text:00000000000000d8 .L0 
     /tmp/cc7TNgGK.s:152    .text:00000000000000e0 .L0 
GAS LISTING /tmp/cc7TNgGK.s 			page 8


     /tmp/cc7TNgGK.s:153    .text:00000000000000e0 .L0 
     /tmp/cc7TNgGK.s:154    .text:00000000000000e0 .L0 
     /tmp/cc7TNgGK.s:156    .text:00000000000000e8 .L0 
     /tmp/cc7TNgGK.s:159    .text:00000000000000ec .L0 
     /tmp/cc7TNgGK.s:160    .text:00000000000000ec .L0 
     /tmp/cc7TNgGK.s:161    .text:00000000000000ec .L0 
     /tmp/cc7TNgGK.s:166    .text:00000000000000fc .L0 
     /tmp/cc7TNgGK.s:167    .text:00000000000000fc .L0 
     /tmp/cc7TNgGK.s:171    .text:0000000000000100 .L0 
     /tmp/cc7TNgGK.s:172    .text:0000000000000104 .L0 
     /tmp/cc7TNgGK.s:174    .text:0000000000000108 .L0 
     /tmp/cc7TNgGK.s:175    .text:0000000000000108 .L0 
     /tmp/cc7TNgGK.s:177    .text:000000000000010c .L0 
     /tmp/cc7TNgGK.s:179    .text:0000000000000110 .L0 
     /tmp/cc7TNgGK.s:181    .text:0000000000000114 .L0 
     /tmp/cc7TNgGK.s:185    .bss:0000000000000000 .LANCHOR0
     /tmp/cc7TNgGK.s:188    .bss:0000000000000000 _ZL16userMainFinished
     /tmp/cc7TNgGK.s:195    .text:0000000000000114 .L0 
     /tmp/cc7TNgGK.s:28     .text:000000000000001c .L0 
     /tmp/cc7TNgGK.s:64     .text:0000000000000050 .L0 
     /tmp/cc7TNgGK.s:110    .text:0000000000000090 .L0 
     /tmp/cc7TNgGK.s:118    .text:00000000000000a4 .L0 
     /tmp/cc7TNgGK.s:154    .text:00000000000000e0 .L0 
     /tmp/cc7TNgGK.s:129    .text:00000000000000c4 .L4
     /tmp/cc7TNgGK.s:150    .text:00000000000000e0 .L5
     /tmp/cc7TNgGK.s:169    .text:0000000000000100 .L6
     /tmp/cc7TNgGK.s:143    .text:00000000000000d8 .L9
     /tmp/cc7TNgGK.s:1203   .debug_abbrev:0000000000000000 .Ldebug_abbrev0
     /tmp/cc7TNgGK.s:2257   .debug_str:00000000000005d0 .LASF107
     /tmp/cc7TNgGK.s:2155   .debug_str:00000000000002d4 .LASF108
     /tmp/cc7TNgGK.s:2099   .debug_str:0000000000000143 .LASF109
     /tmp/cc7TNgGK.s:5      .text:0000000000000000 .Ltext0
     /tmp/cc7TNgGK.s:191    .text:0000000000000114 .Letext0
     /tmp/cc7TNgGK.s:2049   .debug_line:0000000000000000 .Ldebug_line0
     /tmp/cc7TNgGK.s:2187   .debug_str:0000000000000387 .LASF0
     /tmp/cc7TNgGK.s:2197   .debug_str:00000000000003e7 .LASF1
     /tmp/cc7TNgGK.s:2169   .debug_str:0000000000000315 .LASF2
     /tmp/cc7TNgGK.s:2235   .debug_str:0000000000000528 .LASF3
     /tmp/cc7TNgGK.s:2139   .debug_str:0000000000000284 .LASF4
     /tmp/cc7TNgGK.s:2239   .debug_str:0000000000000547 .LASF5
     /tmp/cc7TNgGK.s:2071   .debug_str:000000000000007c .LASF6
     /tmp/cc7TNgGK.s:2203   .debug_str:000000000000042e .LASF7
     /tmp/cc7TNgGK.s:2185   .debug_str:0000000000000374 .LASF8
     /tmp/cc7TNgGK.s:2271   .debug_str:00000000000006cb .LASF9
     /tmp/cc7TNgGK.s:2125   .debug_str:0000000000000211 .LASF10
     /tmp/cc7TNgGK.s:2213   .debug_str:0000000000000478 .LASF11
     /tmp/cc7TNgGK.s:2263   .debug_str:00000000000006a1 .LASF12
     /tmp/cc7TNgGK.s:2075   .debug_str:000000000000008c .LASF13
     /tmp/cc7TNgGK.s:2055   .debug_str:0000000000000018 .LASF14
     /tmp/cc7TNgGK.s:2085   .debug_str:00000000000000c7 .LASF15
     /tmp/cc7TNgGK.s:2229   .debug_str:00000000000004fb .LASF16
     /tmp/cc7TNgGK.s:2101   .debug_str:0000000000000166 .LASF17
     /tmp/cc7TNgGK.s:2195   .debug_str:00000000000003e1 .LASF36
     /tmp/cc7TNgGK.s:2097   .debug_str:0000000000000137 .LASF18
     /tmp/cc7TNgGK.s:2245   .debug_str:0000000000000569 .LASF19
     /tmp/cc7TNgGK.s:2057   .debug_str:0000000000000028 .LASF20
     /tmp/cc7TNgGK.s:2119   .debug_str:00000000000001d9 .LASF22
GAS LISTING /tmp/cc7TNgGK.s 			page 9


     /tmp/cc7TNgGK.s:2241   .debug_str:0000000000000559 .LASF21
     /tmp/cc7TNgGK.s:2221   .debug_str:00000000000004c6 .LASF23
     /tmp/cc7TNgGK.s:2227   .debug_str:00000000000004f4 .LASF26
     /tmp/cc7TNgGK.s:2249   .debug_str:000000000000058a .LASF28
     /tmp/cc7TNgGK.s:2083   .debug_str:00000000000000bd .LASF24
     /tmp/cc7TNgGK.s:2133   .debug_str:0000000000000261 .LASF25
     /tmp/cc7TNgGK.s:2173   .debug_str:0000000000000331 .LASF27
     /tmp/cc7TNgGK.s:2127   .debug_str:000000000000021f .LASF29
     /tmp/cc7TNgGK.s:2051   .debug_str:0000000000000000 .LASF30
     /tmp/cc7TNgGK.s:2131   .debug_str:000000000000024d .LASF31
     /tmp/cc7TNgGK.s:2289   .debug_str:0000000000000763 .LASF32
     /tmp/cc7TNgGK.s:2237   .debug_str:000000000000052f .LASF33
     /tmp/cc7TNgGK.s:2147   .debug_str:00000000000002ab .LASF34
     /tmp/cc7TNgGK.s:2247   .debug_str:0000000000000572 .LASF35
     /tmp/cc7TNgGK.s:2067   .debug_str:0000000000000050 .LASF110
     /tmp/cc7TNgGK.s:2121   .debug_str:00000000000001ee .LASF111
     /tmp/cc7TNgGK.s:2135   .debug_str:0000000000000277 .LASF37
     /tmp/cc7TNgGK.s:2059   .debug_str:0000000000000031 .LASF112
     /tmp/cc7TNgGK.s:2259   .debug_str:0000000000000694 .LASF38
     /tmp/cc7TNgGK.s:2211   .debug_str:0000000000000472 .LASF39
     /tmp/cc7TNgGK.s:2207   .debug_str:0000000000000459 .LASF40
     /tmp/cc7TNgGK.s:2141   .debug_str:000000000000028b .LASF41
     /tmp/cc7TNgGK.s:2243   .debug_str:0000000000000560 .LASF42
     /tmp/cc7TNgGK.s:2105   .debug_str:0000000000000188 .LASF113
     /tmp/cc7TNgGK.s:2279   .debug_str:0000000000000716 .LASF43
     /tmp/cc7TNgGK.s:2233   .debug_str:0000000000000518 .LASF45
     /tmp/cc7TNgGK.s:2123   .debug_str:0000000000000201 .LASF44
     /tmp/cc7TNgGK.s:2053   .debug_str:0000000000000008 .LASF46
     /tmp/cc7TNgGK.s:2113   .debug_str:00000000000001bc .LASF47
     /tmp/cc7TNgGK.s:2285   .debug_str:0000000000000746 .LASF48
     /tmp/cc7TNgGK.s:2143   .debug_str:0000000000000293 .LASF49
     /tmp/cc7TNgGK.s:2183   .debug_str:0000000000000363 .LASF50
     /tmp/cc7TNgGK.s:2191   .debug_str:00000000000003b3 .LASF51
     /tmp/cc7TNgGK.s:2223   .debug_str:00000000000004d9 .LASF114
     /tmp/cc7TNgGK.s:2153   .debug_str:00000000000002c7 .LASF52
     /tmp/cc7TNgGK.s:2095   .debug_str:0000000000000110 .LASF53
     /tmp/cc7TNgGK.s:2171   .debug_str:0000000000000323 .LASF54
     /tmp/cc7TNgGK.s:2189   .debug_str:0000000000000394 .LASF55
     /tmp/cc7TNgGK.s:2281   .debug_str:0000000000000723 .LASF115
     /tmp/cc7TNgGK.s:2251   .debug_str:000000000000059d .LASF116
     /tmp/cc7TNgGK.s:2161   .debug_str:00000000000002ec .LASF56
     /tmp/cc7TNgGK.s:2277   .debug_str:0000000000000703 .LASF57
     /tmp/cc7TNgGK.s:2181   .debug_str:000000000000035b .LASF58
     /tmp/cc7TNgGK.s:2253   .debug_str:00000000000005b4 .LASF60
     /tmp/cc7TNgGK.s:2093   .debug_str:0000000000000109 .LASF59
     /tmp/cc7TNgGK.s:2225   .debug_str:00000000000004de .LASF61
     /tmp/cc7TNgGK.s:2267   .debug_str:00000000000006b9 .LASF62
     /tmp/cc7TNgGK.s:2205   .debug_str:0000000000000441 .LASF63
     /tmp/cc7TNgGK.s:2079   .debug_str:00000000000000ad .LASF64
     /tmp/cc7TNgGK.s:2283   .debug_str:000000000000072c .LASF65
     /tmp/cc7TNgGK.s:2151   .debug_str:00000000000002be .LASF66
     /tmp/cc7TNgGK.s:2199   .debug_str:00000000000003fa .LASF67
     /tmp/cc7TNgGK.s:2175   .debug_str:000000000000033b .LASF68
     /tmp/cc7TNgGK.s:2087   .debug_str:00000000000000d3 .LASF69
     /tmp/cc7TNgGK.s:2165   .debug_str:00000000000002fc .LASF70
     /tmp/cc7TNgGK.s:2215   .debug_str:0000000000000487 .LASF71
     /tmp/cc7TNgGK.s:2117   .debug_str:00000000000001d1 .LASF76
GAS LISTING /tmp/cc7TNgGK.s 			page 10


     /tmp/cc7TNgGK.s:2159   .debug_str:00000000000002e7 .LASF72
     /tmp/cc7TNgGK.s:2129   .debug_str:0000000000000235 .LASF73
     /tmp/cc7TNgGK.s:2115   .debug_str:00000000000001cc .LASF74
     /tmp/cc7TNgGK.s:2193   .debug_str:00000000000003ce .LASF75
     /tmp/cc7TNgGK.s:2231   .debug_str:0000000000000511 .LASF77
     /tmp/cc7TNgGK.s:2179   .debug_str:000000000000034e .LASF78
     /tmp/cc7TNgGK.s:2201   .debug_str:0000000000000412 .LASF79
     /tmp/cc7TNgGK.s:2145   .debug_str:00000000000002a6 .LASF80
     /tmp/cc7TNgGK.s:2089   .debug_str:00000000000000f3 .LASF81
     /tmp/cc7TNgGK.s:2149   .debug_str:00000000000002b6 .LASF82
     /tmp/cc7TNgGK.s:2061   .debug_str:0000000000000037 .LASF83
     /tmp/cc7TNgGK.s:2157   .debug_str:00000000000002e1 .LASF84
     /tmp/cc7TNgGK.s:2291   .debug_str:000000000000076e .LASF85
     /tmp/cc7TNgGK.s:2103   .debug_str:000000000000017c .LASF86
     /tmp/cc7TNgGK.s:2063   .debug_str:0000000000000041 .LASF87
     /tmp/cc7TNgGK.s:2177   .debug_str:0000000000000344 .LASF88
     /tmp/cc7TNgGK.s:2073   .debug_str:0000000000000083 .LASF89
     /tmp/cc7TNgGK.s:2167   .debug_str:0000000000000309 .LASF90
     /tmp/cc7TNgGK.s:2111   .debug_str:00000000000001ae .LASF117
     /tmp/cc7TNgGK.s:2273   .debug_str:00000000000006db .LASF118
     /tmp/cc7TNgGK.s:2137   .debug_str:000000000000027f .LASF119
     /tmp/cc7TNgGK.s:2261   .debug_str:000000000000069c .LASF91
     /tmp/cc7TNgGK.s:2265   .debug_str:00000000000006b0 .LASF92
     /tmp/cc7TNgGK.s:2209   .debug_str:0000000000000461 .LASF93
     /tmp/cc7TNgGK.s:2081   .debug_str:00000000000000b8 .LASF94
     /tmp/cc7TNgGK.s:49     .text:000000000000003c .LFB10
     /tmp/cc7TNgGK.s:182    .text:0000000000000114 .LFE10
     /tmp/cc7TNgGK.s:2275   .debug_str:00000000000006f8 .LASF95
     /tmp/cc7TNgGK.s:2163   .debug_str:00000000000002f1 .LASF96
     /tmp/cc7TNgGK.s:2001   .debug_loc:0000000000000000 .LLST0
     /tmp/cc7TNgGK.s:2065   .debug_str:000000000000004b .LASF97
     /tmp/cc7TNgGK.s:2008   .debug_loc:0000000000000023 .LLST1
     /tmp/cc7TNgGK.s:130    .text:00000000000000c4 .LBB13
     /tmp/cc7TNgGK.s:144    .text:00000000000000d8 .LBE13
     /tmp/cc7TNgGK.s:2018   .debug_loc:0000000000000049 .LLST3
     /tmp/cc7TNgGK.s:66     .text:0000000000000058 .LBB8
     /tmp/cc7TNgGK.s:78     .text:000000000000005c .LBE8
     /tmp/cc7TNgGK.s:80     .text:000000000000005c .LBB10
     /tmp/cc7TNgGK.s:92     .text:0000000000000064 .LBE10
     /tmp/cc7TNgGK.s:2028   .debug_loc:000000000000006f .LLST2
     /tmp/cc7TNgGK.s:101    .text:0000000000000080 .LVL5
     /tmp/cc7TNgGK.s:107    .text:0000000000000090 .LVL6
     /tmp/cc7TNgGK.s:121    .text:00000000000000b8 .LVL7
     /tmp/cc7TNgGK.s:149    .text:00000000000000e0 .LVL10
     /tmp/cc7TNgGK.s:2107   .debug_str:0000000000000190 .LASF120
     /tmp/cc7TNgGK.s:9      .text:0000000000000000 .LFB9
     /tmp/cc7TNgGK.s:43     .text:000000000000003c .LFE9
     /tmp/cc7TNgGK.s:24     .text:0000000000000018 .LVL0
     /tmp/cc7TNgGK.s:32     .text:000000000000002c .LVL1
     /tmp/cc7TNgGK.s:2255   .debug_str:00000000000005cb .LASF98
     /tmp/cc7TNgGK.s:2069   .debug_str:0000000000000057 .LASF99
     /tmp/cc7TNgGK.s:2109   .debug_str:00000000000001a0 .LASF101
     /tmp/cc7TNgGK.s:2217   .debug_str:00000000000004a4 .LASF100
     /tmp/cc7TNgGK.s:2091   .debug_str:00000000000000f9 .LASF102
     /tmp/cc7TNgGK.s:2219   .debug_str:00000000000004b9 .LASF103
     /tmp/cc7TNgGK.s:2269   .debug_str:00000000000006c2 .LASF104
     /tmp/cc7TNgGK.s:2077   .debug_str:000000000000009c .LASF105
GAS LISTING /tmp/cc7TNgGK.s 			page 11


     /tmp/cc7TNgGK.s:2287   .debug_str:0000000000000757 .LASF106
     /tmp/cc7TNgGK.s:142    .text:00000000000000d8 .LVL9
     /tmp/cc7TNgGK.s:158    .text:00000000000000ec .LVL11
     /tmp/cc7TNgGK.s:168    .text:0000000000000100 .LVL12
     /tmp/cc7TNgGK.s:132    .text:00000000000000c4 .LVL8
     /tmp/cc7TNgGK.s:75     .text:000000000000005c .LVL3
     /tmp/cc7TNgGK.s:89     .text:0000000000000064 .LVL4
     /tmp/cc7TNgGK.s:196    .debug_info:0000000000000000 .Ldebug_info0

UNDEFINED SYMBOLS
_Z8userMainv
_Z11thread_exitv
supervisorTrap
_ZN7_threadC1EPFvPvES0_S0_
_ZN7_thread8setStateENS_5StateE
_ZN7_thread7runningE
_Z13thread_createPP7_threadPFvPvES2_
_Z15thread_dispatchv
