GAS LISTING /tmp/ccQ6FJYa.s 			page 1


   1              		.file	"new.cpp"
   2              		.option pic
   3              		.option norelax
   4              		.text
   5              	.Ltext0:
   6              		.align	2
   7              		.globl	_Znwm
   9              	_Znwm:
  10              	.LFB0:
  11              		.file 1 "src/new.cpp"
   1:src/new.cpp   **** #include "../h/new.hpp"
   2:src/new.cpp   **** #include "../h/syscall_c.hpp"
   3:src/new.cpp   **** 
   4:src/new.cpp   **** void* operator new(size_t size) {
  12              		.loc 1 4 33
  13              		.cfi_startproc
  14              	.LVL0:
  15 0000 130101FF 		addi	sp,sp,-16
  16              		.cfi_def_cfa_offset 16
  17 0004 23341100 		sd	ra,8(sp)
  18 0008 23308100 		sd	s0,0(sp)
  19              		.cfi_offset 1, -8
  20              		.cfi_offset 8, -16
  21 000c 13040101 		addi	s0,sp,16
  22              		.cfi_def_cfa 8, 0
   5:src/new.cpp   ****     return mem_alloc(size);
  23              		.loc 1 5 5
  24              		.loc 1 5 21 is_stmt 0
  25 0010 97000000 		call	_Z9mem_allocm@plt
  25      E7800000 
  26              	.LVL1:
   6:src/new.cpp   **** }
  27              		.loc 1 6 1
  28 0018 83308100 		ld	ra,8(sp)
  29              		.cfi_restore 1
  30 001c 03340100 		ld	s0,0(sp)
  31              		.cfi_restore 8
  32              		.cfi_def_cfa 2, 16
  33 0020 13010101 		addi	sp,sp,16
  34              		.cfi_def_cfa_offset 0
  35 0024 67800000 		jr	ra
  36              		.cfi_endproc
  37              	.LFE0:
  39              		.align	2
  40              		.globl	_Znam
  42              	_Znam:
  43              	.LFB1:
   7:src/new.cpp   **** 
   8:src/new.cpp   **** void* operator new[](size_t size) {
  44              		.loc 1 8 35 is_stmt 1
  45              		.cfi_startproc
  46              	.LVL2:
  47 0028 130101FF 		addi	sp,sp,-16
  48              		.cfi_def_cfa_offset 16
  49 002c 23341100 		sd	ra,8(sp)
  50 0030 23308100 		sd	s0,0(sp)
  51              		.cfi_offset 1, -8
GAS LISTING /tmp/ccQ6FJYa.s 			page 2


  52              		.cfi_offset 8, -16
  53 0034 13040101 		addi	s0,sp,16
  54              		.cfi_def_cfa 8, 0
   9:src/new.cpp   ****     return mem_alloc(size);
  55              		.loc 1 9 5
  56              		.loc 1 9 21 is_stmt 0
  57 0038 97000000 		call	_Z9mem_allocm@plt
  57      E7800000 
  58              	.LVL3:
  10:src/new.cpp   **** }
  59              		.loc 1 10 1
  60 0040 83308100 		ld	ra,8(sp)
  61              		.cfi_restore 1
  62 0044 03340100 		ld	s0,0(sp)
  63              		.cfi_restore 8
  64              		.cfi_def_cfa 2, 16
  65 0048 13010101 		addi	sp,sp,16
  66              		.cfi_def_cfa_offset 0
  67 004c 67800000 		jr	ra
  68              		.cfi_endproc
  69              	.LFE1:
  71              		.align	2
  72              		.globl	_ZdlPv
  74              	_ZdlPv:
  75              	.LFB2:
  11:src/new.cpp   **** 
  12:src/new.cpp   **** void operator delete(void* ptr) {
  76              		.loc 1 12 33 is_stmt 1
  77              		.cfi_startproc
  78              	.LVL4:
  79 0050 130101FF 		addi	sp,sp,-16
  80              		.cfi_def_cfa_offset 16
  81 0054 23341100 		sd	ra,8(sp)
  82 0058 23308100 		sd	s0,0(sp)
  83              		.cfi_offset 1, -8
  84              		.cfi_offset 8, -16
  85 005c 13040101 		addi	s0,sp,16
  86              		.cfi_def_cfa 8, 0
  13:src/new.cpp   ****     mem_free(ptr);
  87              		.loc 1 13 5
  88              		.loc 1 13 13 is_stmt 0
  89 0060 97000000 		call	_Z8mem_freePv@plt
  89      E7800000 
  90              	.LVL5:
  14:src/new.cpp   **** }
  91              		.loc 1 14 1
  92 0068 83308100 		ld	ra,8(sp)
  93              		.cfi_restore 1
  94 006c 03340100 		ld	s0,0(sp)
  95              		.cfi_restore 8
  96              		.cfi_def_cfa 2, 16
  97 0070 13010101 		addi	sp,sp,16
  98              		.cfi_def_cfa_offset 0
  99 0074 67800000 		jr	ra
 100              		.cfi_endproc
 101              	.LFE2:
 103              		.align	2
GAS LISTING /tmp/ccQ6FJYa.s 			page 3


 104              		.globl	_ZdaPv
 106              	_ZdaPv:
 107              	.LFB3:
  15:src/new.cpp   **** 
  16:src/new.cpp   **** void operator delete[](void* ptr) {
 108              		.loc 1 16 35 is_stmt 1
 109              		.cfi_startproc
 110              	.LVL6:
 111 0078 130101FF 		addi	sp,sp,-16
 112              		.cfi_def_cfa_offset 16
 113 007c 23341100 		sd	ra,8(sp)
 114 0080 23308100 		sd	s0,0(sp)
 115              		.cfi_offset 1, -8
 116              		.cfi_offset 8, -16
 117 0084 13040101 		addi	s0,sp,16
 118              		.cfi_def_cfa 8, 0
  17:src/new.cpp   ****     mem_free(ptr);
 119              		.loc 1 17 5
 120              		.loc 1 17 13 is_stmt 0
 121 0088 97000000 		call	_Z8mem_freePv@plt
 121      E7800000 
 122              	.LVL7:
  18:src/new.cpp   **** }...
 123              		.loc 1 18 1
 124 0090 83308100 		ld	ra,8(sp)
 125              		.cfi_restore 1
 126 0094 03340100 		ld	s0,0(sp)
 127              		.cfi_restore 8
 128              		.cfi_def_cfa 2, 16
 129 0098 13010101 		addi	sp,sp,16
 130              		.cfi_def_cfa_offset 0
 131 009c 67800000 		jr	ra
 132              		.cfi_endproc
 133              	.LFE3:
 135              	.Letext0:
 136              		.file 2 "src/../h/../lib/hw.h"
 137              		.file 3 "src/../h/syscall_c.hpp"
GAS LISTING /tmp/ccQ6FJYa.s 			page 4


DEFINED SYMBOLS
                            *ABS*:0000000000000000 new.cpp
     /tmp/ccQ6FJYa.s:9      .text:0000000000000000 _Znwm
     /tmp/ccQ6FJYa.s:13     .text:0000000000000000 .L0 
     /tmp/ccQ6FJYa.s:15     .text:0000000000000000 .L0 
     /tmp/ccQ6FJYa.s:16     .text:0000000000000004 .L0 
     /tmp/ccQ6FJYa.s:19     .text:000000000000000c .L0 
     /tmp/ccQ6FJYa.s:20     .text:000000000000000c .L0 
     /tmp/ccQ6FJYa.s:22     .text:0000000000000010 .L0 
     /tmp/ccQ6FJYa.s:24     .text:0000000000000010 .L0 
     /tmp/ccQ6FJYa.s:25     .text:0000000000000010 .L0 
     /tmp/ccQ6FJYa.s:28     .text:0000000000000018 .L0 
     /tmp/ccQ6FJYa.s:29     .text:000000000000001c .L0 
     /tmp/ccQ6FJYa.s:31     .text:0000000000000020 .L0 
     /tmp/ccQ6FJYa.s:32     .text:0000000000000020 .L0 
     /tmp/ccQ6FJYa.s:34     .text:0000000000000024 .L0 
     /tmp/ccQ6FJYa.s:36     .text:0000000000000028 .L0 
     /tmp/ccQ6FJYa.s:42     .text:0000000000000028 _Znam
     /tmp/ccQ6FJYa.s:45     .text:0000000000000028 .L0 
     /tmp/ccQ6FJYa.s:47     .text:0000000000000028 .L0 
     /tmp/ccQ6FJYa.s:48     .text:000000000000002c .L0 
     /tmp/ccQ6FJYa.s:51     .text:0000000000000034 .L0 
     /tmp/ccQ6FJYa.s:52     .text:0000000000000034 .L0 
     /tmp/ccQ6FJYa.s:54     .text:0000000000000038 .L0 
     /tmp/ccQ6FJYa.s:56     .text:0000000000000038 .L0 
     /tmp/ccQ6FJYa.s:57     .text:0000000000000038 .L0 
     /tmp/ccQ6FJYa.s:60     .text:0000000000000040 .L0 
     /tmp/ccQ6FJYa.s:61     .text:0000000000000044 .L0 
     /tmp/ccQ6FJYa.s:63     .text:0000000000000048 .L0 
     /tmp/ccQ6FJYa.s:64     .text:0000000000000048 .L0 
     /tmp/ccQ6FJYa.s:66     .text:000000000000004c .L0 
     /tmp/ccQ6FJYa.s:68     .text:0000000000000050 .L0 
     /tmp/ccQ6FJYa.s:74     .text:0000000000000050 _ZdlPv
     /tmp/ccQ6FJYa.s:77     .text:0000000000000050 .L0 
     /tmp/ccQ6FJYa.s:79     .text:0000000000000050 .L0 
     /tmp/ccQ6FJYa.s:80     .text:0000000000000054 .L0 
     /tmp/ccQ6FJYa.s:83     .text:000000000000005c .L0 
     /tmp/ccQ6FJYa.s:84     .text:000000000000005c .L0 
     /tmp/ccQ6FJYa.s:86     .text:0000000000000060 .L0 
     /tmp/ccQ6FJYa.s:88     .text:0000000000000060 .L0 
     /tmp/ccQ6FJYa.s:89     .text:0000000000000060 .L0 
     /tmp/ccQ6FJYa.s:92     .text:0000000000000068 .L0 
     /tmp/ccQ6FJYa.s:93     .text:000000000000006c .L0 
     /tmp/ccQ6FJYa.s:95     .text:0000000000000070 .L0 
     /tmp/ccQ6FJYa.s:96     .text:0000000000000070 .L0 
     /tmp/ccQ6FJYa.s:98     .text:0000000000000074 .L0 
     /tmp/ccQ6FJYa.s:100    .text:0000000000000078 .L0 
     /tmp/ccQ6FJYa.s:106    .text:0000000000000078 _ZdaPv
     /tmp/ccQ6FJYa.s:109    .text:0000000000000078 .L0 
     /tmp/ccQ6FJYa.s:111    .text:0000000000000078 .L0 
     /tmp/ccQ6FJYa.s:112    .text:000000000000007c .L0 
     /tmp/ccQ6FJYa.s:115    .text:0000000000000084 .L0 
     /tmp/ccQ6FJYa.s:116    .text:0000000000000084 .L0 
     /tmp/ccQ6FJYa.s:118    .text:0000000000000088 .L0 
     /tmp/ccQ6FJYa.s:120    .text:0000000000000088 .L0 
     /tmp/ccQ6FJYa.s:121    .text:0000000000000088 .L0 
     /tmp/ccQ6FJYa.s:124    .text:0000000000000090 .L0 
GAS LISTING /tmp/ccQ6FJYa.s 			page 5


     /tmp/ccQ6FJYa.s:125    .text:0000000000000094 .L0 
     /tmp/ccQ6FJYa.s:127    .text:0000000000000098 .L0 
     /tmp/ccQ6FJYa.s:128    .text:0000000000000098 .L0 
     /tmp/ccQ6FJYa.s:130    .text:000000000000009c .L0 
     /tmp/ccQ6FJYa.s:132    .text:00000000000000a0 .L0 
     /tmp/ccQ6FJYa.s:138    .text:00000000000000a0 .L0 
     /tmp/ccQ6FJYa.s:411    .debug_abbrev:0000000000000000 .Ldebug_abbrev0
     /tmp/ccQ6FJYa.s:813    .debug_str:0000000000000161 .LASF30
     /tmp/ccQ6FJYa.s:819    .debug_str:000000000000023b .LASF31
     /tmp/ccQ6FJYa.s:783    .debug_str:000000000000006a .LASF32
     /tmp/ccQ6FJYa.s:5      .text:0000000000000000 .Ltext0
     /tmp/ccQ6FJYa.s:135    .text:00000000000000a0 .Letext0
     /tmp/ccQ6FJYa.s:765    .debug_line:0000000000000000 .Ldebug_line0
     /tmp/ccQ6FJYa.s:769    .debug_str:0000000000000010 .LASF0
     /tmp/ccQ6FJYa.s:811    .debug_str:000000000000014e .LASF1
     /tmp/ccQ6FJYa.s:795    .debug_str:00000000000000c9 .LASF2
     /tmp/ccQ6FJYa.s:787    .debug_str:00000000000000a0 .LASF4
     /tmp/ccQ6FJYa.s:781    .debug_str:0000000000000058 .LASF3
     /tmp/ccQ6FJYa.s:775    .debug_str:000000000000003a .LASF5
     /tmp/ccQ6FJYa.s:785    .debug_str:000000000000008d .LASF6
     /tmp/ccQ6FJYa.s:809    .debug_str:000000000000013b .LASF7
     /tmp/ccQ6FJYa.s:825    .debug_str:0000000000000252 .LASF8
     /tmp/ccQ6FJYa.s:771    .debug_str:000000000000001d .LASF9
     /tmp/ccQ6FJYa.s:773    .debug_str:000000000000002b .LASF10
     /tmp/ccQ6FJYa.s:815    .debug_str:0000000000000225 .LASF11
     /tmp/ccQ6FJYa.s:777    .debug_str:0000000000000041 .LASF12
     /tmp/ccQ6FJYa.s:829    .debug_str:000000000000026c .LASF13
     /tmp/ccQ6FJYa.s:793    .debug_str:00000000000000bd .LASF14
     /tmp/ccQ6FJYa.s:805    .debug_str:0000000000000117 .LASF15
     /tmp/ccQ6FJYa.s:801    .debug_str:00000000000000f3 .LASF16
     /tmp/ccQ6FJYa.s:799    .debug_str:00000000000000e0 .LASF17
     /tmp/ccQ6FJYa.s:817    .debug_str:0000000000000234 .LASF19
     /tmp/ccQ6FJYa.s:107    .text:0000000000000078 .LFB3
     /tmp/ccQ6FJYa.s:133    .text:00000000000000a0 .LFE3
     /tmp/ccQ6FJYa.s:696    .debug_loc:0000000000000000 .LLST3
     /tmp/ccQ6FJYa.s:122    .text:0000000000000090 .LVL7
     /tmp/ccQ6FJYa.s:791    .debug_str:00000000000000ad .LASF18
     /tmp/ccQ6FJYa.s:779    .debug_str:0000000000000051 .LASF20
     /tmp/ccQ6FJYa.s:75     .text:0000000000000050 .LFB2
     /tmp/ccQ6FJYa.s:101    .text:0000000000000078 .LFE2
     /tmp/ccQ6FJYa.s:710    .debug_loc:0000000000000039 .LLST2
     /tmp/ccQ6FJYa.s:90     .text:0000000000000068 .LVL5
     /tmp/ccQ6FJYa.s:767    .debug_str:0000000000000000 .LASF22
     /tmp/ccQ6FJYa.s:823    .debug_str:000000000000024c .LASF24
     /tmp/ccQ6FJYa.s:43     .text:0000000000000028 .LFB1
     /tmp/ccQ6FJYa.s:69     .text:0000000000000050 .LFE1
     /tmp/ccQ6FJYa.s:821    .debug_str:0000000000000247 .LASF21
     /tmp/ccQ6FJYa.s:724    .debug_loc:0000000000000072 .LLST1
     /tmp/ccQ6FJYa.s:58     .text:0000000000000040 .LVL3
     /tmp/ccQ6FJYa.s:831    .debug_str:000000000000027c .LASF23
     /tmp/ccQ6FJYa.s:789    .debug_str:00000000000000a7 .LASF25
     /tmp/ccQ6FJYa.s:10     .text:0000000000000000 .LFB0
     /tmp/ccQ6FJYa.s:37     .text:0000000000000028 .LFE0
     /tmp/ccQ6FJYa.s:738    .debug_loc:00000000000000ab .LLST0
     /tmp/ccQ6FJYa.s:26     .text:0000000000000018 .LVL1
     /tmp/ccQ6FJYa.s:803    .debug_str:0000000000000109 .LASF26
     /tmp/ccQ6FJYa.s:797    .debug_str:00000000000000d7 .LASF28
GAS LISTING /tmp/ccQ6FJYa.s 			page 6


     /tmp/ccQ6FJYa.s:807    .debug_str:000000000000012d .LASF27
     /tmp/ccQ6FJYa.s:827    .debug_str:0000000000000262 .LASF29
     /tmp/ccQ6FJYa.s:110    .text:0000000000000078 .LVL6
     /tmp/ccQ6FJYa.s:78     .text:0000000000000050 .LVL4
     /tmp/ccQ6FJYa.s:46     .text:0000000000000028 .LVL2
     /tmp/ccQ6FJYa.s:14     .text:0000000000000000 .LVL0
     /tmp/ccQ6FJYa.s:139    .debug_info:0000000000000000 .Ldebug_info0

UNDEFINED SYMBOLS
_Z9mem_allocm
_Z8mem_freePv
