GAS LISTING /tmp/ccJVfPBj.s 			page 1


   1              		.file	"Semaphore.cpp"
   2              		.option pic
   3              		.option norelax
   4              		.text
   5              	.Ltext0:
   6              		.align	2
   8              	_ZL23blocksForBytesSemaphorem:
   9              	.LFB0:
  10              		.file 1 "src/Semaphore.cpp"
   1:src/Semaphore.cpp **** #include "../h/Semaphore.hpp"
   2:src/Semaphore.cpp **** #include "../h/Thread.hpp"
   3:src/Semaphore.cpp **** #include "../h/Scheduler.hpp"
   4:src/Semaphore.cpp **** #include "../h/MemoryAllocator.hpp"
   5:src/Semaphore.cpp **** 
   6:src/Semaphore.cpp **** static size_t blocksForBytesSemaphore(size_t bytes) {
  11              		.loc 1 6 53
  12              		.cfi_startproc
  13              	.LVL0:
  14 0000 130101FF 		addi	sp,sp,-16
  15              		.cfi_def_cfa_offset 16
  16 0004 23348100 		sd	s0,8(sp)
  17              		.cfi_offset 8, -8
  18 0008 13040101 		addi	s0,sp,16
  19              		.cfi_def_cfa 8, 0
   7:src/Semaphore.cpp ****     return (bytes + MEM_BLOCK_SIZE - 1) / MEM_BLOCK_SIZE;
  20              		.loc 1 7 5
  21              		.loc 1 7 36 is_stmt 0
  22 000c 1305F503 		addi	a0,a0,63
  23              	.LVL1:
   8:src/Semaphore.cpp **** }
  24              		.loc 1 8 1
  25 0010 13556500 		srli	a0,a0,6
  26              	.LVL2:
  27 0014 03348100 		ld	s0,8(sp)
  28              		.cfi_restore 8
  29              		.cfi_def_cfa 2, 16
  30 0018 13010101 		addi	sp,sp,16
  31              		.cfi_def_cfa_offset 0
  32 001c 67800000 		jr	ra
  33              		.cfi_endproc
  34              	.LFE0:
  36              		.align	2
  37              		.globl	_ZN4_semnwEm
  39              	_ZN4_semnwEm:
  40              	.LFB1:
   9:src/Semaphore.cpp **** 
  10:src/Semaphore.cpp **** void* _sem::operator new(size_t size) {
  41              		.loc 1 10 39 is_stmt 1
  42              		.cfi_startproc
  43              	.LVL3:
  44 0020 130101FE 		addi	sp,sp,-32
  45              		.cfi_def_cfa_offset 32
  46 0024 233C1100 		sd	ra,24(sp)
  47 0028 23388100 		sd	s0,16(sp)
  48 002c 23349100 		sd	s1,8(sp)
  49 0030 23302101 		sd	s2,0(sp)
  50              		.cfi_offset 1, -8
GAS LISTING /tmp/ccJVfPBj.s 			page 2


  51              		.cfi_offset 8, -16
  52              		.cfi_offset 9, -24
  53              		.cfi_offset 18, -32
  54 0034 13040102 		addi	s0,sp,32
  55              		.cfi_def_cfa 8, 0
  56 0038 13090500 		mv	s2,a0
  11:src/Semaphore.cpp ****     return MemoryAllocator::getInstance().malloc(blocksForBytesSemaphore(size));
  57              		.loc 1 11 5
  58              		.loc 1 11 41 is_stmt 0
  59 003c 97000000 		call	_ZN15MemoryAllocator11getInstanceEv@plt
  59      E7800000 
  60              	.LVL4:
  61 0044 93040500 		mv	s1,a0
  62              		.loc 1 11 49
  63 0048 13050900 		mv	a0,s2
  64 004c 97000000 		call	_ZL23blocksForBytesSemaphorem
  64      E7800000 
  65              	.LVL5:
  66 0054 93050500 		mv	a1,a0
  67 0058 13850400 		mv	a0,s1
  68 005c 97000000 		call	_ZN15MemoryAllocator6mallocEm@plt
  68      E7800000 
  69              	.LVL6:
  12:src/Semaphore.cpp **** }
  70              		.loc 1 12 1
  71 0064 83308101 		ld	ra,24(sp)
  72              		.cfi_restore 1
  73 0068 03340101 		ld	s0,16(sp)
  74              		.cfi_restore 8
  75              		.cfi_def_cfa 2, 32
  76 006c 83348100 		ld	s1,8(sp)
  77              		.cfi_restore 9
  78 0070 03390100 		ld	s2,0(sp)
  79              		.cfi_restore 18
  80              	.LVL7:
  81 0074 13010102 		addi	sp,sp,32
  82              		.cfi_def_cfa_offset 0
  83 0078 67800000 		jr	ra
  84              		.cfi_endproc
  85              	.LFE1:
  87              		.align	2
  88              		.globl	_ZN4_semdlEPv
  90              	_ZN4_semdlEPv:
  91              	.LFB2:
  13:src/Semaphore.cpp **** 
  14:src/Semaphore.cpp **** void _sem::operator delete(void* ptr) {
  92              		.loc 1 14 39 is_stmt 1
  93              		.cfi_startproc
  94              	.LVL8:
  15:src/Semaphore.cpp ****     if (ptr == nullptr) {
  95              		.loc 1 15 5
  96 007c 63020504 		beqz	a0,.L8
  14:src/Semaphore.cpp ****     if (ptr == nullptr) {
  97              		.loc 1 14 39 is_stmt 0
  98 0080 130101FE 		addi	sp,sp,-32
  99              		.cfi_def_cfa_offset 32
 100 0084 233C1100 		sd	ra,24(sp)
GAS LISTING /tmp/ccJVfPBj.s 			page 3


 101 0088 23388100 		sd	s0,16(sp)
 102 008c 23349100 		sd	s1,8(sp)
 103              		.cfi_offset 1, -8
 104              		.cfi_offset 8, -16
 105              		.cfi_offset 9, -24
 106 0090 13040102 		addi	s0,sp,32
 107              		.cfi_def_cfa 8, 0
 108 0094 93040500 		mv	s1,a0
  16:src/Semaphore.cpp ****         return;
  17:src/Semaphore.cpp ****     }
  18:src/Semaphore.cpp **** 
  19:src/Semaphore.cpp ****     MemoryAllocator::getInstance().free(ptr);
 109              		.loc 1 19 5 is_stmt 1
 110              		.loc 1 19 34 is_stmt 0
 111 0098 97000000 		call	_ZN15MemoryAllocator11getInstanceEv@plt
 111      E7800000 
 112              	.LVL9:
 113              		.loc 1 19 40
 114 00a0 93850400 		mv	a1,s1
 115 00a4 97000000 		call	_ZN15MemoryAllocator4freeEPv@plt
 115      E7800000 
 116              	.LVL10:
  20:src/Semaphore.cpp **** }
 117              		.loc 1 20 1
 118 00ac 83308101 		ld	ra,24(sp)
 119              		.cfi_restore 1
 120 00b0 03340101 		ld	s0,16(sp)
 121              		.cfi_restore 8
 122              		.cfi_def_cfa 2, 32
 123 00b4 83348100 		ld	s1,8(sp)
 124              		.cfi_restore 9
 125              	.LVL11:
 126 00b8 13010102 		addi	sp,sp,32
 127              		.cfi_def_cfa_offset 0
 128 00bc 67800000 		jr	ra
 129              	.LVL12:
 130              	.L8:
 131 00c0 67800000 		ret
 132              		.cfi_endproc
 133              	.LFE2:
 135              		.align	2
 136              		.globl	_ZN4_semC2Ej
 138              	_ZN4_semC2Ej:
 139              	.LFB4:
  21:src/Semaphore.cpp **** 
  22:src/Semaphore.cpp **** _sem::_sem(unsigned init) {
 140              		.loc 1 22 1 is_stmt 1
 141              		.cfi_startproc
 142              	.LVL13:
 143 00c4 130101FF 		addi	sp,sp,-16
 144              		.cfi_def_cfa_offset 16
 145 00c8 23348100 		sd	s0,8(sp)
 146              		.cfi_offset 8, -8
 147 00cc 13040101 		addi	s0,sp,16
 148              		.cfi_def_cfa 8, 0
 149              	.LBB2:
  23:src/Semaphore.cpp ****     val = (int)init;
GAS LISTING /tmp/ccJVfPBj.s 			page 4


 150              		.loc 1 23 5
 151              		.loc 1 23 9 is_stmt 0
 152 00d0 2320B500 		sw	a1,0(a0)
  24:src/Semaphore.cpp ****     closed = false;
 153              		.loc 1 24 5 is_stmt 1
 154              		.loc 1 24 12 is_stmt 0
 155 00d4 23020500 		sb	zero,4(a0)
  25:src/Semaphore.cpp ****     head = nullptr;
 156              		.loc 1 25 5 is_stmt 1
 157              		.loc 1 25 10 is_stmt 0
 158 00d8 23340500 		sd	zero,8(a0)
  26:src/Semaphore.cpp ****     tail = nullptr;
 159              		.loc 1 26 5 is_stmt 1
 160              		.loc 1 26 10 is_stmt 0
 161 00dc 23380500 		sd	zero,16(a0)
 162              	.LBE2:
  27:src/Semaphore.cpp **** }
 163              		.loc 1 27 1
 164 00e0 03348100 		ld	s0,8(sp)
 165              		.cfi_restore 8
 166              		.cfi_def_cfa 2, 16
 167 00e4 13010101 		addi	sp,sp,16
 168              		.cfi_def_cfa_offset 0
 169 00e8 67800000 		jr	ra
 170              		.cfi_endproc
 171              	.LFE4:
 173              		.globl	_ZN4_semC1Ej
 174              		.set	_ZN4_semC1Ej,_ZN4_semC2Ej
 175              		.align	2
 176              		.globl	_ZN4_sem15createSemaphoreEj
 178              	_ZN4_sem15createSemaphoreEj:
 179              	.LFB6:
  28:src/Semaphore.cpp **** 
  29:src/Semaphore.cpp **** _sem* _sem::createSemaphore(unsigned init) {
 180              		.loc 1 29 44 is_stmt 1
 181              		.cfi_startproc
 182              	.LVL14:
 183 00ec 130101FE 		addi	sp,sp,-32
 184              		.cfi_def_cfa_offset 32
 185 00f0 233C1100 		sd	ra,24(sp)
 186 00f4 23388100 		sd	s0,16(sp)
 187 00f8 23349100 		sd	s1,8(sp)
 188 00fc 23302101 		sd	s2,0(sp)
 189              		.cfi_offset 1, -8
 190              		.cfi_offset 8, -16
 191              		.cfi_offset 9, -24
 192              		.cfi_offset 18, -32
 193 0100 13040102 		addi	s0,sp,32
 194              		.cfi_def_cfa 8, 0
 195 0104 13090500 		mv	s2,a0
  30:src/Semaphore.cpp ****     return new _sem(init);
 196              		.loc 1 30 5
 197              		.loc 1 30 25 is_stmt 0
 198 0108 13058001 		li	a0,24
 199              	.LVL15:
 200 010c 97000000 		call	_ZN4_semnwEm
 200      E7800000 
GAS LISTING /tmp/ccJVfPBj.s 			page 5


 201              	.LVL16:
 202 0114 93040500 		mv	s1,a0
 203 0118 93050900 		mv	a1,s2
 204 011c 97000000 		call	_ZN4_semC1Ej
 204      E7800000 
 205              	.LVL17:
  31:src/Semaphore.cpp **** }
 206              		.loc 1 31 1
 207 0124 13850400 		mv	a0,s1
 208 0128 83308101 		ld	ra,24(sp)
 209              		.cfi_restore 1
 210 012c 03340101 		ld	s0,16(sp)
 211              		.cfi_restore 8
 212              		.cfi_def_cfa 2, 32
 213 0130 83348100 		ld	s1,8(sp)
 214              		.cfi_restore 9
 215 0134 03390100 		ld	s2,0(sp)
 216              		.cfi_restore 18
 217 0138 13010102 		addi	sp,sp,32
 218              		.cfi_def_cfa_offset 0
 219 013c 67800000 		jr	ra
 220              		.cfi_endproc
 221              	.LFE6:
 223              		.align	2
 224              		.globl	_ZN4_sem16destroySemaphoreEPS_
 226              	_ZN4_sem16destroySemaphoreEPS_:
 227              	.LFB7:
  32:src/Semaphore.cpp **** 
  33:src/Semaphore.cpp **** int _sem::destroySemaphore(_sem* sem) {
 228              		.loc 1 33 39 is_stmt 1
 229              		.cfi_startproc
 230              	.LVL18:
  34:src/Semaphore.cpp ****     if (sem == nullptr) {
 231              		.loc 1 34 5
 232 0140 63080502 		beqz	a0,.L17
  33:src/Semaphore.cpp ****     if (sem == nullptr) {
 233              		.loc 1 33 39 is_stmt 0 discriminator 1
 234 0144 130101FF 		addi	sp,sp,-16
 235              		.cfi_def_cfa_offset 16
 236 0148 23341100 		sd	ra,8(sp)
 237 014c 23308100 		sd	s0,0(sp)
 238              		.cfi_offset 1, -8
 239              		.cfi_offset 8, -16
 240 0150 13040101 		addi	s0,sp,16
 241              		.cfi_def_cfa 8, 0
  35:src/Semaphore.cpp ****         return -1;
  36:src/Semaphore.cpp ****     }
  37:src/Semaphore.cpp **** 
  38:src/Semaphore.cpp ****     delete sem;
 242              		.loc 1 38 5 is_stmt 1 discriminator 1
 243              		.loc 1 38 12 is_stmt 0 discriminator 1
 244 0154 97000000 		call	_ZN4_semdlEPv
 244      E7800000 
 245              	.LVL19:
  39:src/Semaphore.cpp ****     return 0;
 246              		.loc 1 39 5 is_stmt 1 discriminator 1
 247              		.loc 1 39 12 is_stmt 0 discriminator 1
GAS LISTING /tmp/ccJVfPBj.s 			page 6


 248 015c 13050000 		li	a0,0
  40:src/Semaphore.cpp **** }
 249              		.loc 1 40 1 discriminator 1
 250 0160 83308100 		ld	ra,8(sp)
 251              		.cfi_restore 1
 252 0164 03340100 		ld	s0,0(sp)
 253              		.cfi_restore 8
 254              		.cfi_def_cfa 2, 16
 255 0168 13010101 		addi	sp,sp,16
 256              		.cfi_def_cfa_offset 0
 257 016c 67800000 		jr	ra
 258              	.LVL20:
 259              	.L17:
  35:src/Semaphore.cpp ****         return -1;
 260              		.loc 1 35 17
 261 0170 1305F0FF 		li	a0,-1
 262              	.LVL21:
 263              		.loc 1 40 1
 264 0174 67800000 		ret
 265              		.cfi_endproc
 266              	.LFE7:
 268              		.align	2
 269              		.globl	_ZN4_sem5blockEPNS_11BlockedNodeE
 271              	_ZN4_sem5blockEPNS_11BlockedNodeE:
 272              	.LFB13:
  41:src/Semaphore.cpp **** 
  42:src/Semaphore.cpp **** int _sem::close() {
  43:src/Semaphore.cpp ****     if (closed) {
  44:src/Semaphore.cpp ****         return -1;
  45:src/Semaphore.cpp ****     }
  46:src/Semaphore.cpp **** 
  47:src/Semaphore.cpp ****     closed = true;
  48:src/Semaphore.cpp **** 
  49:src/Semaphore.cpp ****     unblockAll();
  50:src/Semaphore.cpp **** 
  51:src/Semaphore.cpp ****     return 0;
  52:src/Semaphore.cpp **** }
  53:src/Semaphore.cpp **** 
  54:src/Semaphore.cpp **** int _sem::wait() {
  55:src/Semaphore.cpp ****     return waitN(1);
  56:src/Semaphore.cpp **** }
  57:src/Semaphore.cpp **** 
  58:src/Semaphore.cpp **** int _sem::signal() {
  59:src/Semaphore.cpp ****     return signalN(1);
  60:src/Semaphore.cpp **** }
  61:src/Semaphore.cpp **** 
  62:src/Semaphore.cpp **** int _sem::waitN(unsigned n) {
  63:src/Semaphore.cpp ****     if (_thread::running == nullptr) {
  64:src/Semaphore.cpp ****         return -1;
  65:src/Semaphore.cpp ****     }
  66:src/Semaphore.cpp ****     if (closed) {
  67:src/Semaphore.cpp ****         return -1;
  68:src/Semaphore.cpp ****     }
  69:src/Semaphore.cpp **** 
  70:src/Semaphore.cpp ****     if (n == 0) {
  71:src/Semaphore.cpp ****         return 0;
  72:src/Semaphore.cpp ****     }
GAS LISTING /tmp/ccJVfPBj.s 			page 7


  73:src/Semaphore.cpp **** 
  74:src/Semaphore.cpp ****     if (head == nullptr && val >= (int)n) {//nema blokiranih niti i ima dovoljno resursa
  75:src/Semaphore.cpp ****         val -= (int)n;
  76:src/Semaphore.cpp ****         return 0;
  77:src/Semaphore.cpp ****     }
  78:src/Semaphore.cpp **** 
  79:src/Semaphore.cpp ****     BlockedNode node;
  80:src/Semaphore.cpp **** 
  81:src/Semaphore.cpp ****     node.thread = _thread::running;
  82:src/Semaphore.cpp ****     node.requested = n;
  83:src/Semaphore.cpp ****     node.status = 0;
  84:src/Semaphore.cpp ****     node.next = nullptr;
  85:src/Semaphore.cpp **** 
  86:src/Semaphore.cpp ****     block(&node);
  87:src/Semaphore.cpp **** 
  88:src/Semaphore.cpp ****     _thread::running->setState(_thread::BLOCKED);
  89:src/Semaphore.cpp **** 
  90:src/Semaphore.cpp ****     _thread::dispatch();
  91:src/Semaphore.cpp **** 
  92:src/Semaphore.cpp ****     return node.status;
  93:src/Semaphore.cpp **** }
  94:src/Semaphore.cpp **** 
  95:src/Semaphore.cpp **** int _sem::signalN(unsigned n) {
  96:src/Semaphore.cpp ****     if (closed) {
  97:src/Semaphore.cpp ****         return -1;
  98:src/Semaphore.cpp ****     }
  99:src/Semaphore.cpp **** 
 100:src/Semaphore.cpp ****     if (n == 0) {
 101:src/Semaphore.cpp ****         return 0;
 102:src/Semaphore.cpp ****     }
 103:src/Semaphore.cpp **** 
 104:src/Semaphore.cpp ****     val += (int)n;
 105:src/Semaphore.cpp **** 
 106:src/Semaphore.cpp ****     unblockReady();
 107:src/Semaphore.cpp **** 
 108:src/Semaphore.cpp ****     return 0;
 109:src/Semaphore.cpp **** }
 110:src/Semaphore.cpp **** 
 111:src/Semaphore.cpp **** void _sem::block(BlockedNode* node) {
 273              		.loc 1 111 37 is_stmt 1
 274              		.cfi_startproc
 275              	.LVL22:
 112:src/Semaphore.cpp ****     if (node == nullptr) {
 276              		.loc 1 112 5
 277 0178 6386050E 		beqz	a1,.L29
 111:src/Semaphore.cpp ****     if (node == nullptr) {
 278              		.loc 1 111 37 is_stmt 0
 279 017c 130101FC 		addi	sp,sp,-64
 280              		.cfi_def_cfa_offset 64
 281 0180 233C1102 		sd	ra,56(sp)
 282 0184 23388102 		sd	s0,48(sp)
 283 0188 23349102 		sd	s1,40(sp)
 284 018c 23302103 		sd	s2,32(sp)
 285 0190 233C3101 		sd	s3,24(sp)
 286 0194 23384101 		sd	s4,16(sp)
 287 0198 23345101 		sd	s5,8(sp)
 288              		.cfi_offset 1, -8
GAS LISTING /tmp/ccJVfPBj.s 			page 8


 289              		.cfi_offset 8, -16
 290              		.cfi_offset 9, -24
 291              		.cfi_offset 18, -32
 292              		.cfi_offset 19, -40
 293              		.cfi_offset 20, -48
 294              		.cfi_offset 21, -56
 295 019c 13040104 		addi	s0,sp,64
 296              		.cfi_def_cfa 8, 0
 297 01a0 930A0500 		mv	s5,a0
 298 01a4 93890500 		mv	s3,a1
 113:src/Semaphore.cpp ****         return;
 114:src/Semaphore.cpp ****     }
 115:src/Semaphore.cpp **** 
 116:src/Semaphore.cpp ****     node->next = nullptr;
 299              		.loc 1 116 5 is_stmt 1
 300              		.loc 1 116 16 is_stmt 0
 301 01a8 23B80500 		sd	zero,16(a1)
 117:src/Semaphore.cpp **** 
 118:src/Semaphore.cpp ****     if (head == nullptr) {
 302              		.loc 1 118 5 is_stmt 1
 303              		.loc 1 118 9 is_stmt 0
 304 01ac 83378500 		ld	a5,8(a0)
 305              		.loc 1 118 5
 306 01b0 63800706 		beqz	a5,.L32
 119:src/Semaphore.cpp ****         head = node;
 120:src/Semaphore.cpp ****         tail = node;
 121:src/Semaphore.cpp ****         return;
 122:src/Semaphore.cpp ****     }
 123:src/Semaphore.cpp ****     if (node->thread->getId() < head->thread->getId()) {
 307              		.loc 1 123 5 is_stmt 1
 308              		.loc 1 123 28 is_stmt 0
 309 01b4 03B50500 		ld	a0,0(a1)
 310              	.LVL23:
 311 01b8 97000000 		call	_ZN7_thread5getIdEv@plt
 311      E7800000 
 312              	.LVL24:
 313 01c0 93040500 		mv	s1,a0
 314              		.loc 1 123 33
 315 01c4 83B78A00 		ld	a5,8(s5)
 316              		.loc 1 123 52
 317 01c8 03B50700 		ld	a0,0(a5)
 318 01cc 97000000 		call	_ZN7_thread5getIdEv@plt
 318      E7800000 
 319              	.LVL25:
 320              		.loc 1 123 5
 321 01d4 63C4A404 		blt	s1,a0,.L33
 124:src/Semaphore.cpp ****         node->next = head;
 125:src/Semaphore.cpp ****         head = node;
 126:src/Semaphore.cpp ****         return;
 127:src/Semaphore.cpp ****     }
 128:src/Semaphore.cpp **** 
 129:src/Semaphore.cpp ****     BlockedNode* prev = head;
 322              		.loc 1 129 5 is_stmt 1
 323              		.loc 1 129 18 is_stmt 0
 324 01d8 03BA8A00 		ld	s4,8(s5)
 325              	.LVL26:
 130:src/Semaphore.cpp ****     BlockedNode* curr = head->next;
GAS LISTING /tmp/ccJVfPBj.s 			page 9


 326              		.loc 1 130 5 is_stmt 1
 327              		.loc 1 130 18 is_stmt 0
 328 01dc 83340A01 		ld	s1,16(s4)
 329              	.LVL27:
 330              	.L27:
 131:src/Semaphore.cpp **** 
 132:src/Semaphore.cpp ****     while (curr != nullptr && curr->thread->getId() < node->thread->getId()) {
 331              		.loc 1 132 5 is_stmt 1
 332              		.loc 1 132 28
 333 01e0 63860404 		beqz	s1,.L26
 334              		.loc 1 132 50 is_stmt 0 discriminator 1
 335 01e4 03B50400 		ld	a0,0(s1)
 336 01e8 97000000 		call	_ZN7_thread5getIdEv@plt
 336      E7800000 
 337              	.LVL28:
 338 01f0 13090500 		mv	s2,a0
 339              		.loc 1 132 74 discriminator 1
 340 01f4 03B50900 		ld	a0,0(s3)
 341 01f8 97000000 		call	_ZN7_thread5getIdEv@plt
 341      E7800000 
 342              	.LVL29:
 343              		.loc 1 132 28 discriminator 1
 344 0200 6356A902 		bge	s2,a0,.L26
 133:src/Semaphore.cpp ****         prev = curr;
 345              		.loc 1 133 9 is_stmt 1
 346              	.LVL30:
 134:src/Semaphore.cpp ****         curr = curr->next;
 347              		.loc 1 134 9
 133:src/Semaphore.cpp ****         prev = curr;
 348              		.loc 1 133 14 is_stmt 0
 349 0204 138A0400 		mv	s4,s1
 350              		.loc 1 134 14
 351 0208 83B40401 		ld	s1,16(s1)
 352              	.LVL31:
 132:src/Semaphore.cpp ****         prev = curr;
 353              		.loc 1 132 5
 354 020c 6FF05FFD 		j	.L27
 355              	.LVL32:
 356              	.L32:
 119:src/Semaphore.cpp ****         tail = node;
 357              		.loc 1 119 9 is_stmt 1
 119:src/Semaphore.cpp ****         tail = node;
 358              		.loc 1 119 14 is_stmt 0
 359 0210 2334B500 		sd	a1,8(a0)
 120:src/Semaphore.cpp ****         return;
 360              		.loc 1 120 9 is_stmt 1
 120:src/Semaphore.cpp ****         return;
 361              		.loc 1 120 14 is_stmt 0
 362 0214 2338B500 		sd	a1,16(a0)
 121:src/Semaphore.cpp ****     }
 363              		.loc 1 121 9 is_stmt 1
 364 0218 6F000002 		j	.L22
 365              	.LVL33:
 366              	.L33:
 124:src/Semaphore.cpp ****         head = node;
 367              		.loc 1 124 9
 124:src/Semaphore.cpp ****         head = node;
GAS LISTING /tmp/ccJVfPBj.s 			page 10


 368              		.loc 1 124 22 is_stmt 0
 369 021c 83B78A00 		ld	a5,8(s5)
 124:src/Semaphore.cpp ****         head = node;
 370              		.loc 1 124 20
 371 0220 23B8F900 		sd	a5,16(s3)
 125:src/Semaphore.cpp ****         return;
 372              		.loc 1 125 9 is_stmt 1
 125:src/Semaphore.cpp ****         return;
 373              		.loc 1 125 14 is_stmt 0
 374 0224 23B43A01 		sd	s3,8(s5)
 126:src/Semaphore.cpp ****     }
 375              		.loc 1 126 9 is_stmt 1
 376 0228 6F000001 		j	.L22
 377              	.LVL34:
 378              	.L26:
 135:src/Semaphore.cpp ****     }
 136:src/Semaphore.cpp **** 
 137:src/Semaphore.cpp ****     node->next = curr;
 379              		.loc 1 137 5 discriminator 4
 380              		.loc 1 137 16 is_stmt 0 discriminator 4
 381 022c 23B89900 		sd	s1,16(s3)
 138:src/Semaphore.cpp ****     prev->next = node;
 382              		.loc 1 138 5 is_stmt 1 discriminator 4
 383              		.loc 1 138 16 is_stmt 0 discriminator 4
 384 0230 23383A01 		sd	s3,16(s4)
 139:src/Semaphore.cpp **** 
 140:src/Semaphore.cpp ****     if (curr == nullptr) {
 385              		.loc 1 140 5 is_stmt 1 discriminator 4
 386 0234 63840402 		beqz	s1,.L34
 387              	.LVL35:
 388              	.L22:
 141:src/Semaphore.cpp ****         tail = node;
 142:src/Semaphore.cpp ****     }
 143:src/Semaphore.cpp **** }
 389              		.loc 1 143 1 is_stmt 0
 390 0238 83308103 		ld	ra,56(sp)
 391              		.cfi_remember_state
 392              		.cfi_restore 1
 393 023c 03340103 		ld	s0,48(sp)
 394              		.cfi_restore 8
 395              		.cfi_def_cfa 2, 64
 396 0240 83348102 		ld	s1,40(sp)
 397              		.cfi_restore 9
 398 0244 03390102 		ld	s2,32(sp)
 399              		.cfi_restore 18
 400 0248 83398101 		ld	s3,24(sp)
 401              		.cfi_restore 19
 402              	.LVL36:
 403 024c 033A0101 		ld	s4,16(sp)
 404              		.cfi_restore 20
 405 0250 833A8100 		ld	s5,8(sp)
 406              		.cfi_restore 21
 407              	.LVL37:
 408 0254 13010104 		addi	sp,sp,64
 409              		.cfi_def_cfa_offset 0
 410 0258 67800000 		jr	ra
 411              	.LVL38:
GAS LISTING /tmp/ccJVfPBj.s 			page 11


 412              	.L34:
 413              		.cfi_restore_state
 141:src/Semaphore.cpp ****         tail = node;
 414              		.loc 1 141 9 is_stmt 1
 141:src/Semaphore.cpp ****         tail = node;
 415              		.loc 1 141 14 is_stmt 0
 416 025c 23B83A01 		sd	s3,16(s5)
 417 0260 6FF09FFD 		j	.L22
 418              	.LVL39:
 419              	.L29:
 420              		.cfi_def_cfa_register 2
 421              		.cfi_restore 1
 422              		.cfi_restore 8
 423              		.cfi_restore 9
 424              		.cfi_restore 18
 425              		.cfi_restore 19
 426              		.cfi_restore 20
 427              		.cfi_restore 21
 428 0264 67800000 		ret
 429              		.cfi_endproc
 430              	.LFE13:
 432              		.align	2
 433              		.globl	_ZN4_sem5waitNEj
 435              	_ZN4_sem5waitNEj:
 436              	.LFB11:
  62:src/Semaphore.cpp ****     if (_thread::running == nullptr) {
 437              		.loc 1 62 29 is_stmt 1
 438              		.cfi_startproc
 439              	.LVL40:
  63:src/Semaphore.cpp ****         return -1;
 440              		.loc 1 63 5
  63:src/Semaphore.cpp ****         return -1;
 441              		.loc 1 63 26 is_stmt 0
 442 0268 97070000 		la	a5,_ZN7_thread7runningE
 442      83B70700 
 443 0270 83B70700 		ld	a5,0(a5)
  63:src/Semaphore.cpp ****         return -1;
 444              		.loc 1 63 5
 445 0274 638A0708 		beqz	a5,.L38
  66:src/Semaphore.cpp ****         return -1;
 446              		.loc 1 66 5 is_stmt 1
  66:src/Semaphore.cpp ****         return -1;
 447              		.loc 1 66 9 is_stmt 0
 448 0278 03474500 		lbu	a4,4(a0)
  66:src/Semaphore.cpp ****         return -1;
 449              		.loc 1 66 5
 450 027c 631A0708 		bnez	a4,.L39
  70:src/Semaphore.cpp ****         return 0;
 451              		.loc 1 70 5 is_stmt 1
 452 0280 638C0508 		beqz	a1,.L40
  74:src/Semaphore.cpp ****         val -= (int)n;
 453              		.loc 1 74 5
  74:src/Semaphore.cpp ****         val -= (int)n;
 454              		.loc 1 74 9 is_stmt 0
 455 0284 03378500 		ld	a4,8(a0)
  74:src/Semaphore.cpp ****         val -= (int)n;
 456              		.loc 1 74 5
GAS LISTING /tmp/ccJVfPBj.s 			page 12


 457 0288 63020706 		beqz	a4,.L44
 458              	.L37:
  62:src/Semaphore.cpp ****     if (_thread::running == nullptr) {
 459              		.loc 1 62 29
 460 028c 130101FD 		addi	sp,sp,-48
 461              		.cfi_def_cfa_offset 48
 462 0290 23341102 		sd	ra,40(sp)
 463 0294 23308102 		sd	s0,32(sp)
 464              		.cfi_offset 1, -8
 465              		.cfi_offset 8, -16
 466 0298 13040103 		addi	s0,sp,48
 467              		.cfi_def_cfa 8, 0
  79:src/Semaphore.cpp **** 
 468              		.loc 1 79 5 is_stmt 1
  81:src/Semaphore.cpp ****     node.requested = n;
 469              		.loc 1 81 5
  81:src/Semaphore.cpp ****     node.requested = n;
 470              		.loc 1 81 17 is_stmt 0
 471 029c 233CF4FC 		sd	a5,-40(s0)
  82:src/Semaphore.cpp ****     node.status = 0;
 472              		.loc 1 82 5 is_stmt 1
  82:src/Semaphore.cpp ****     node.status = 0;
 473              		.loc 1 82 20 is_stmt 0
 474 02a0 2320B4FE 		sw	a1,-32(s0)
  83:src/Semaphore.cpp ****     node.next = nullptr;
 475              		.loc 1 83 5 is_stmt 1
  83:src/Semaphore.cpp ****     node.next = nullptr;
 476              		.loc 1 83 17 is_stmt 0
 477 02a4 232204FE 		sw	zero,-28(s0)
  84:src/Semaphore.cpp **** 
 478              		.loc 1 84 5 is_stmt 1
  84:src/Semaphore.cpp **** 
 479              		.loc 1 84 15 is_stmt 0
 480 02a8 233404FE 		sd	zero,-24(s0)
  86:src/Semaphore.cpp **** 
 481              		.loc 1 86 5 is_stmt 1
  86:src/Semaphore.cpp **** 
 482              		.loc 1 86 10 is_stmt 0
 483 02ac 930584FD 		addi	a1,s0,-40
 484              	.LVL41:
 485 02b0 97000000 		call	_ZN4_sem5blockEPNS_11BlockedNodeE
 485      E7800000 
 486              	.LVL42:
  88:src/Semaphore.cpp **** 
 487              		.loc 1 88 5 is_stmt 1
  88:src/Semaphore.cpp **** 
 488              		.loc 1 88 31 is_stmt 0
 489 02b8 93053000 		li	a1,3
 490 02bc 97070000 		la	a5,_ZN7_thread7runningE
 490      83B70700 
 491 02c4 03B50700 		ld	a0,0(a5)
 492 02c8 97000000 		call	_ZN7_thread8setStateENS_5StateE@plt
 492      E7800000 
 493              	.LVL43:
  90:src/Semaphore.cpp **** 
 494              		.loc 1 90 5 is_stmt 1
  90:src/Semaphore.cpp **** 
GAS LISTING /tmp/ccJVfPBj.s 			page 13


 495              		.loc 1 90 22 is_stmt 0
 496 02d0 97000000 		call	_ZN7_thread8dispatchEv@plt
 496      E7800000 
 497              	.LVL44:
  92:src/Semaphore.cpp **** }
 498              		.loc 1 92 5 is_stmt 1
  92:src/Semaphore.cpp **** }
 499              		.loc 1 92 17 is_stmt 0
 500 02d8 032544FE 		lw	a0,-28(s0)
  93:src/Semaphore.cpp **** 
 501              		.loc 1 93 1
 502 02dc 83308102 		ld	ra,40(sp)
 503              		.cfi_restore 1
 504 02e0 03340102 		ld	s0,32(sp)
 505              		.cfi_restore 8
 506              		.cfi_def_cfa 2, 48
 507 02e4 13010103 		addi	sp,sp,48
 508              		.cfi_def_cfa_offset 0
 509 02e8 67800000 		jr	ra
 510              	.LVL45:
 511              	.L44:
  74:src/Semaphore.cpp ****         val -= (int)n;
 512              		.loc 1 74 28 discriminator 1
 513 02ec 03270500 		lw	a4,0(a0)
  74:src/Semaphore.cpp ****         val -= (int)n;
 514              		.loc 1 74 35 discriminator 1
 515 02f0 9B860500 		sext.w	a3,a1
  74:src/Semaphore.cpp ****         val -= (int)n;
 516              		.loc 1 74 25 discriminator 1
 517 02f4 E34CD7F8 		blt	a4,a3,.L37
  75:src/Semaphore.cpp ****         return 0;
 518              		.loc 1 75 9 is_stmt 1
  75:src/Semaphore.cpp ****         return 0;
 519              		.loc 1 75 13 is_stmt 0
 520 02f8 3B07D740 		subw	a4,a4,a3
 521 02fc 2320E500 		sw	a4,0(a0)
  76:src/Semaphore.cpp ****     }
 522              		.loc 1 76 9 is_stmt 1
  76:src/Semaphore.cpp ****     }
 523              		.loc 1 76 16 is_stmt 0
 524 0300 13050000 		li	a0,0
 525              	.LVL46:
 526 0304 67800000 		ret
 527              	.LVL47:
 528              	.L38:
  64:src/Semaphore.cpp ****     }
 529              		.loc 1 64 17
 530 0308 1305F0FF 		li	a0,-1
 531              	.LVL48:
 532 030c 67800000 		ret
 533              	.LVL49:
 534              	.L39:
  67:src/Semaphore.cpp ****     }
 535              		.loc 1 67 17
 536 0310 1305F0FF 		li	a0,-1
 537              	.LVL50:
 538 0314 67800000 		ret
GAS LISTING /tmp/ccJVfPBj.s 			page 14


 539              	.LVL51:
 540              	.L40:
  71:src/Semaphore.cpp ****     }
 541              		.loc 1 71 16
 542 0318 13050000 		li	a0,0
 543              	.LVL52:
  93:src/Semaphore.cpp **** 
 544              		.loc 1 93 1
 545 031c 67800000 		ret
 546              		.cfi_endproc
 547              	.LFE11:
 549              		.align	2
 550              		.globl	_ZN4_sem4waitEv
 552              	_ZN4_sem4waitEv:
 553              	.LFB9:
  54:src/Semaphore.cpp ****     return waitN(1);
 554              		.loc 1 54 18 is_stmt 1
 555              		.cfi_startproc
 556              	.LVL53:
 557 0320 130101FF 		addi	sp,sp,-16
 558              		.cfi_def_cfa_offset 16
 559 0324 23341100 		sd	ra,8(sp)
 560 0328 23308100 		sd	s0,0(sp)
 561              		.cfi_offset 1, -8
 562              		.cfi_offset 8, -16
 563 032c 13040101 		addi	s0,sp,16
 564              		.cfi_def_cfa 8, 0
  55:src/Semaphore.cpp **** }
 565              		.loc 1 55 5
  55:src/Semaphore.cpp **** }
 566              		.loc 1 55 17 is_stmt 0
 567 0330 93051000 		li	a1,1
 568 0334 97000000 		call	_ZN4_sem5waitNEj
 568      E7800000 
 569              	.LVL54:
  56:src/Semaphore.cpp **** 
 570              		.loc 1 56 1
 571 033c 83308100 		ld	ra,8(sp)
 572              		.cfi_restore 1
 573 0340 03340100 		ld	s0,0(sp)
 574              		.cfi_restore 8
 575              		.cfi_def_cfa 2, 16
 576 0344 13010101 		addi	sp,sp,16
 577              		.cfi_def_cfa_offset 0
 578 0348 67800000 		jr	ra
 579              		.cfi_endproc
 580              	.LFE9:
 582              		.align	2
 583              		.globl	_ZN4_sem12unblockReadyEv
 585              	_ZN4_sem12unblockReadyEv:
 586              	.LFB14:
 144:src/Semaphore.cpp **** 
 145:src/Semaphore.cpp **** void _sem::unblockReady() {
 587              		.loc 1 145 27 is_stmt 1
 588              		.cfi_startproc
 589              	.LVL55:
 590 034c 130101FE 		addi	sp,sp,-32
GAS LISTING /tmp/ccJVfPBj.s 			page 15


 591              		.cfi_def_cfa_offset 32
 592 0350 233C1100 		sd	ra,24(sp)
 593 0354 23388100 		sd	s0,16(sp)
 594 0358 23349100 		sd	s1,8(sp)
 595 035c 23302101 		sd	s2,0(sp)
 596              		.cfi_offset 1, -8
 597              		.cfi_offset 8, -16
 598              		.cfi_offset 9, -24
 599              		.cfi_offset 18, -32
 600 0360 13040102 		addi	s0,sp,32
 601              		.cfi_def_cfa 8, 0
 602 0364 13090500 		mv	s2,a0
 603 0368 6F004002 		j	.L50
 604              	.LVL56:
 605              	.L54:
 606              	.LBB3:
 146:src/Semaphore.cpp ****     while (head != nullptr && val >= (int)head->requested) {
 147:src/Semaphore.cpp ****         BlockedNode* node = head;
 148:src/Semaphore.cpp **** 
 149:src/Semaphore.cpp ****         head = head->next;
 150:src/Semaphore.cpp **** 
 151:src/Semaphore.cpp ****         if (head == nullptr) {
 152:src/Semaphore.cpp ****             tail = nullptr;
 607              		.loc 1 152 13
 608              		.loc 1 152 18 is_stmt 0
 609 036c 23380900 		sd	zero,16(s2)
 610              	.L49:
 153:src/Semaphore.cpp ****         }
 154:src/Semaphore.cpp **** 
 155:src/Semaphore.cpp ****         val -= (int)node->requested;
 611              		.loc 1 155 9 is_stmt 1
 612              		.loc 1 155 16 is_stmt 0
 613 0370 03A78400 		lw	a4,8(s1)
 614              		.loc 1 155 13
 615 0374 BB87E740 		subw	a5,a5,a4
 616 0378 2320F900 		sw	a5,0(s2)
 156:src/Semaphore.cpp **** 
 157:src/Semaphore.cpp ****         node->status = 0;//znaci da ce waitN vratiti 0
 617              		.loc 1 157 9 is_stmt 1
 618              		.loc 1 157 22 is_stmt 0
 619 037c 23A60400 		sw	zero,12(s1)
 158:src/Semaphore.cpp ****         node->next = nullptr;
 620              		.loc 1 158 9 is_stmt 1
 621              		.loc 1 158 20 is_stmt 0
 622 0380 23B80400 		sd	zero,16(s1)
 159:src/Semaphore.cpp **** 
 160:src/Semaphore.cpp ****         if (node->thread != nullptr) {
 623              		.loc 1 160 9 is_stmt 1
 624              		.loc 1 160 19 is_stmt 0
 625 0384 03B50400 		ld	a0,0(s1)
 626              		.loc 1 160 9
 627 0388 63140502 		bnez	a0,.L53
 628              	.LVL57:
 629              	.L50:
 630              	.LBE3:
 146:src/Semaphore.cpp ****         BlockedNode* node = head;
 631              		.loc 1 146 5 is_stmt 1
GAS LISTING /tmp/ccJVfPBj.s 			page 16


 146:src/Semaphore.cpp ****         BlockedNode* node = head;
 632              		.loc 1 146 28
 146:src/Semaphore.cpp ****         BlockedNode* node = head;
 633              		.loc 1 146 12 is_stmt 0
 634 038c 83348900 		ld	s1,8(s2)
 146:src/Semaphore.cpp ****         BlockedNode* node = head;
 635              		.loc 1 146 28
 636 0390 638E0402 		beqz	s1,.L47
 146:src/Semaphore.cpp ****         BlockedNode* node = head;
 637              		.loc 1 146 31 discriminator 1
 638 0394 83270900 		lw	a5,0(s2)
 146:src/Semaphore.cpp ****         BlockedNode* node = head;
 639              		.loc 1 146 38 discriminator 1
 640 0398 03A78400 		lw	a4,8(s1)
 146:src/Semaphore.cpp ****         BlockedNode* node = head;
 641              		.loc 1 146 28 discriminator 1
 642 039c 63C8E702 		blt	a5,a4,.L47
 643              	.LBB4:
 147:src/Semaphore.cpp **** 
 644              		.loc 1 147 9 is_stmt 1
 645              	.LVL58:
 149:src/Semaphore.cpp **** 
 646              		.loc 1 149 9
 149:src/Semaphore.cpp **** 
 647              		.loc 1 149 22 is_stmt 0
 648 03a0 03B70401 		ld	a4,16(s1)
 149:src/Semaphore.cpp **** 
 649              		.loc 1 149 14
 650 03a4 2334E900 		sd	a4,8(s2)
 151:src/Semaphore.cpp ****             tail = nullptr;
 651              		.loc 1 151 9 is_stmt 1
 652 03a8 E31407FC 		bnez	a4,.L49
 653 03ac 6FF01FFC 		j	.L54
 654              	.L53:
 161:src/Semaphore.cpp ****             node->thread->setState(_thread::READY);
 655              		.loc 1 161 13
 656              		.loc 1 161 35 is_stmt 0
 657 03b0 93051000 		li	a1,1
 658 03b4 97000000 		call	_ZN7_thread8setStateENS_5StateE@plt
 658      E7800000 
 659              	.LVL59:
 162:src/Semaphore.cpp ****             Scheduler::put(node->thread);
 660              		.loc 1 162 13 is_stmt 1
 661              		.loc 1 162 27 is_stmt 0
 662 03bc 03B50400 		ld	a0,0(s1)
 663 03c0 97000000 		call	_ZN9Scheduler3putEP7_thread@plt
 663      E7800000 
 664              	.LVL60:
 665 03c8 6FF05FFC 		j	.L50
 666              	.LVL61:
 667              	.L47:
 668              	.LBE4:
 163:src/Semaphore.cpp ****         }
 164:src/Semaphore.cpp ****     }
 165:src/Semaphore.cpp **** }
 669              		.loc 1 165 1
 670 03cc 83308101 		ld	ra,24(sp)
GAS LISTING /tmp/ccJVfPBj.s 			page 17


 671              		.cfi_restore 1
 672 03d0 03340101 		ld	s0,16(sp)
 673              		.cfi_restore 8
 674              		.cfi_def_cfa 2, 32
 675 03d4 83348100 		ld	s1,8(sp)
 676              		.cfi_restore 9
 677 03d8 03390100 		ld	s2,0(sp)
 678              		.cfi_restore 18
 679              	.LVL62:
 680 03dc 13010102 		addi	sp,sp,32
 681              		.cfi_def_cfa_offset 0
 682 03e0 67800000 		jr	ra
 683              		.cfi_endproc
 684              	.LFE14:
 686              		.align	2
 687              		.globl	_ZN4_sem7signalNEj
 689              	_ZN4_sem7signalNEj:
 690              	.LFB12:
  95:src/Semaphore.cpp ****     if (closed) {
 691              		.loc 1 95 31 is_stmt 1
 692              		.cfi_startproc
 693              	.LVL63:
  96:src/Semaphore.cpp ****         return -1;
 694              		.loc 1 96 5
  96:src/Semaphore.cpp ****         return -1;
 695              		.loc 1 96 9 is_stmt 0
 696 03e4 83474500 		lbu	a5,4(a0)
  96:src/Semaphore.cpp ****         return -1;
 697              		.loc 1 96 5
 698 03e8 63940704 		bnez	a5,.L57
 100:src/Semaphore.cpp ****         return 0;
 699              		.loc 1 100 5 is_stmt 1
 700 03ec 63960500 		bnez	a1,.L63
 101:src/Semaphore.cpp ****     }
 701              		.loc 1 101 16 is_stmt 0
 702 03f0 13050000 		li	a0,0
 703              	.LVL64:
 109:src/Semaphore.cpp **** 
 704              		.loc 1 109 1
 705 03f4 67800000 		ret
 706              	.LVL65:
 707              	.L63:
  95:src/Semaphore.cpp ****     if (closed) {
 708              		.loc 1 95 31
 709 03f8 130101FF 		addi	sp,sp,-16
 710              		.cfi_def_cfa_offset 16
 711 03fc 23341100 		sd	ra,8(sp)
 712 0400 23308100 		sd	s0,0(sp)
 713              		.cfi_offset 1, -8
 714              		.cfi_offset 8, -16
 715 0404 13040101 		addi	s0,sp,16
 716              		.cfi_def_cfa 8, 0
 104:src/Semaphore.cpp **** 
 717              		.loc 1 104 5 is_stmt 1
 104:src/Semaphore.cpp **** 
 718              		.loc 1 104 9 is_stmt 0
 719 0408 83270500 		lw	a5,0(a0)
GAS LISTING /tmp/ccJVfPBj.s 			page 18


 720 040c BB85B700 		addw	a1,a5,a1
 721              	.LVL66:
 722 0410 2320B500 		sw	a1,0(a0)
 106:src/Semaphore.cpp **** 
 723              		.loc 1 106 5 is_stmt 1
 106:src/Semaphore.cpp **** 
 724              		.loc 1 106 17 is_stmt 0
 725 0414 97000000 		call	_ZN4_sem12unblockReadyEv
 725      E7800000 
 726              	.LVL67:
 108:src/Semaphore.cpp **** }
 727              		.loc 1 108 5 is_stmt 1
 108:src/Semaphore.cpp **** }
 728              		.loc 1 108 12 is_stmt 0
 729 041c 13050000 		li	a0,0
 109:src/Semaphore.cpp **** 
 730              		.loc 1 109 1
 731 0420 83308100 		ld	ra,8(sp)
 732              		.cfi_restore 1
 733 0424 03340100 		ld	s0,0(sp)
 734              		.cfi_restore 8
 735              		.cfi_def_cfa 2, 16
 736 0428 13010101 		addi	sp,sp,16
 737              		.cfi_def_cfa_offset 0
 738 042c 67800000 		jr	ra
 739              	.LVL68:
 740              	.L57:
  97:src/Semaphore.cpp ****     }
 741              		.loc 1 97 17
 742 0430 1305F0FF 		li	a0,-1
 743              	.LVL69:
 744 0434 67800000 		ret
 745              		.cfi_endproc
 746              	.LFE12:
 748              		.align	2
 749              		.globl	_ZN4_sem6signalEv
 751              	_ZN4_sem6signalEv:
 752              	.LFB10:
  58:src/Semaphore.cpp ****     return signalN(1);
 753              		.loc 1 58 20 is_stmt 1
 754              		.cfi_startproc
 755              	.LVL70:
 756 0438 130101FF 		addi	sp,sp,-16
 757              		.cfi_def_cfa_offset 16
 758 043c 23341100 		sd	ra,8(sp)
 759 0440 23308100 		sd	s0,0(sp)
 760              		.cfi_offset 1, -8
 761              		.cfi_offset 8, -16
 762 0444 13040101 		addi	s0,sp,16
 763              		.cfi_def_cfa 8, 0
  59:src/Semaphore.cpp **** }
 764              		.loc 1 59 5
  59:src/Semaphore.cpp **** }
 765              		.loc 1 59 19 is_stmt 0
 766 0448 93051000 		li	a1,1
 767 044c 97000000 		call	_ZN4_sem7signalNEj
 767      E7800000 
GAS LISTING /tmp/ccJVfPBj.s 			page 19


 768              	.LVL71:
  60:src/Semaphore.cpp **** 
 769              		.loc 1 60 1
 770 0454 83308100 		ld	ra,8(sp)
 771              		.cfi_restore 1
 772 0458 03340100 		ld	s0,0(sp)
 773              		.cfi_restore 8
 774              		.cfi_def_cfa 2, 16
 775 045c 13010101 		addi	sp,sp,16
 776              		.cfi_def_cfa_offset 0
 777 0460 67800000 		jr	ra
 778              		.cfi_endproc
 779              	.LFE10:
 781              		.align	2
 782              		.globl	_ZN4_sem10unblockAllEv
 784              	_ZN4_sem10unblockAllEv:
 785              	.LFB15:
 166:src/Semaphore.cpp **** 
 167:src/Semaphore.cpp **** void _sem::unblockAll() {
 786              		.loc 1 167 25 is_stmt 1
 787              		.cfi_startproc
 788              	.LVL72:
 789 0464 130101FE 		addi	sp,sp,-32
 790              		.cfi_def_cfa_offset 32
 791 0468 233C1100 		sd	ra,24(sp)
 792 046c 23388100 		sd	s0,16(sp)
 793 0470 23349100 		sd	s1,8(sp)
 794 0474 23302101 		sd	s2,0(sp)
 795              		.cfi_offset 1, -8
 796              		.cfi_offset 8, -16
 797              		.cfi_offset 9, -24
 798              		.cfi_offset 18, -32
 799 0478 13040102 		addi	s0,sp,32
 800              		.cfi_def_cfa 8, 0
 801 047c 13090500 		mv	s2,a0
 802              	.LVL73:
 803              	.L68:
 168:src/Semaphore.cpp ****     while (head != nullptr) {
 804              		.loc 1 168 5
 805              		.loc 1 168 17
 806              		.loc 1 168 12 is_stmt 0
 807 0480 83348900 		ld	s1,8(s2)
 808              		.loc 1 168 17
 809 0484 638E0402 		beqz	s1,.L67
 810              	.LBB5:
 169:src/Semaphore.cpp ****         BlockedNode* node = head;
 811              		.loc 1 169 9 is_stmt 1
 812              	.LVL74:
 170:src/Semaphore.cpp **** 
 171:src/Semaphore.cpp ****         head = head->next;
 813              		.loc 1 171 9
 814              		.loc 1 171 22 is_stmt 0
 815 0488 83B70401 		ld	a5,16(s1)
 816              		.loc 1 171 14
 817 048c 2334F900 		sd	a5,8(s2)
 172:src/Semaphore.cpp **** 
 173:src/Semaphore.cpp ****         node->status = -1;
GAS LISTING /tmp/ccJVfPBj.s 			page 20


 818              		.loc 1 173 9 is_stmt 1
 819              		.loc 1 173 22 is_stmt 0
 820 0490 9307F0FF 		li	a5,-1
 821 0494 23A6F400 		sw	a5,12(s1)
 174:src/Semaphore.cpp ****         node->next = nullptr;
 822              		.loc 1 174 9 is_stmt 1
 823              		.loc 1 174 20 is_stmt 0
 824 0498 23B80400 		sd	zero,16(s1)
 175:src/Semaphore.cpp **** 
 176:src/Semaphore.cpp ****         if (node->thread != nullptr) {
 825              		.loc 1 176 9 is_stmt 1
 826              		.loc 1 176 19 is_stmt 0
 827 049c 03B50400 		ld	a0,0(s1)
 828              		.loc 1 176 9
 829 04a0 E30005FE 		beqz	a0,.L68
 177:src/Semaphore.cpp ****             node->thread->setState(_thread::READY);
 830              		.loc 1 177 13 is_stmt 1
 831              		.loc 1 177 35 is_stmt 0
 832 04a4 93051000 		li	a1,1
 833 04a8 97000000 		call	_ZN7_thread8setStateENS_5StateE@plt
 833      E7800000 
 834              	.LVL75:
 178:src/Semaphore.cpp ****             Scheduler::put(node->thread);
 835              		.loc 1 178 13 is_stmt 1
 836              		.loc 1 178 27 is_stmt 0
 837 04b0 03B50400 		ld	a0,0(s1)
 838 04b4 97000000 		call	_ZN9Scheduler3putEP7_thread@plt
 838      E7800000 
 839              	.LVL76:
 840 04bc 6FF05FFC 		j	.L68
 841              	.LVL77:
 842              	.L67:
 843              	.LBE5:
 179:src/Semaphore.cpp ****         }
 180:src/Semaphore.cpp ****     }
 181:src/Semaphore.cpp **** 
 182:src/Semaphore.cpp ****     tail = nullptr;
 844              		.loc 1 182 5 is_stmt 1
 845              		.loc 1 182 10 is_stmt 0
 846 04c0 23380900 		sd	zero,16(s2)
 183:src/Semaphore.cpp **** }...
 847              		.loc 1 183 1
 848 04c4 83308101 		ld	ra,24(sp)
 849              		.cfi_restore 1
 850 04c8 03340101 		ld	s0,16(sp)
 851              		.cfi_restore 8
 852              		.cfi_def_cfa 2, 32
 853 04cc 83348100 		ld	s1,8(sp)
 854              		.cfi_restore 9
 855 04d0 03390100 		ld	s2,0(sp)
 856              		.cfi_restore 18
 857              	.LVL78:
 858 04d4 13010102 		addi	sp,sp,32
 859              		.cfi_def_cfa_offset 0
 860 04d8 67800000 		jr	ra
 861              		.cfi_endproc
 862              	.LFE15:
GAS LISTING /tmp/ccJVfPBj.s 			page 21


 864              		.align	2
 865              		.globl	_ZN4_sem5closeEv
 867              	_ZN4_sem5closeEv:
 868              	.LFB8:
  42:src/Semaphore.cpp **** int _sem::close() {
 869              		.loc 1 42 19 is_stmt 1
 870              		.cfi_startproc
 871              	.LVL79:
  43:src/Semaphore.cpp ****     if (closed) {
 872              		.loc 1 43 5
  43:src/Semaphore.cpp ****     if (closed) {
 873              		.loc 1 43 9 is_stmt 0
 874 04dc 83474500 		lbu	a5,4(a0)
  43:src/Semaphore.cpp ****     if (closed) {
 875              		.loc 1 43 5
 876 04e0 639C0702 		bnez	a5,.L73
  42:src/Semaphore.cpp **** int _sem::close() {
 877              		.loc 1 42 19
 878 04e4 130101FF 		addi	sp,sp,-16
 879              		.cfi_def_cfa_offset 16
 880 04e8 23341100 		sd	ra,8(sp)
 881 04ec 23308100 		sd	s0,0(sp)
 882              		.cfi_offset 1, -8
 883              		.cfi_offset 8, -16
 884 04f0 13040101 		addi	s0,sp,16
 885              		.cfi_def_cfa 8, 0
  47:src/Semaphore.cpp ****     closed = true;
 886              		.loc 1 47 5 is_stmt 1
  47:src/Semaphore.cpp ****     closed = true;
 887              		.loc 1 47 12 is_stmt 0
 888 04f4 93071000 		li	a5,1
 889 04f8 2302F500 		sb	a5,4(a0)
  49:src/Semaphore.cpp ****     unblockAll();
 890              		.loc 1 49 5 is_stmt 1
  49:src/Semaphore.cpp ****     unblockAll();
 891              		.loc 1 49 15 is_stmt 0
 892 04fc 97000000 		call	_ZN4_sem10unblockAllEv
 892      E7800000 
 893              	.LVL80:
  51:src/Semaphore.cpp ****     return 0;
 894              		.loc 1 51 5 is_stmt 1
  51:src/Semaphore.cpp ****     return 0;
 895              		.loc 1 51 12 is_stmt 0
 896 0504 13050000 		li	a0,0
  52:src/Semaphore.cpp **** }
 897              		.loc 1 52 1
 898 0508 83308100 		ld	ra,8(sp)
 899              		.cfi_restore 1
 900 050c 03340100 		ld	s0,0(sp)
 901              		.cfi_restore 8
 902              		.cfi_def_cfa 2, 16
 903 0510 13010101 		addi	sp,sp,16
 904              		.cfi_def_cfa_offset 0
 905 0514 67800000 		jr	ra
 906              	.LVL81:
 907              	.L73:
  44:src/Semaphore.cpp ****         return -1;
GAS LISTING /tmp/ccJVfPBj.s 			page 22


 908              		.loc 1 44 17
 909 0518 1305F0FF 		li	a0,-1
 910              	.LVL82:
  52:src/Semaphore.cpp **** }
 911              		.loc 1 52 1
 912 051c 67800000 		ret
 913              		.cfi_endproc
 914              	.LFE8:
 916              	.Letext0:
 917              		.file 2 "src/../h/../lib/hw.h"
 918              		.file 3 "src/../h/Semaphore.hpp"
 919              		.file 4 "src/../h/Thread.hpp"
 920              		.file 5 "src/../h/Scheduler.hpp"
 921              		.file 6 "src/../h/MemoryAllocator.hpp"
GAS LISTING /tmp/ccJVfPBj.s 			page 23


DEFINED SYMBOLS
                            *ABS*:0000000000000000 Semaphore.cpp
     /tmp/ccJVfPBj.s:8      .text:0000000000000000 _ZL23blocksForBytesSemaphorem
     /tmp/ccJVfPBj.s:12     .text:0000000000000000 .L0 
     /tmp/ccJVfPBj.s:14     .text:0000000000000000 .L0 
     /tmp/ccJVfPBj.s:15     .text:0000000000000004 .L0 
     /tmp/ccJVfPBj.s:17     .text:0000000000000008 .L0 
     /tmp/ccJVfPBj.s:19     .text:000000000000000c .L0 
     /tmp/ccJVfPBj.s:21     .text:000000000000000c .L0 
     /tmp/ccJVfPBj.s:22     .text:000000000000000c .L0 
     /tmp/ccJVfPBj.s:25     .text:0000000000000010 .L0 
     /tmp/ccJVfPBj.s:28     .text:0000000000000018 .L0 
     /tmp/ccJVfPBj.s:29     .text:0000000000000018 .L0 
     /tmp/ccJVfPBj.s:31     .text:000000000000001c .L0 
     /tmp/ccJVfPBj.s:33     .text:0000000000000020 .L0 
     /tmp/ccJVfPBj.s:39     .text:0000000000000020 _ZN4_semnwEm
     /tmp/ccJVfPBj.s:42     .text:0000000000000020 .L0 
     /tmp/ccJVfPBj.s:44     .text:0000000000000020 .L0 
     /tmp/ccJVfPBj.s:45     .text:0000000000000024 .L0 
     /tmp/ccJVfPBj.s:50     .text:0000000000000034 .L0 
     /tmp/ccJVfPBj.s:51     .text:0000000000000034 .L0 
     /tmp/ccJVfPBj.s:52     .text:0000000000000034 .L0 
     /tmp/ccJVfPBj.s:53     .text:0000000000000034 .L0 
     /tmp/ccJVfPBj.s:55     .text:0000000000000038 .L0 
     /tmp/ccJVfPBj.s:58     .text:000000000000003c .L0 
     /tmp/ccJVfPBj.s:59     .text:000000000000003c .L0 
     /tmp/ccJVfPBj.s:63     .text:0000000000000048 .L0 
     /tmp/ccJVfPBj.s:71     .text:0000000000000064 .L0 
     /tmp/ccJVfPBj.s:72     .text:0000000000000068 .L0 
     /tmp/ccJVfPBj.s:74     .text:000000000000006c .L0 
     /tmp/ccJVfPBj.s:75     .text:000000000000006c .L0 
     /tmp/ccJVfPBj.s:77     .text:0000000000000070 .L0 
     /tmp/ccJVfPBj.s:79     .text:0000000000000074 .L0 
     /tmp/ccJVfPBj.s:82     .text:0000000000000078 .L0 
     /tmp/ccJVfPBj.s:84     .text:000000000000007c .L0 
     /tmp/ccJVfPBj.s:90     .text:000000000000007c _ZN4_semdlEPv
     /tmp/ccJVfPBj.s:93     .text:000000000000007c .L0 
     /tmp/ccJVfPBj.s:95     .text:000000000000007c .L0 
     /tmp/ccJVfPBj.s:96     .text:000000000000007c .L0 
     /tmp/ccJVfPBj.s:98     .text:0000000000000080 .L0 
     /tmp/ccJVfPBj.s:99     .text:0000000000000084 .L0 
     /tmp/ccJVfPBj.s:103    .text:0000000000000090 .L0 
     /tmp/ccJVfPBj.s:104    .text:0000000000000090 .L0 
     /tmp/ccJVfPBj.s:105    .text:0000000000000090 .L0 
     /tmp/ccJVfPBj.s:107    .text:0000000000000094 .L0 
     /tmp/ccJVfPBj.s:110    .text:0000000000000098 .L0 
     /tmp/ccJVfPBj.s:111    .text:0000000000000098 .L0 
     /tmp/ccJVfPBj.s:114    .text:00000000000000a0 .L0 
     /tmp/ccJVfPBj.s:118    .text:00000000000000ac .L0 
     /tmp/ccJVfPBj.s:119    .text:00000000000000b0 .L0 
     /tmp/ccJVfPBj.s:121    .text:00000000000000b4 .L0 
     /tmp/ccJVfPBj.s:122    .text:00000000000000b4 .L0 
     /tmp/ccJVfPBj.s:124    .text:00000000000000b8 .L0 
     /tmp/ccJVfPBj.s:127    .text:00000000000000bc .L0 
     /tmp/ccJVfPBj.s:132    .text:00000000000000c4 .L0 
     /tmp/ccJVfPBj.s:138    .text:00000000000000c4 _ZN4_semC2Ej
     /tmp/ccJVfPBj.s:141    .text:00000000000000c4 .L0 
GAS LISTING /tmp/ccJVfPBj.s 			page 24


     /tmp/ccJVfPBj.s:143    .text:00000000000000c4 .L0 
     /tmp/ccJVfPBj.s:144    .text:00000000000000c8 .L0 
     /tmp/ccJVfPBj.s:146    .text:00000000000000cc .L0 
     /tmp/ccJVfPBj.s:148    .text:00000000000000d0 .L0 
     /tmp/ccJVfPBj.s:151    .text:00000000000000d0 .L0 
     /tmp/ccJVfPBj.s:152    .text:00000000000000d0 .L0 
     /tmp/ccJVfPBj.s:154    .text:00000000000000d4 .L0 
     /tmp/ccJVfPBj.s:155    .text:00000000000000d4 .L0 
     /tmp/ccJVfPBj.s:157    .text:00000000000000d8 .L0 
     /tmp/ccJVfPBj.s:158    .text:00000000000000d8 .L0 
     /tmp/ccJVfPBj.s:160    .text:00000000000000dc .L0 
     /tmp/ccJVfPBj.s:161    .text:00000000000000dc .L0 
     /tmp/ccJVfPBj.s:164    .text:00000000000000e0 .L0 
     /tmp/ccJVfPBj.s:165    .text:00000000000000e4 .L0 
     /tmp/ccJVfPBj.s:166    .text:00000000000000e4 .L0 
     /tmp/ccJVfPBj.s:168    .text:00000000000000e8 .L0 
     /tmp/ccJVfPBj.s:170    .text:00000000000000ec .L0 
     /tmp/ccJVfPBj.s:138    .text:00000000000000c4 _ZN4_semC1Ej
     /tmp/ccJVfPBj.s:178    .text:00000000000000ec _ZN4_sem15createSemaphoreEj
     /tmp/ccJVfPBj.s:181    .text:00000000000000ec .L0 
     /tmp/ccJVfPBj.s:183    .text:00000000000000ec .L0 
     /tmp/ccJVfPBj.s:184    .text:00000000000000f0 .L0 
     /tmp/ccJVfPBj.s:189    .text:0000000000000100 .L0 
     /tmp/ccJVfPBj.s:190    .text:0000000000000100 .L0 
     /tmp/ccJVfPBj.s:191    .text:0000000000000100 .L0 
     /tmp/ccJVfPBj.s:192    .text:0000000000000100 .L0 
     /tmp/ccJVfPBj.s:194    .text:0000000000000104 .L0 
     /tmp/ccJVfPBj.s:197    .text:0000000000000108 .L0 
     /tmp/ccJVfPBj.s:198    .text:0000000000000108 .L0 
     /tmp/ccJVfPBj.s:207    .text:0000000000000124 .L0 
     /tmp/ccJVfPBj.s:209    .text:000000000000012c .L0 
     /tmp/ccJVfPBj.s:211    .text:0000000000000130 .L0 
     /tmp/ccJVfPBj.s:212    .text:0000000000000130 .L0 
     /tmp/ccJVfPBj.s:214    .text:0000000000000134 .L0 
     /tmp/ccJVfPBj.s:216    .text:0000000000000138 .L0 
     /tmp/ccJVfPBj.s:218    .text:000000000000013c .L0 
     /tmp/ccJVfPBj.s:220    .text:0000000000000140 .L0 
     /tmp/ccJVfPBj.s:226    .text:0000000000000140 _ZN4_sem16destroySemaphoreEPS_
     /tmp/ccJVfPBj.s:229    .text:0000000000000140 .L0 
     /tmp/ccJVfPBj.s:231    .text:0000000000000140 .L0 
     /tmp/ccJVfPBj.s:232    .text:0000000000000140 .L0 
     /tmp/ccJVfPBj.s:234    .text:0000000000000144 .L0 
     /tmp/ccJVfPBj.s:235    .text:0000000000000148 .L0 
     /tmp/ccJVfPBj.s:238    .text:0000000000000150 .L0 
     /tmp/ccJVfPBj.s:239    .text:0000000000000150 .L0 
     /tmp/ccJVfPBj.s:241    .text:0000000000000154 .L0 
     /tmp/ccJVfPBj.s:243    .text:0000000000000154 .L0 
     /tmp/ccJVfPBj.s:244    .text:0000000000000154 .L0 
     /tmp/ccJVfPBj.s:247    .text:000000000000015c .L0 
     /tmp/ccJVfPBj.s:248    .text:000000000000015c .L0 
     /tmp/ccJVfPBj.s:250    .text:0000000000000160 .L0 
     /tmp/ccJVfPBj.s:251    .text:0000000000000164 .L0 
     /tmp/ccJVfPBj.s:253    .text:0000000000000168 .L0 
     /tmp/ccJVfPBj.s:254    .text:0000000000000168 .L0 
     /tmp/ccJVfPBj.s:256    .text:000000000000016c .L0 
     /tmp/ccJVfPBj.s:261    .text:0000000000000170 .L0 
     /tmp/ccJVfPBj.s:264    .text:0000000000000174 .L0 
GAS LISTING /tmp/ccJVfPBj.s 			page 25


     /tmp/ccJVfPBj.s:265    .text:0000000000000178 .L0 
     /tmp/ccJVfPBj.s:271    .text:0000000000000178 _ZN4_sem5blockEPNS_11BlockedNodeE
     /tmp/ccJVfPBj.s:274    .text:0000000000000178 .L0 
     /tmp/ccJVfPBj.s:276    .text:0000000000000178 .L0 
     /tmp/ccJVfPBj.s:277    .text:0000000000000178 .L0 
     /tmp/ccJVfPBj.s:279    .text:000000000000017c .L0 
     /tmp/ccJVfPBj.s:280    .text:0000000000000180 .L0 
     /tmp/ccJVfPBj.s:288    .text:000000000000019c .L0 
     /tmp/ccJVfPBj.s:289    .text:000000000000019c .L0 
     /tmp/ccJVfPBj.s:290    .text:000000000000019c .L0 
     /tmp/ccJVfPBj.s:291    .text:000000000000019c .L0 
     /tmp/ccJVfPBj.s:292    .text:000000000000019c .L0 
     /tmp/ccJVfPBj.s:293    .text:000000000000019c .L0 
     /tmp/ccJVfPBj.s:294    .text:000000000000019c .L0 
     /tmp/ccJVfPBj.s:296    .text:00000000000001a0 .L0 
     /tmp/ccJVfPBj.s:300    .text:00000000000001a8 .L0 
     /tmp/ccJVfPBj.s:301    .text:00000000000001a8 .L0 
     /tmp/ccJVfPBj.s:303    .text:00000000000001ac .L0 
     /tmp/ccJVfPBj.s:304    .text:00000000000001ac .L0 
     /tmp/ccJVfPBj.s:306    .text:00000000000001b0 .L0 
     /tmp/ccJVfPBj.s:308    .text:00000000000001b4 .L0 
     /tmp/ccJVfPBj.s:309    .text:00000000000001b4 .L0 
     /tmp/ccJVfPBj.s:315    .text:00000000000001c4 .L0 
     /tmp/ccJVfPBj.s:317    .text:00000000000001c8 .L0 
     /tmp/ccJVfPBj.s:321    .text:00000000000001d4 .L0 
     /tmp/ccJVfPBj.s:323    .text:00000000000001d8 .L0 
     /tmp/ccJVfPBj.s:324    .text:00000000000001d8 .L0 
     /tmp/ccJVfPBj.s:327    .text:00000000000001dc .L0 
     /tmp/ccJVfPBj.s:328    .text:00000000000001dc .L0 
     /tmp/ccJVfPBj.s:332    .text:00000000000001e0 .L0 
     /tmp/ccJVfPBj.s:333    .text:00000000000001e0 .L0 
     /tmp/ccJVfPBj.s:335    .text:00000000000001e4 .L0 
     /tmp/ccJVfPBj.s:340    .text:00000000000001f4 .L0 
     /tmp/ccJVfPBj.s:344    .text:0000000000000200 .L0 
     /tmp/ccJVfPBj.s:347    .text:0000000000000204 .L0 
     /tmp/ccJVfPBj.s:348    .text:0000000000000204 .L0 
     /tmp/ccJVfPBj.s:349    .text:0000000000000204 .L0 
     /tmp/ccJVfPBj.s:351    .text:0000000000000208 .L0 
     /tmp/ccJVfPBj.s:354    .text:000000000000020c .L0 
     /tmp/ccJVfPBj.s:358    .text:0000000000000210 .L0 
     /tmp/ccJVfPBj.s:359    .text:0000000000000210 .L0 
     /tmp/ccJVfPBj.s:361    .text:0000000000000214 .L0 
     /tmp/ccJVfPBj.s:362    .text:0000000000000214 .L0 
     /tmp/ccJVfPBj.s:364    .text:0000000000000218 .L0 
     /tmp/ccJVfPBj.s:368    .text:000000000000021c .L0 
     /tmp/ccJVfPBj.s:369    .text:000000000000021c .L0 
     /tmp/ccJVfPBj.s:371    .text:0000000000000220 .L0 
     /tmp/ccJVfPBj.s:373    .text:0000000000000224 .L0 
     /tmp/ccJVfPBj.s:374    .text:0000000000000224 .L0 
     /tmp/ccJVfPBj.s:376    .text:0000000000000228 .L0 
     /tmp/ccJVfPBj.s:380    .text:000000000000022c .L0 
     /tmp/ccJVfPBj.s:381    .text:000000000000022c .L0 
     /tmp/ccJVfPBj.s:383    .text:0000000000000230 .L0 
     /tmp/ccJVfPBj.s:384    .text:0000000000000230 .L0 
     /tmp/ccJVfPBj.s:386    .text:0000000000000234 .L0 
     /tmp/ccJVfPBj.s:390    .text:0000000000000238 .L0 
     /tmp/ccJVfPBj.s:391    .text:000000000000023c .L0 
GAS LISTING /tmp/ccJVfPBj.s 			page 26


     /tmp/ccJVfPBj.s:392    .text:000000000000023c .L0 
     /tmp/ccJVfPBj.s:394    .text:0000000000000240 .L0 
     /tmp/ccJVfPBj.s:395    .text:0000000000000240 .L0 
     /tmp/ccJVfPBj.s:397    .text:0000000000000244 .L0 
     /tmp/ccJVfPBj.s:399    .text:0000000000000248 .L0 
     /tmp/ccJVfPBj.s:401    .text:000000000000024c .L0 
     /tmp/ccJVfPBj.s:404    .text:0000000000000250 .L0 
     /tmp/ccJVfPBj.s:406    .text:0000000000000254 .L0 
     /tmp/ccJVfPBj.s:409    .text:0000000000000258 .L0 
     /tmp/ccJVfPBj.s:413    .text:000000000000025c .L0 
     /tmp/ccJVfPBj.s:415    .text:000000000000025c .L0 
     /tmp/ccJVfPBj.s:416    .text:000000000000025c .L0 
     /tmp/ccJVfPBj.s:420    .text:0000000000000264 .L0 
     /tmp/ccJVfPBj.s:421    .text:0000000000000264 .L0 
     /tmp/ccJVfPBj.s:422    .text:0000000000000264 .L0 
     /tmp/ccJVfPBj.s:423    .text:0000000000000264 .L0 
     /tmp/ccJVfPBj.s:424    .text:0000000000000264 .L0 
     /tmp/ccJVfPBj.s:425    .text:0000000000000264 .L0 
     /tmp/ccJVfPBj.s:426    .text:0000000000000264 .L0 
     /tmp/ccJVfPBj.s:427    .text:0000000000000264 .L0 
     /tmp/ccJVfPBj.s:429    .text:0000000000000268 .L0 
     /tmp/ccJVfPBj.s:435    .text:0000000000000268 _ZN4_sem5waitNEj
     /tmp/ccJVfPBj.s:438    .text:0000000000000268 .L0 
     /tmp/ccJVfPBj.s:440    .text:0000000000000268 .L0 
     /tmp/ccJVfPBj.s:441    .text:0000000000000268 .L0 
     /tmp/ccJVfPBj.s:442    .text:0000000000000268 .L0 
     /tmp/ccJVfPBj.s:445    .text:0000000000000274 .L0 
     /tmp/ccJVfPBj.s:447    .text:0000000000000278 .L0 
     /tmp/ccJVfPBj.s:448    .text:0000000000000278 .L0 
     /tmp/ccJVfPBj.s:450    .text:000000000000027c .L0 
     /tmp/ccJVfPBj.s:452    .text:0000000000000280 .L0 
     /tmp/ccJVfPBj.s:454    .text:0000000000000284 .L0 
     /tmp/ccJVfPBj.s:455    .text:0000000000000284 .L0 
     /tmp/ccJVfPBj.s:457    .text:0000000000000288 .L0 
     /tmp/ccJVfPBj.s:460    .text:000000000000028c .L0 
     /tmp/ccJVfPBj.s:461    .text:0000000000000290 .L0 
     /tmp/ccJVfPBj.s:464    .text:0000000000000298 .L0 
     /tmp/ccJVfPBj.s:465    .text:0000000000000298 .L0 
     /tmp/ccJVfPBj.s:467    .text:000000000000029c .L0 
     /tmp/ccJVfPBj.s:469    .text:000000000000029c .L0 
     /tmp/ccJVfPBj.s:470    .text:000000000000029c .L0 
     /tmp/ccJVfPBj.s:471    .text:000000000000029c .L0 
     /tmp/ccJVfPBj.s:473    .text:00000000000002a0 .L0 
     /tmp/ccJVfPBj.s:474    .text:00000000000002a0 .L0 
     /tmp/ccJVfPBj.s:476    .text:00000000000002a4 .L0 
     /tmp/ccJVfPBj.s:477    .text:00000000000002a4 .L0 
     /tmp/ccJVfPBj.s:479    .text:00000000000002a8 .L0 
     /tmp/ccJVfPBj.s:480    .text:00000000000002a8 .L0 
     /tmp/ccJVfPBj.s:482    .text:00000000000002ac .L0 
     /tmp/ccJVfPBj.s:483    .text:00000000000002ac .L0 
     /tmp/ccJVfPBj.s:488    .text:00000000000002b8 .L0 
     /tmp/ccJVfPBj.s:489    .text:00000000000002b8 .L0 
     /tmp/ccJVfPBj.s:495    .text:00000000000002d0 .L0 
     /tmp/ccJVfPBj.s:496    .text:00000000000002d0 .L0 
     /tmp/ccJVfPBj.s:499    .text:00000000000002d8 .L0 
     /tmp/ccJVfPBj.s:500    .text:00000000000002d8 .L0 
     /tmp/ccJVfPBj.s:502    .text:00000000000002dc .L0 
GAS LISTING /tmp/ccJVfPBj.s 			page 27


     /tmp/ccJVfPBj.s:503    .text:00000000000002e0 .L0 
     /tmp/ccJVfPBj.s:505    .text:00000000000002e4 .L0 
     /tmp/ccJVfPBj.s:506    .text:00000000000002e4 .L0 
     /tmp/ccJVfPBj.s:508    .text:00000000000002e8 .L0 
     /tmp/ccJVfPBj.s:513    .text:00000000000002ec .L0 
     /tmp/ccJVfPBj.s:515    .text:00000000000002f0 .L0 
     /tmp/ccJVfPBj.s:517    .text:00000000000002f4 .L0 
     /tmp/ccJVfPBj.s:519    .text:00000000000002f8 .L0 
     /tmp/ccJVfPBj.s:520    .text:00000000000002f8 .L0 
     /tmp/ccJVfPBj.s:523    .text:0000000000000300 .L0 
     /tmp/ccJVfPBj.s:524    .text:0000000000000300 .L0 
     /tmp/ccJVfPBj.s:530    .text:0000000000000308 .L0 
     /tmp/ccJVfPBj.s:536    .text:0000000000000310 .L0 
     /tmp/ccJVfPBj.s:542    .text:0000000000000318 .L0 
     /tmp/ccJVfPBj.s:545    .text:000000000000031c .L0 
     /tmp/ccJVfPBj.s:546    .text:0000000000000320 .L0 
     /tmp/ccJVfPBj.s:552    .text:0000000000000320 _ZN4_sem4waitEv
     /tmp/ccJVfPBj.s:555    .text:0000000000000320 .L0 
     /tmp/ccJVfPBj.s:557    .text:0000000000000320 .L0 
     /tmp/ccJVfPBj.s:558    .text:0000000000000324 .L0 
     /tmp/ccJVfPBj.s:561    .text:000000000000032c .L0 
     /tmp/ccJVfPBj.s:562    .text:000000000000032c .L0 
     /tmp/ccJVfPBj.s:564    .text:0000000000000330 .L0 
     /tmp/ccJVfPBj.s:566    .text:0000000000000330 .L0 
     /tmp/ccJVfPBj.s:567    .text:0000000000000330 .L0 
     /tmp/ccJVfPBj.s:571    .text:000000000000033c .L0 
     /tmp/ccJVfPBj.s:572    .text:0000000000000340 .L0 
     /tmp/ccJVfPBj.s:574    .text:0000000000000344 .L0 
     /tmp/ccJVfPBj.s:575    .text:0000000000000344 .L0 
     /tmp/ccJVfPBj.s:577    .text:0000000000000348 .L0 
     /tmp/ccJVfPBj.s:579    .text:000000000000034c .L0 
     /tmp/ccJVfPBj.s:585    .text:000000000000034c _ZN4_sem12unblockReadyEv
     /tmp/ccJVfPBj.s:588    .text:000000000000034c .L0 
     /tmp/ccJVfPBj.s:590    .text:000000000000034c .L0 
     /tmp/ccJVfPBj.s:591    .text:0000000000000350 .L0 
     /tmp/ccJVfPBj.s:596    .text:0000000000000360 .L0 
     /tmp/ccJVfPBj.s:597    .text:0000000000000360 .L0 
     /tmp/ccJVfPBj.s:598    .text:0000000000000360 .L0 
     /tmp/ccJVfPBj.s:599    .text:0000000000000360 .L0 
     /tmp/ccJVfPBj.s:601    .text:0000000000000364 .L0 
     /tmp/ccJVfPBj.s:608    .text:000000000000036c .L0 
     /tmp/ccJVfPBj.s:609    .text:000000000000036c .L0 
     /tmp/ccJVfPBj.s:612    .text:0000000000000370 .L0 
     /tmp/ccJVfPBj.s:613    .text:0000000000000370 .L0 
     /tmp/ccJVfPBj.s:615    .text:0000000000000374 .L0 
     /tmp/ccJVfPBj.s:618    .text:000000000000037c .L0 
     /tmp/ccJVfPBj.s:619    .text:000000000000037c .L0 
     /tmp/ccJVfPBj.s:621    .text:0000000000000380 .L0 
     /tmp/ccJVfPBj.s:622    .text:0000000000000380 .L0 
     /tmp/ccJVfPBj.s:624    .text:0000000000000384 .L0 
     /tmp/ccJVfPBj.s:625    .text:0000000000000384 .L0 
     /tmp/ccJVfPBj.s:627    .text:0000000000000388 .L0 
     /tmp/ccJVfPBj.s:632    .text:000000000000038c .L0 
     /tmp/ccJVfPBj.s:633    .text:000000000000038c .L0 
     /tmp/ccJVfPBj.s:634    .text:000000000000038c .L0 
     /tmp/ccJVfPBj.s:636    .text:0000000000000390 .L0 
     /tmp/ccJVfPBj.s:638    .text:0000000000000394 .L0 
GAS LISTING /tmp/ccJVfPBj.s 			page 28


     /tmp/ccJVfPBj.s:640    .text:0000000000000398 .L0 
     /tmp/ccJVfPBj.s:642    .text:000000000000039c .L0 
     /tmp/ccJVfPBj.s:646    .text:00000000000003a0 .L0 
     /tmp/ccJVfPBj.s:647    .text:00000000000003a0 .L0 
     /tmp/ccJVfPBj.s:648    .text:00000000000003a0 .L0 
     /tmp/ccJVfPBj.s:650    .text:00000000000003a4 .L0 
     /tmp/ccJVfPBj.s:652    .text:00000000000003a8 .L0 
     /tmp/ccJVfPBj.s:656    .text:00000000000003b0 .L0 
     /tmp/ccJVfPBj.s:657    .text:00000000000003b0 .L0 
     /tmp/ccJVfPBj.s:661    .text:00000000000003bc .L0 
     /tmp/ccJVfPBj.s:662    .text:00000000000003bc .L0 
     /tmp/ccJVfPBj.s:670    .text:00000000000003cc .L0 
     /tmp/ccJVfPBj.s:671    .text:00000000000003d0 .L0 
     /tmp/ccJVfPBj.s:673    .text:00000000000003d4 .L0 
     /tmp/ccJVfPBj.s:674    .text:00000000000003d4 .L0 
     /tmp/ccJVfPBj.s:676    .text:00000000000003d8 .L0 
     /tmp/ccJVfPBj.s:678    .text:00000000000003dc .L0 
     /tmp/ccJVfPBj.s:681    .text:00000000000003e0 .L0 
     /tmp/ccJVfPBj.s:683    .text:00000000000003e4 .L0 
     /tmp/ccJVfPBj.s:689    .text:00000000000003e4 _ZN4_sem7signalNEj
     /tmp/ccJVfPBj.s:692    .text:00000000000003e4 .L0 
     /tmp/ccJVfPBj.s:694    .text:00000000000003e4 .L0 
     /tmp/ccJVfPBj.s:695    .text:00000000000003e4 .L0 
     /tmp/ccJVfPBj.s:696    .text:00000000000003e4 .L0 
     /tmp/ccJVfPBj.s:698    .text:00000000000003e8 .L0 
     /tmp/ccJVfPBj.s:700    .text:00000000000003ec .L0 
     /tmp/ccJVfPBj.s:702    .text:00000000000003f0 .L0 
     /tmp/ccJVfPBj.s:705    .text:00000000000003f4 .L0 
     /tmp/ccJVfPBj.s:709    .text:00000000000003f8 .L0 
     /tmp/ccJVfPBj.s:710    .text:00000000000003fc .L0 
     /tmp/ccJVfPBj.s:713    .text:0000000000000404 .L0 
     /tmp/ccJVfPBj.s:714    .text:0000000000000404 .L0 
     /tmp/ccJVfPBj.s:716    .text:0000000000000408 .L0 
     /tmp/ccJVfPBj.s:718    .text:0000000000000408 .L0 
     /tmp/ccJVfPBj.s:719    .text:0000000000000408 .L0 
     /tmp/ccJVfPBj.s:724    .text:0000000000000414 .L0 
     /tmp/ccJVfPBj.s:725    .text:0000000000000414 .L0 
     /tmp/ccJVfPBj.s:728    .text:000000000000041c .L0 
     /tmp/ccJVfPBj.s:729    .text:000000000000041c .L0 
     /tmp/ccJVfPBj.s:731    .text:0000000000000420 .L0 
     /tmp/ccJVfPBj.s:732    .text:0000000000000424 .L0 
     /tmp/ccJVfPBj.s:734    .text:0000000000000428 .L0 
     /tmp/ccJVfPBj.s:735    .text:0000000000000428 .L0 
     /tmp/ccJVfPBj.s:737    .text:000000000000042c .L0 
     /tmp/ccJVfPBj.s:742    .text:0000000000000430 .L0 
     /tmp/ccJVfPBj.s:745    .text:0000000000000438 .L0 
     /tmp/ccJVfPBj.s:751    .text:0000000000000438 _ZN4_sem6signalEv
     /tmp/ccJVfPBj.s:754    .text:0000000000000438 .L0 
     /tmp/ccJVfPBj.s:756    .text:0000000000000438 .L0 
     /tmp/ccJVfPBj.s:757    .text:000000000000043c .L0 
     /tmp/ccJVfPBj.s:760    .text:0000000000000444 .L0 
     /tmp/ccJVfPBj.s:761    .text:0000000000000444 .L0 
     /tmp/ccJVfPBj.s:763    .text:0000000000000448 .L0 
     /tmp/ccJVfPBj.s:765    .text:0000000000000448 .L0 
     /tmp/ccJVfPBj.s:766    .text:0000000000000448 .L0 
     /tmp/ccJVfPBj.s:770    .text:0000000000000454 .L0 
     /tmp/ccJVfPBj.s:771    .text:0000000000000458 .L0 
GAS LISTING /tmp/ccJVfPBj.s 			page 29


     /tmp/ccJVfPBj.s:773    .text:000000000000045c .L0 
     /tmp/ccJVfPBj.s:774    .text:000000000000045c .L0 
     /tmp/ccJVfPBj.s:776    .text:0000000000000460 .L0 
     /tmp/ccJVfPBj.s:778    .text:0000000000000464 .L0 
     /tmp/ccJVfPBj.s:784    .text:0000000000000464 _ZN4_sem10unblockAllEv
     /tmp/ccJVfPBj.s:787    .text:0000000000000464 .L0 
     /tmp/ccJVfPBj.s:789    .text:0000000000000464 .L0 
     /tmp/ccJVfPBj.s:790    .text:0000000000000468 .L0 
     /tmp/ccJVfPBj.s:795    .text:0000000000000478 .L0 
     /tmp/ccJVfPBj.s:796    .text:0000000000000478 .L0 
     /tmp/ccJVfPBj.s:797    .text:0000000000000478 .L0 
     /tmp/ccJVfPBj.s:798    .text:0000000000000478 .L0 
     /tmp/ccJVfPBj.s:800    .text:000000000000047c .L0 
     /tmp/ccJVfPBj.s:805    .text:0000000000000480 .L0 
     /tmp/ccJVfPBj.s:806    .text:0000000000000480 .L0 
     /tmp/ccJVfPBj.s:807    .text:0000000000000480 .L0 
     /tmp/ccJVfPBj.s:809    .text:0000000000000484 .L0 
     /tmp/ccJVfPBj.s:813    .text:0000000000000488 .L0 
     /tmp/ccJVfPBj.s:814    .text:0000000000000488 .L0 
     /tmp/ccJVfPBj.s:815    .text:0000000000000488 .L0 
     /tmp/ccJVfPBj.s:817    .text:000000000000048c .L0 
     /tmp/ccJVfPBj.s:819    .text:0000000000000490 .L0 
     /tmp/ccJVfPBj.s:820    .text:0000000000000490 .L0 
     /tmp/ccJVfPBj.s:823    .text:0000000000000498 .L0 
     /tmp/ccJVfPBj.s:824    .text:0000000000000498 .L0 
     /tmp/ccJVfPBj.s:826    .text:000000000000049c .L0 
     /tmp/ccJVfPBj.s:827    .text:000000000000049c .L0 
     /tmp/ccJVfPBj.s:829    .text:00000000000004a0 .L0 
     /tmp/ccJVfPBj.s:831    .text:00000000000004a4 .L0 
     /tmp/ccJVfPBj.s:832    .text:00000000000004a4 .L0 
     /tmp/ccJVfPBj.s:836    .text:00000000000004b0 .L0 
     /tmp/ccJVfPBj.s:837    .text:00000000000004b0 .L0 
     /tmp/ccJVfPBj.s:845    .text:00000000000004c0 .L0 
     /tmp/ccJVfPBj.s:846    .text:00000000000004c0 .L0 
     /tmp/ccJVfPBj.s:848    .text:00000000000004c4 .L0 
     /tmp/ccJVfPBj.s:849    .text:00000000000004c8 .L0 
     /tmp/ccJVfPBj.s:851    .text:00000000000004cc .L0 
     /tmp/ccJVfPBj.s:852    .text:00000000000004cc .L0 
     /tmp/ccJVfPBj.s:854    .text:00000000000004d0 .L0 
     /tmp/ccJVfPBj.s:856    .text:00000000000004d4 .L0 
     /tmp/ccJVfPBj.s:859    .text:00000000000004d8 .L0 
     /tmp/ccJVfPBj.s:861    .text:00000000000004dc .L0 
     /tmp/ccJVfPBj.s:867    .text:00000000000004dc _ZN4_sem5closeEv
     /tmp/ccJVfPBj.s:870    .text:00000000000004dc .L0 
     /tmp/ccJVfPBj.s:872    .text:00000000000004dc .L0 
     /tmp/ccJVfPBj.s:873    .text:00000000000004dc .L0 
     /tmp/ccJVfPBj.s:874    .text:00000000000004dc .L0 
     /tmp/ccJVfPBj.s:876    .text:00000000000004e0 .L0 
     /tmp/ccJVfPBj.s:878    .text:00000000000004e4 .L0 
     /tmp/ccJVfPBj.s:879    .text:00000000000004e8 .L0 
     /tmp/ccJVfPBj.s:882    .text:00000000000004f0 .L0 
     /tmp/ccJVfPBj.s:883    .text:00000000000004f0 .L0 
     /tmp/ccJVfPBj.s:885    .text:00000000000004f4 .L0 
     /tmp/ccJVfPBj.s:887    .text:00000000000004f4 .L0 
     /tmp/ccJVfPBj.s:888    .text:00000000000004f4 .L0 
     /tmp/ccJVfPBj.s:891    .text:00000000000004fc .L0 
     /tmp/ccJVfPBj.s:892    .text:00000000000004fc .L0 
GAS LISTING /tmp/ccJVfPBj.s 			page 30


     /tmp/ccJVfPBj.s:895    .text:0000000000000504 .L0 
     /tmp/ccJVfPBj.s:896    .text:0000000000000504 .L0 
     /tmp/ccJVfPBj.s:898    .text:0000000000000508 .L0 
     /tmp/ccJVfPBj.s:899    .text:000000000000050c .L0 
     /tmp/ccJVfPBj.s:901    .text:0000000000000510 .L0 
     /tmp/ccJVfPBj.s:902    .text:0000000000000510 .L0 
     /tmp/ccJVfPBj.s:904    .text:0000000000000514 .L0 
     /tmp/ccJVfPBj.s:909    .text:0000000000000518 .L0 
     /tmp/ccJVfPBj.s:912    .text:000000000000051c .L0 
     /tmp/ccJVfPBj.s:913    .text:0000000000000520 .L0 
     /tmp/ccJVfPBj.s:922    .text:0000000000000520 .L0 
     /tmp/ccJVfPBj.s:442    .text:0000000000000268 .L0 
     /tmp/ccJVfPBj.s:490    .text:00000000000002bc .L0 
     /tmp/ccJVfPBj.s:130    .text:00000000000000c0 .L8
     /tmp/ccJVfPBj.s:259    .text:0000000000000170 .L17
     /tmp/ccJVfPBj.s:419    .text:0000000000000264 .L29
     /tmp/ccJVfPBj.s:356    .text:0000000000000210 .L32
     /tmp/ccJVfPBj.s:366    .text:000000000000021c .L33
     /tmp/ccJVfPBj.s:378    .text:000000000000022c .L26
     /tmp/ccJVfPBj.s:330    .text:00000000000001e0 .L27
     /tmp/ccJVfPBj.s:388    .text:0000000000000238 .L22
     /tmp/ccJVfPBj.s:412    .text:000000000000025c .L34
     /tmp/ccJVfPBj.s:528    .text:0000000000000308 .L38
     /tmp/ccJVfPBj.s:534    .text:0000000000000310 .L39
     /tmp/ccJVfPBj.s:540    .text:0000000000000318 .L40
     /tmp/ccJVfPBj.s:511    .text:00000000000002ec .L44
     /tmp/ccJVfPBj.s:458    .text:000000000000028c .L37
     /tmp/ccJVfPBj.s:629    .text:000000000000038c .L50
     /tmp/ccJVfPBj.s:654    .text:00000000000003b0 .L53
     /tmp/ccJVfPBj.s:667    .text:00000000000003cc .L47
     /tmp/ccJVfPBj.s:610    .text:0000000000000370 .L49
     /tmp/ccJVfPBj.s:605    .text:000000000000036c .L54
     /tmp/ccJVfPBj.s:740    .text:0000000000000430 .L57
     /tmp/ccJVfPBj.s:707    .text:00000000000003f8 .L63
     /tmp/ccJVfPBj.s:842    .text:00000000000004c0 .L67
     /tmp/ccJVfPBj.s:803    .text:0000000000000480 .L68
     /tmp/ccJVfPBj.s:907    .text:0000000000000518 .L73
     /tmp/ccJVfPBj.s:2483   .debug_abbrev:0000000000000000 .Ldebug_abbrev0
     /tmp/ccJVfPBj.s:4188   .debug_str:000000000000069c .LASF120
     /tmp/ccJVfPBj.s:4044   .debug_str:000000000000029a .LASF121
     /tmp/ccJVfPBj.s:4014   .debug_str:0000000000000195 .LASF122
     /tmp/ccJVfPBj.s:5      .text:0000000000000000 .Ltext0
     /tmp/ccJVfPBj.s:916    .text:0000000000000520 .Letext0
     /tmp/ccJVfPBj.s:3958   .debug_line:0000000000000000 .Ldebug_line0
     /tmp/ccJVfPBj.s:4112   .debug_str:0000000000000459 .LASF0
     /tmp/ccJVfPBj.s:4122   .debug_str:00000000000004be .LASF1
     /tmp/ccJVfPBj.s:4092   .debug_str:00000000000003c9 .LASF2
     /tmp/ccJVfPBj.s:4060   .debug_str:0000000000000317 .LASF4
     /tmp/ccJVfPBj.s:4168   .debug_str:00000000000005de .LASF3
     /tmp/ccJVfPBj.s:3988   .debug_str:00000000000000b6 .LASF5
     /tmp/ccJVfPBj.s:4126   .debug_str:00000000000004d8 .LASF6
     /tmp/ccJVfPBj.s:4110   .debug_str:0000000000000446 .LASF7
     /tmp/ccJVfPBj.s:4204   .debug_str:00000000000007c3 .LASF8
     /tmp/ccJVfPBj.s:4042   .debug_str:000000000000028c .LASF9
     /tmp/ccJVfPBj.s:4142   .debug_str:0000000000000535 .LASF10
     /tmp/ccJVfPBj.s:4194   .debug_str:000000000000076d .LASF11
     /tmp/ccJVfPBj.s:3992   .debug_str:00000000000000c4 .LASF12
GAS LISTING /tmp/ccJVfPBj.s 			page 31


     /tmp/ccJVfPBj.s:3966   .debug_str:0000000000000029 .LASF13
     /tmp/ccJVfPBj.s:4004   .debug_str:000000000000012c .LASF14
     /tmp/ccJVfPBj.s:4160   .debug_str:00000000000005a9 .LASF15
     /tmp/ccJVfPBj.s:4016   .debug_str:00000000000001b8 .LASF16
     /tmp/ccJVfPBj.s:4058   .debug_str:0000000000000312 .LASF27
     /tmp/ccJVfPBj.s:3974   .debug_str:0000000000000052 .LASF95
     /tmp/ccJVfPBj.s:4130   .debug_str:0000000000000503 .LASF17
     /tmp/ccJVfPBj.s:3984   .debug_str:0000000000000088 .LASF18
     /tmp/ccJVfPBj.s:4124   .debug_str:00000000000004d1 .LASF19
     /tmp/ccJVfPBj.s:4226   .debug_str:000000000000086e .LASF20
     /tmp/ccJVfPBj.s:4210   .debug_str:0000000000000802 .LASF21
     /tmp/ccJVfPBj.s:4018   .debug_str:00000000000001ce .LASF23
     /tmp/ccJVfPBj.s:4172   .debug_str:0000000000000604 .LASF42
     /tmp/ccJVfPBj.s:4036   .debug_str:0000000000000269 .LASF44
     /tmp/ccJVfPBj.s:4180   .debug_str:0000000000000648 .LASF29
     /tmp/ccJVfPBj.s:4216   .debug_str:000000000000081e .LASF22
     /tmp/ccJVfPBj.s:3996   .debug_str:00000000000000e8 .LASF24
     /tmp/ccJVfPBj.s:4020   .debug_str:00000000000001db .LASF25
     /tmp/ccJVfPBj.s:4230   .debug_str:0000000000000878 .LASF26
     /tmp/ccJVfPBj.s:3960   .debug_str:0000000000000000 .LASF28
     /tmp/ccJVfPBj.s:4200   .debug_str:00000000000007a9 .LASF30
     /tmp/ccJVfPBj.s:4034   .debug_str:0000000000000264 .LASF31
     /tmp/ccJVfPBj.s:4154   .debug_str:0000000000000579 .LASF32
     /tmp/ccJVfPBj.s:4132   .debug_str:000000000000050a .LASF33
     /tmp/ccJVfPBj.s:4050   .debug_str:00000000000002e7 .LASF34
     /tmp/ccJVfPBj.s:3968   .debug_str:0000000000000039 .LASF35
     /tmp/ccJVfPBj.s:3976   .debug_str:000000000000005e .LASF36
     /tmp/ccJVfPBj.s:4158   .debug_str:00000000000005a1 .LASF37
     /tmp/ccJVfPBj.s:3962   .debug_str:0000000000000006 .LASF38
     /tmp/ccJVfPBj.s:4090   .debug_str:00000000000003c2 .LASF39
     /tmp/ccJVfPBj.s:4022   .debug_str:00000000000001ec .LASF40
     /tmp/ccJVfPBj.s:4084   .debug_str:0000000000000397 .LASF41
     /tmp/ccJVfPBj.s:4068   .debug_str:0000000000000332 .LASF43
     /tmp/ccJVfPBj.s:4198   .debug_str:0000000000000787 .LASF45
     /tmp/ccJVfPBj.s:4070   .debug_str:0000000000000338 .LASF46
     /tmp/ccJVfPBj.s:4118   .debug_str:00000000000004a0 .LASF47
     /tmp/ccJVfPBj.s:4052   .debug_str:00000000000002f9 .LASF112
     /tmp/ccJVfPBj.s:4108   .debug_str:000000000000042f .LASF114
     /tmp/ccJVfPBj.s:4056   .debug_str:000000000000030a .LASF48
     /tmp/ccJVfPBj.s:3972   .debug_str:000000000000004c .LASF123
     /tmp/ccJVfPBj.s:4190   .debug_str:0000000000000760 .LASF49
     /tmp/ccJVfPBj.s:4140   .debug_str:000000000000052f .LASF50
     /tmp/ccJVfPBj.s:4134   .debug_str:0000000000000511 .LASF51
     /tmp/ccJVfPBj.s:4062   .debug_str:000000000000031e .LASF52
     /tmp/ccJVfPBj.s:4148   .debug_str:0000000000000566 .LASF53
     /tmp/ccJVfPBj.s:4024   .debug_str:00000000000001f1 .LASF124
     /tmp/ccJVfPBj.s:4164   .debug_str:00000000000005c6 .LASF54
     /tmp/ccJVfPBj.s:4040   .debug_str:000000000000027c .LASF55
     /tmp/ccJVfPBj.s:3964   .debug_str:0000000000000019 .LASF56
     /tmp/ccJVfPBj.s:4222   .debug_str:0000000000000851 .LASF57
     /tmp/ccJVfPBj.s:4176   .debug_str:0000000000000630 .LASF58
     /tmp/ccJVfPBj.s:4106   .debug_str:000000000000041e .LASF59
     /tmp/ccJVfPBj.s:4116   .debug_str:0000000000000485 .LASF60
     /tmp/ccJVfPBj.s:4152   .debug_str:0000000000000574 .LASF125
     /tmp/ccJVfPBj.s:4074   .debug_str:000000000000034e .LASF61
     /tmp/ccJVfPBj.s:4010   .debug_str:0000000000000160 .LASF62
     /tmp/ccJVfPBj.s:4012   .debug_str:0000000000000187 .LASF63
GAS LISTING /tmp/ccJVfPBj.s 			page 32


     /tmp/ccJVfPBj.s:4114   .debug_str:0000000000000466 .LASF64
     /tmp/ccJVfPBj.s:4218   .debug_str:000000000000082e .LASF126
     /tmp/ccJVfPBj.s:4182   .debug_str:0000000000000655 .LASF127
     /tmp/ccJVfPBj.s:4078   .debug_str:0000000000000369 .LASF90
     /tmp/ccJVfPBj.s:4206   .debug_str:00000000000007d3 .LASF92
     /tmp/ccJVfPBj.s:4102   .debug_str:0000000000000406 .LASF65
     /tmp/ccJVfPBj.s:4184   .debug_str:000000000000066c .LASF66
     /tmp/ccJVfPBj.s:4066   .debug_str:000000000000032b .LASF67
     /tmp/ccJVfPBj.s:4096   .debug_str:00000000000003dd .LASF68
     /tmp/ccJVfPBj.s:4202   .debug_str:00000000000007ba .LASF69
     /tmp/ccJVfPBj.s:4128   .debug_str:00000000000004eb .LASF70
     /tmp/ccJVfPBj.s:4196   .debug_str:000000000000077c .LASF71
     /tmp/ccJVfPBj.s:4220   .debug_str:0000000000000837 .LASF72
     /tmp/ccJVfPBj.s:4072   .debug_str:0000000000000345 .LASF73
     /tmp/ccJVfPBj.s:4156   .debug_str:0000000000000589 .LASF74
     /tmp/ccJVfPBj.s:4098   .debug_str:00000000000003f3 .LASF75
     /tmp/ccJVfPBj.s:4006   .debug_str:0000000000000138 .LASF76
     /tmp/ccJVfPBj.s:4082   .debug_str:000000000000038a .LASF77
     /tmp/ccJVfPBj.s:4146   .debug_str:0000000000000549 .LASF78
     /tmp/ccJVfPBj.s:4032   .debug_str:000000000000025c .LASF79
     /tmp/ccJVfPBj.s:4162   .debug_str:00000000000005bf .LASF80
     /tmp/ccJVfPBj.s:3998   .debug_str:0000000000000104 .LASF81
     /tmp/ccJVfPBj.s:4170   .debug_str:00000000000005f0 .LASF82
     /tmp/ccJVfPBj.s:4064   .debug_str:0000000000000326 .LASF83
     /tmp/ccJVfPBj.s:4054   .debug_str:0000000000000304 .LASF84
     /tmp/ccJVfPBj.s:4166   .debug_str:00000000000005d6 .LASF85
     /tmp/ccJVfPBj.s:3978   .debug_str:000000000000006f .LASF86
     /tmp/ccJVfPBj.s:3982   .debug_str:0000000000000082 .LASF87
     /tmp/ccJVfPBj.s:4076   .debug_str:000000000000035b .LASF128
     /tmp/ccJVfPBj.s:4048   .debug_str:00000000000002ca .LASF129
     /tmp/ccJVfPBj.s:4192   .debug_str:0000000000000768 .LASF88
     /tmp/ccJVfPBj.s:4136   .debug_str:0000000000000519 .LASF89
     /tmp/ccJVfPBj.s:4174   .debug_str:0000000000000614 .LASF130
     /tmp/ccJVfPBj.s:3994   .debug_str:00000000000000d4 .LASF131
     /tmp/ccJVfPBj.s:4008   .debug_str:0000000000000158 .LASF91
     /tmp/ccJVfPBj.s:4026   .debug_str:00000000000001f9 .LASF93
     /tmp/ccJVfPBj.s:4104   .debug_str:000000000000040e .LASF94
     /tmp/ccJVfPBj.s:4002   .debug_str:0000000000000122 .LASF96
     /tmp/ccJVfPBj.s:4178   .debug_str:0000000000000643 .LASF97
     /tmp/ccJVfPBj.s:4214   .debug_str:0000000000000819 .LASF98
     /tmp/ccJVfPBj.s:4224   .debug_str:0000000000000862 .LASF99
     /tmp/ccJVfPBj.s:3986   .debug_str:0000000000000092 .LASF100
     /tmp/ccJVfPBj.s:3990   .debug_str:00000000000000bd .LASF101
     /tmp/ccJVfPBj.s:4046   .debug_str:00000000000002ac .LASF102
     /tmp/ccJVfPBj.s:4038   .debug_str:0000000000000277 .LASF103
     /tmp/ccJVfPBj.s:4088   .debug_str:00000000000003a5 .LASF104
     /tmp/ccJVfPBj.s:4080   .debug_str:000000000000036e .LASF105
     /tmp/ccJVfPBj.s:4100   .debug_str:00000000000003fc .LASF132
     /tmp/ccJVfPBj.s:4208   .debug_str:00000000000007e6 .LASF133
     /tmp/ccJVfPBj.s:4086   .debug_str:000000000000039c .LASF106
     /tmp/ccJVfPBj.s:3980   .debug_str:0000000000000079 .LASF107
     /tmp/ccJVfPBj.s:4138   .debug_str:0000000000000523 .LASF108
     /tmp/ccJVfPBj.s:4186   .debug_str:0000000000000683 .LASF109
     /tmp/ccJVfPBj.s:4228   .debug_str:0000000000000873 .LASF110
     /tmp/ccJVfPBj.s:4028   .debug_str:0000000000000211 .LASF111
     /tmp/ccJVfPBj.s:4212   .debug_str:000000000000080f .LASF113
     /tmp/ccJVfPBj.s:4030   .debug_str:000000000000022d .LASF115
GAS LISTING /tmp/ccJVfPBj.s 			page 33


     /tmp/ccJVfPBj.s:785    .text:0000000000000464 .LFB15
     /tmp/ccJVfPBj.s:862    .text:00000000000004dc .LFE15
     /tmp/ccJVfPBj.s:4150   .debug_str:000000000000056f .LASF117
     /tmp/ccJVfPBj.s:3481   .debug_loc:0000000000000000 .LLST17
     /tmp/ccJVfPBj.s:810    .text:0000000000000488 .LBB5
     /tmp/ccJVfPBj.s:843    .text:00000000000004c0 .LBE5
     /tmp/ccJVfPBj.s:4120   .debug_str:00000000000004b9 .LASF116
     /tmp/ccJVfPBj.s:3499   .debug_loc:000000000000004c .LLST18
     /tmp/ccJVfPBj.s:834    .text:00000000000004b0 .LVL75
     /tmp/ccJVfPBj.s:839    .text:00000000000004bc .LVL76
     /tmp/ccJVfPBj.s:586    .text:000000000000034c .LFB14
     /tmp/ccJVfPBj.s:684    .text:00000000000003e4 .LFE14
     /tmp/ccJVfPBj.s:3506   .debug_loc:000000000000006f .LLST12
     /tmp/ccJVfPBj.s:3950   .debug_ranges:0000000000000000 .Ldebug_ranges0
     /tmp/ccJVfPBj.s:3524   .debug_loc:00000000000000bb .LLST13
     /tmp/ccJVfPBj.s:659    .text:00000000000003bc .LVL59
     /tmp/ccJVfPBj.s:664    .text:00000000000003c8 .LVL60
     /tmp/ccJVfPBj.s:272    .text:0000000000000178 .LFB13
     /tmp/ccJVfPBj.s:430    .text:0000000000000268 .LFE13
     /tmp/ccJVfPBj.s:3535   .debug_loc:00000000000000f1 .LLST5
     /tmp/ccJVfPBj.s:3569   .debug_loc:0000000000000189 .LLST6
     /tmp/ccJVfPBj.s:3603   .debug_loc:0000000000000221 .LLST7
     /tmp/ccJVfPBj.s:4144   .debug_str:0000000000000544 .LASF118
     /tmp/ccJVfPBj.s:3626   .debug_loc:0000000000000290 .LLST8
     /tmp/ccJVfPBj.s:312    .text:00000000000001c0 .LVL24
     /tmp/ccJVfPBj.s:319    .text:00000000000001d4 .LVL25
     /tmp/ccJVfPBj.s:337    .text:00000000000001f0 .LVL28
     /tmp/ccJVfPBj.s:342    .text:0000000000000200 .LVL29
     /tmp/ccJVfPBj.s:690    .text:00000000000003e4 .LFB12
     /tmp/ccJVfPBj.s:746    .text:0000000000000438 .LFE12
     /tmp/ccJVfPBj.s:3650   .debug_loc:0000000000000300 .LLST14
     /tmp/ccJVfPBj.s:3686   .debug_loc:000000000000038b .LLST15
     /tmp/ccJVfPBj.s:726    .text:000000000000041c .LVL67
     /tmp/ccJVfPBj.s:436    .text:0000000000000268 .LFB11
     /tmp/ccJVfPBj.s:547    .text:0000000000000320 .LFE11
     /tmp/ccJVfPBj.s:3704   .debug_loc:00000000000003d7 .LLST9
     /tmp/ccJVfPBj.s:3762   .debug_loc:00000000000004b4 .LLST10
     /tmp/ccJVfPBj.s:486    .text:00000000000002b8 .LVL42
     /tmp/ccJVfPBj.s:493    .text:00000000000002d0 .LVL43
     /tmp/ccJVfPBj.s:497    .text:00000000000002d8 .LVL44
     /tmp/ccJVfPBj.s:752    .text:0000000000000438 .LFB10
     /tmp/ccJVfPBj.s:779    .text:0000000000000464 .LFE10
     /tmp/ccJVfPBj.s:3785   .debug_loc:0000000000000514 .LLST16
     /tmp/ccJVfPBj.s:768    .text:0000000000000454 .LVL71
     /tmp/ccJVfPBj.s:553    .text:0000000000000320 .LFB9
     /tmp/ccJVfPBj.s:580    .text:000000000000034c .LFE9
     /tmp/ccJVfPBj.s:3799   .debug_loc:000000000000054d .LLST11
     /tmp/ccJVfPBj.s:569    .text:000000000000033c .LVL54
     /tmp/ccJVfPBj.s:868    .text:00000000000004dc .LFB8
     /tmp/ccJVfPBj.s:914    .text:0000000000000520 .LFE8
     /tmp/ccJVfPBj.s:3813   .debug_loc:0000000000000586 .LLST19
     /tmp/ccJVfPBj.s:893    .text:0000000000000504 .LVL80
     /tmp/ccJVfPBj.s:227    .text:0000000000000140 .LFB7
     /tmp/ccJVfPBj.s:266    .text:0000000000000178 .LFE7
     /tmp/ccJVfPBj.s:3838   .debug_loc:00000000000005e8 .LLST4
     /tmp/ccJVfPBj.s:245    .text:000000000000015c .LVL19
     /tmp/ccJVfPBj.s:179    .text:00000000000000ec .LFB6
GAS LISTING /tmp/ccJVfPBj.s 			page 34


     /tmp/ccJVfPBj.s:221    .text:0000000000000140 .LFE6
     /tmp/ccJVfPBj.s:3863   .debug_loc:000000000000064a .LLST3
     /tmp/ccJVfPBj.s:201    .text:0000000000000114 .LVL16
     /tmp/ccJVfPBj.s:205    .text:0000000000000124 .LVL17
     /tmp/ccJVfPBj.s:3970   .debug_str:000000000000003f .LASF134
     /tmp/ccJVfPBj.s:139    .text:00000000000000c4 .LFB4
     /tmp/ccJVfPBj.s:171    .text:00000000000000ec .LFE4
     /tmp/ccJVfPBj.s:91     .text:000000000000007c .LFB2
     /tmp/ccJVfPBj.s:133    .text:00000000000000c4 .LFE2
     /tmp/ccJVfPBj.s:3877   .debug_loc:0000000000000683 .LLST2
     /tmp/ccJVfPBj.s:112    .text:00000000000000a0 .LVL9
     /tmp/ccJVfPBj.s:116    .text:00000000000000ac .LVL10
     /tmp/ccJVfPBj.s:40     .text:0000000000000020 .LFB1
     /tmp/ccJVfPBj.s:85     .text:000000000000007c .LFE1
     /tmp/ccJVfPBj.s:3899   .debug_loc:00000000000006e2 .LLST1
     /tmp/ccJVfPBj.s:60     .text:0000000000000044 .LVL4
     /tmp/ccJVfPBj.s:65     .text:0000000000000054 .LVL5
     /tmp/ccJVfPBj.s:69     .text:0000000000000064 .LVL6
     /tmp/ccJVfPBj.s:4000   .debug_str:000000000000010a .LASF135
     /tmp/ccJVfPBj.s:9      .text:0000000000000000 .LFB0
     /tmp/ccJVfPBj.s:34     .text:0000000000000020 .LFE0
     /tmp/ccJVfPBj.s:4094   .debug_str:00000000000003d7 .LASF119
     /tmp/ccJVfPBj.s:3917   .debug_loc:000000000000072e .LLST0
     /tmp/ccJVfPBj.s:788    .text:0000000000000464 .LVL72
     /tmp/ccJVfPBj.s:802    .text:0000000000000480 .LVL73
     /tmp/ccJVfPBj.s:857    .text:00000000000004d4 .LVL78
     /tmp/ccJVfPBj.s:812    .text:0000000000000488 .LVL74
     /tmp/ccJVfPBj.s:841    .text:00000000000004c0 .LVL77
     /tmp/ccJVfPBj.s:589    .text:000000000000034c .LVL55
     /tmp/ccJVfPBj.s:604    .text:000000000000036c .LVL56
     /tmp/ccJVfPBj.s:679    .text:00000000000003dc .LVL62
     /tmp/ccJVfPBj.s:628    .text:000000000000038c .LVL57
     /tmp/ccJVfPBj.s:645    .text:00000000000003a0 .LVL58
     /tmp/ccJVfPBj.s:666    .text:00000000000003cc .LVL61
     /tmp/ccJVfPBj.s:275    .text:0000000000000178 .LVL22
     /tmp/ccJVfPBj.s:310    .text:00000000000001b8 .LVL23
     /tmp/ccJVfPBj.s:355    .text:0000000000000210 .LVL32
     /tmp/ccJVfPBj.s:365    .text:000000000000021c .LVL33
     /tmp/ccJVfPBj.s:407    .text:0000000000000254 .LVL37
     /tmp/ccJVfPBj.s:411    .text:000000000000025c .LVL38
     /tmp/ccJVfPBj.s:418    .text:0000000000000264 .LVL39
     /tmp/ccJVfPBj.s:402    .text:000000000000024c .LVL36
     /tmp/ccJVfPBj.s:325    .text:00000000000001dc .LVL26
     /tmp/ccJVfPBj.s:346    .text:0000000000000204 .LVL30
     /tmp/ccJVfPBj.s:352    .text:000000000000020c .LVL31
     /tmp/ccJVfPBj.s:377    .text:000000000000022c .LVL34
     /tmp/ccJVfPBj.s:387    .text:0000000000000238 .LVL35
     /tmp/ccJVfPBj.s:329    .text:00000000000001e0 .LVL27
     /tmp/ccJVfPBj.s:693    .text:00000000000003e4 .LVL63
     /tmp/ccJVfPBj.s:703    .text:00000000000003f4 .LVL64
     /tmp/ccJVfPBj.s:706    .text:00000000000003f8 .LVL65
     /tmp/ccJVfPBj.s:739    .text:0000000000000430 .LVL68
     /tmp/ccJVfPBj.s:743    .text:0000000000000434 .LVL69
     /tmp/ccJVfPBj.s:721    .text:0000000000000410 .LVL66
     /tmp/ccJVfPBj.s:439    .text:0000000000000268 .LVL40
     /tmp/ccJVfPBj.s:510    .text:00000000000002ec .LVL45
     /tmp/ccJVfPBj.s:525    .text:0000000000000304 .LVL46
GAS LISTING /tmp/ccJVfPBj.s 			page 35


     /tmp/ccJVfPBj.s:527    .text:0000000000000308 .LVL47
     /tmp/ccJVfPBj.s:531    .text:000000000000030c .LVL48
     /tmp/ccJVfPBj.s:533    .text:0000000000000310 .LVL49
     /tmp/ccJVfPBj.s:537    .text:0000000000000314 .LVL50
     /tmp/ccJVfPBj.s:539    .text:0000000000000318 .LVL51
     /tmp/ccJVfPBj.s:543    .text:000000000000031c .LVL52
     /tmp/ccJVfPBj.s:484    .text:00000000000002b0 .LVL41
     /tmp/ccJVfPBj.s:755    .text:0000000000000438 .LVL70
     /tmp/ccJVfPBj.s:556    .text:0000000000000320 .LVL53
     /tmp/ccJVfPBj.s:871    .text:00000000000004dc .LVL79
     /tmp/ccJVfPBj.s:906    .text:0000000000000518 .LVL81
     /tmp/ccJVfPBj.s:910    .text:000000000000051c .LVL82
     /tmp/ccJVfPBj.s:230    .text:0000000000000140 .LVL18
     /tmp/ccJVfPBj.s:258    .text:0000000000000170 .LVL20
     /tmp/ccJVfPBj.s:262    .text:0000000000000174 .LVL21
     /tmp/ccJVfPBj.s:182    .text:00000000000000ec .LVL14
     /tmp/ccJVfPBj.s:199    .text:000000000000010c .LVL15
     /tmp/ccJVfPBj.s:94     .text:000000000000007c .LVL8
     /tmp/ccJVfPBj.s:125    .text:00000000000000b8 .LVL11
     /tmp/ccJVfPBj.s:129    .text:00000000000000c0 .LVL12
     /tmp/ccJVfPBj.s:43     .text:0000000000000020 .LVL3
     /tmp/ccJVfPBj.s:80     .text:0000000000000074 .LVL7
     /tmp/ccJVfPBj.s:13     .text:0000000000000000 .LVL0
     /tmp/ccJVfPBj.s:23     .text:0000000000000010 .LVL1
     /tmp/ccJVfPBj.s:26     .text:0000000000000014 .LVL2
     /tmp/ccJVfPBj.s:923    .debug_info:0000000000000000 .Ldebug_info0
     /tmp/ccJVfPBj.s:606    .text:000000000000036c .LBB3
     /tmp/ccJVfPBj.s:630    .text:000000000000038c .LBE3
     /tmp/ccJVfPBj.s:643    .text:00000000000003a0 .LBB4
     /tmp/ccJVfPBj.s:668    .text:00000000000003cc .LBE4

UNDEFINED SYMBOLS
_ZN15MemoryAllocator11getInstanceEv
_ZN15MemoryAllocator6mallocEm
_ZN15MemoryAllocator4freeEPv
_ZN7_thread5getIdEv
_ZN7_thread7runningE
_ZN7_thread8setStateENS_5StateE
_ZN7_thread8dispatchEv
_ZN9Scheduler3putEP7_thread
