GAS LISTING /tmp/ccX1OzM9.s 			page 1


   1              		.file	"syscall_c.cpp"
   2              		.option pic
   3              		.option norelax
   4              		.text
   5              	.Ltext0:
   6              		.align	2
   8              	_ZL9doSyscallmmmmm:
   9              	.LFB0:
  10              		.file 1 "src/syscall_c.cpp"
   1:src/syscall_c.cpp **** #include "../h/syscall_c.hpp"
   2:src/syscall_c.cpp **** 
   3:src/syscall_c.cpp **** static uint64 doSyscall(uint64 code, uint64 arg1 = 0, uint64 arg2 = 0,
   4:src/syscall_c.cpp ****                         uint64 arg3 = 0, uint64 arg4 = 0) {
  11              		.loc 1 4 59
  12              		.cfi_startproc
  13              	.LVL0:
  14 0000 130101FF 		addi	sp,sp,-16
  15              		.cfi_def_cfa_offset 16
  16 0004 23348100 		sd	s0,8(sp)
  17              		.cfi_offset 8, -8
  18 0008 13040101 		addi	s0,sp,16
  19              		.cfi_def_cfa 8, 0
   5:src/syscall_c.cpp ****     uint64 ret;
  20              		.loc 1 5 5
   6:src/syscall_c.cpp **** 
   7:src/syscall_c.cpp ****     asm volatile("mv a4, %0" : : "r"(arg4));
  21              		.loc 1 7 5
  22              		.loc 1 7 44 is_stmt 0
  23              	#APP
  24              	# 7 "src/syscall_c.cpp" 1
   8              	    asm volatile("mv a3, %0" : : "r"(arg3));
  25              		mv a4, a4
  26              	# 0 "" 2
  27              		.loc 1 8 5 is_stmt 1
  28              		.loc 1 8 44 is_stmt 0
  29              	# 8 "src/syscall_c.cpp" 1
   9              	    asm volatile("mv a2, %0" : : "r"(arg2));
  30              		mv a3, a3
  31              	# 0 "" 2
  32              		.loc 1 9 5 is_stmt 1
  33              		.loc 1 9 44 is_stmt 0
  34              	# 9 "src/syscall_c.cpp" 1
  10              	    asm volatile("mv a1, %0" : : "r"(arg1));
  35              		mv a2, a2
  36              	# 0 "" 2
  37              		.loc 1 10 5 is_stmt 1
  38              		.loc 1 10 44 is_stmt 0
  39              	# 10 "src/syscall_c.cpp" 1
  11              	    asm volatile("mv a0, %0" : : "r"(code));
  40              		mv a1, a1
  41              	# 0 "" 2
  42              		.loc 1 11 5 is_stmt 1
  43              		.loc 1 11 44 is_stmt 0
  44              	# 11 "src/syscall_c.cpp" 1
  12              	
  13:src/syscall_c.cpp ****     asm volatile("ecall");
  45              		mv a0, a0
GAS LISTING /tmp/ccX1OzM9.s 			page 2


  46              	# 0 "" 2
  47              		.loc 1 13 5 is_stmt 1
  48              		.loc 1 13 26 is_stmt 0
  49              	# 13 "src/syscall_c.cpp" 1
  14              	
  15:src/syscall_c.cpp ****     asm volatile("mv %0, a0" : "=r"(ret));
  50              		ecall
  51              	# 0 "" 2
  52              		.loc 1 15 5 is_stmt 1
  53              		.loc 1 15 42 is_stmt 0
  54              	# 15 "src/syscall_c.cpp" 1
  16              	
  55              		mv a0, a0
  56              	# 0 "" 2
  57              	.LVL1:
  17:src/syscall_c.cpp ****     return ret;
  58              		.loc 1 17 5 is_stmt 1
  18:src/syscall_c.cpp **** }
  59              		.loc 1 18 1 is_stmt 0
  60              	#NO_APP
  61 0028 03348100 		ld	s0,8(sp)
  62              		.cfi_restore 8
  63              		.cfi_def_cfa 2, 16
  64 002c 13010101 		addi	sp,sp,16
  65              		.cfi_def_cfa_offset 0
  66 0030 67800000 		jr	ra
  67              		.cfi_endproc
  68              	.LFE0:
  70              		.align	2
  71              		.globl	_Z9mem_allocm
  73              	_Z9mem_allocm:
  74              	.LFB1:
  19:src/syscall_c.cpp **** 
  20:src/syscall_c.cpp **** void* mem_alloc(size_t size) {
  75              		.loc 1 20 30 is_stmt 1
  76              		.cfi_startproc
  77              	.LVL2:
  21:src/syscall_c.cpp ****     if (size == 0) {
  78              		.loc 1 21 5
  79 0034 63020504 		beqz	a0,.L5
  20:src/syscall_c.cpp ****     if (size == 0) {
  80              		.loc 1 20 30 is_stmt 0
  81 0038 130101FF 		addi	sp,sp,-16
  82              		.cfi_def_cfa_offset 16
  83 003c 23341100 		sd	ra,8(sp)
  84 0040 23308100 		sd	s0,0(sp)
  85              		.cfi_offset 1, -8
  86              		.cfi_offset 8, -16
  87 0044 13040101 		addi	s0,sp,16
  88              		.cfi_def_cfa 8, 0
  22:src/syscall_c.cpp ****         return nullptr;
  23:src/syscall_c.cpp ****     }
  24:src/syscall_c.cpp **** 
  25:src/syscall_c.cpp ****     size_t numBlocks = (size + MEM_BLOCK_SIZE - 1) / MEM_BLOCK_SIZE;
  89              		.loc 1 25 5 is_stmt 1
  90              		.loc 1 25 47 is_stmt 0
  91 0048 1305F503 		addi	a0,a0,63
GAS LISTING /tmp/ccX1OzM9.s 			page 3


  92              	.LVL3:
  26:src/syscall_c.cpp **** 
  27:src/syscall_c.cpp ****     return (void*)doSyscall(0x01, numBlocks);
  93              		.loc 1 27 5 is_stmt 1
  94              		.loc 1 27 28 is_stmt 0
  95 004c 13070000 		li	a4,0
  96 0050 93060000 		li	a3,0
  97 0054 13060000 		li	a2,0
  98 0058 93556500 		srli	a1,a0,6
  99              	.LVL4:
 100 005c 13051000 		li	a0,1
 101              	.LVL5:
 102 0060 97000000 		call	_ZL9doSyscallmmmmm
 102      E7800000 
 103              	.LVL6:
  28:src/syscall_c.cpp **** }
 104              		.loc 1 28 1
 105 0068 83308100 		ld	ra,8(sp)
 106              		.cfi_restore 1
 107 006c 03340100 		ld	s0,0(sp)
 108              		.cfi_restore 8
 109              		.cfi_def_cfa 2, 16
 110 0070 13010101 		addi	sp,sp,16
 111              		.cfi_def_cfa_offset 0
 112 0074 67800000 		jr	ra
 113              	.LVL7:
 114              	.L5:
  22:src/syscall_c.cpp ****         return nullptr;
 115              		.loc 1 22 16
 116 0078 13050000 		li	a0,0
 117              	.LVL8:
 118              		.loc 1 28 1
 119 007c 67800000 		ret
 120              		.cfi_endproc
 121              	.LFE1:
 123              		.align	2
 124              		.globl	_Z8mem_freePv
 126              	_Z8mem_freePv:
 127              	.LFB2:
  29:src/syscall_c.cpp **** 
  30:src/syscall_c.cpp **** int mem_free(void* ptr) {
 128              		.loc 1 30 25 is_stmt 1
 129              		.cfi_startproc
 130              	.LVL9:
 131 0080 130101FF 		addi	sp,sp,-16
 132              		.cfi_def_cfa_offset 16
 133 0084 23341100 		sd	ra,8(sp)
 134 0088 23308100 		sd	s0,0(sp)
 135              		.cfi_offset 1, -8
 136              		.cfi_offset 8, -16
 137 008c 13040101 		addi	s0,sp,16
 138              		.cfi_def_cfa 8, 0
 139 0090 93050500 		mv	a1,a0
  31:src/syscall_c.cpp ****     return (int)doSyscall(0x02, (uint64)ptr);
 140              		.loc 1 31 5
 141              		.loc 1 31 26 is_stmt 0
 142 0094 13070000 		li	a4,0
GAS LISTING /tmp/ccX1OzM9.s 			page 4


 143 0098 93060000 		li	a3,0
 144 009c 13060000 		li	a2,0
 145 00a0 13052000 		li	a0,2
 146              	.LVL10:
 147 00a4 97000000 		call	_ZL9doSyscallmmmmm
 147      E7800000 
 148              	.LVL11:
  32:src/syscall_c.cpp **** }
 149              		.loc 1 32 1
 150 00ac 1B050500 		sext.w	a0,a0
 151 00b0 83308100 		ld	ra,8(sp)
 152              		.cfi_restore 1
 153 00b4 03340100 		ld	s0,0(sp)
 154              		.cfi_restore 8
 155              		.cfi_def_cfa 2, 16
 156 00b8 13010101 		addi	sp,sp,16
 157              		.cfi_def_cfa_offset 0
 158 00bc 67800000 		jr	ra
 159              		.cfi_endproc
 160              	.LFE2:
 162              		.align	2
 163              		.globl	_Z13thread_createPP7_threadPFvPvES2_
 165              	_Z13thread_createPP7_threadPFvPvES2_:
 166              	.LFB3:
  33:src/syscall_c.cpp **** 
  34:src/syscall_c.cpp **** 
  35:src/syscall_c.cpp **** int thread_create(thread_t* handle, void (*start_routine)(void*), void* arg){
 167              		.loc 1 35 77 is_stmt 1
 168              		.cfi_startproc
 169              	.LVL12:
 170 00c0 130101FD 		addi	sp,sp,-48
 171              		.cfi_def_cfa_offset 48
 172 00c4 23341102 		sd	ra,40(sp)
 173 00c8 23308102 		sd	s0,32(sp)
 174 00cc 233C9100 		sd	s1,24(sp)
 175 00d0 23382101 		sd	s2,16(sp)
 176 00d4 23343101 		sd	s3,8(sp)
 177 00d8 23304101 		sd	s4,0(sp)
 178              		.cfi_offset 1, -8
 179              		.cfi_offset 8, -16
 180              		.cfi_offset 9, -24
 181              		.cfi_offset 18, -32
 182              		.cfi_offset 19, -40
 183              		.cfi_offset 20, -48
 184 00dc 13040103 		addi	s0,sp,48
 185              		.cfi_def_cfa 8, 0
  36:src/syscall_c.cpp ****     if (handle == nullptr || start_routine == nullptr){//handle je mesto gde kernel upisuje pokaziv
 186              		.loc 1 36 5
 187 00e0 63060508 		beqz	a0,.L14
 188 00e4 13090500 		mv	s2,a0
 189 00e8 93890500 		mv	s3,a1
 190 00ec 130A0600 		mv	s4,a2
 191              		.loc 1 36 27 is_stmt 0 discriminator 1
 192 00f0 63820508 		beqz	a1,.L15
  37:src/syscall_c.cpp ****         return -1;
  38:src/syscall_c.cpp ****     }
  39:src/syscall_c.cpp ****     void* stack = mem_alloc(DEFAULT_STACK_SIZE);//stack pokazuje na pocetak alociranog prostora
GAS LISTING /tmp/ccX1OzM9.s 			page 5


 193              		.loc 1 39 5 is_stmt 1
 194              		.loc 1 39 28 is_stmt 0
 195 00f4 37150000 		li	a0,4096
 196              	.LVL13:
 197 00f8 97000000 		call	_Z9mem_allocm
 197      E7800000 
 198              	.LVL14:
 199 0100 93040500 		mv	s1,a0
 200              	.LVL15:
  40:src/syscall_c.cpp ****     if (stack == nullptr){
 201              		.loc 1 40 5 is_stmt 1
 202 0104 630C0506 		beqz	a0,.L16
  41:src/syscall_c.cpp ****         return -1;
  42:src/syscall_c.cpp ****     }
  43:src/syscall_c.cpp ****     uint64 stackTop = (uint64)stack + DEFAULT_STACK_SIZE;//stek raste na dole, pocetni sp na kraju 
 203              		.loc 1 43 5
 204              		.loc 1 43 12 is_stmt 0
 205 0108 37170000 		li	a4,4096
 206 010c 3307E500 		add	a4,a0,a4
 207              	.LVL16:
  44:src/syscall_c.cpp ****     stackTop &= ~((uint64)0xF);//obrisemo poslednja 4 bita adrese jer deljivo sa 16
 208              		.loc 1 44 5 is_stmt 1
  45:src/syscall_c.cpp **** 
  46:src/syscall_c.cpp ****     int ret = (int)doSyscall(
 209              		.loc 1 46 5
 210              		.loc 1 46 29 is_stmt 0
 211 0110 137707FF 		andi	a4,a4,-16
 212              	.LVL17:
 213 0114 93060A00 		mv	a3,s4
 214 0118 13860900 		mv	a2,s3
 215 011c 93050900 		mv	a1,s2
 216 0120 13051001 		li	a0,17
 217 0124 97000000 		call	_ZL9doSyscallmmmmm
 217      E7800000 
 218              	.LVL18:
  47:src/syscall_c.cpp ****             0x11,
  48:src/syscall_c.cpp ****             (uint64)handle,
  49:src/syscall_c.cpp ****             (uint64)start_routine,
  50:src/syscall_c.cpp ****             (uint64)arg,
  51:src/syscall_c.cpp ****             stackTop
  52:src/syscall_c.cpp ****     );
 219              		.loc 1 52 5
 220 012c 1B090500 		sext.w	s2,a0
 221              	.LVL19:
  53:src/syscall_c.cpp **** 
  54:src/syscall_c.cpp ****     if (ret < 0) {
 222              		.loc 1 54 5 is_stmt 1
 223 0130 93170502 		slli	a5,a0,32
 224 0134 63C40702 		bltz	a5,.L18
 225              	.LVL20:
 226              	.L13:
  55:src/syscall_c.cpp ****         mem_free(stack);
  56:src/syscall_c.cpp ****     }
  57:src/syscall_c.cpp **** 
  58:src/syscall_c.cpp ****     return ret;
  59:src/syscall_c.cpp **** }
 227              		.loc 1 59 1 is_stmt 0
GAS LISTING /tmp/ccX1OzM9.s 			page 6


 228 0138 13050900 		mv	a0,s2
 229 013c 83308102 		ld	ra,40(sp)
 230              		.cfi_remember_state
 231              		.cfi_restore 1
 232 0140 03340102 		ld	s0,32(sp)
 233              		.cfi_restore 8
 234              		.cfi_def_cfa 2, 48
 235 0144 83348101 		ld	s1,24(sp)
 236              		.cfi_restore 9
 237 0148 03390101 		ld	s2,16(sp)
 238              		.cfi_restore 18
 239 014c 83398100 		ld	s3,8(sp)
 240              		.cfi_restore 19
 241 0150 033A0100 		ld	s4,0(sp)
 242              		.cfi_restore 20
 243 0154 13010103 		addi	sp,sp,48
 244              		.cfi_def_cfa_offset 0
 245 0158 67800000 		jr	ra
 246              	.LVL21:
 247              	.L18:
 248              		.cfi_restore_state
  55:src/syscall_c.cpp ****         mem_free(stack);
 249              		.loc 1 55 9 is_stmt 1
  55:src/syscall_c.cpp ****         mem_free(stack);
 250              		.loc 1 55 17 is_stmt 0
 251 015c 13850400 		mv	a0,s1
 252 0160 97000000 		call	_Z8mem_freePv
 252      E7800000 
 253              	.LVL22:
 254 0168 6FF01FFD 		j	.L13
 255              	.LVL23:
 256              	.L14:
  37:src/syscall_c.cpp ****     }
 257              		.loc 1 37 17
 258 016c 1309F0FF 		li	s2,-1
 259 0170 6FF09FFC 		j	.L13
 260              	.L15:
 261 0174 1309F0FF 		li	s2,-1
 262 0178 6FF01FFC 		j	.L13
 263              	.LVL24:
 264              	.L16:
  41:src/syscall_c.cpp ****     }
 265              		.loc 1 41 17
 266 017c 1309F0FF 		li	s2,-1
 267              	.LVL25:
 268 0180 6FF09FFB 		j	.L13
 269              		.cfi_endproc
 270              	.LFE3:
 272              		.align	2
 273              		.globl	_Z11thread_exitv
 275              	_Z11thread_exitv:
 276              	.LFB4:
  60:src/syscall_c.cpp **** int thread_exit() {
 277              		.loc 1 60 19 is_stmt 1
 278              		.cfi_startproc
 279 0184 130101FF 		addi	sp,sp,-16
 280              		.cfi_def_cfa_offset 16
GAS LISTING /tmp/ccX1OzM9.s 			page 7


 281 0188 23341100 		sd	ra,8(sp)
 282 018c 23308100 		sd	s0,0(sp)
 283              		.cfi_offset 1, -8
 284              		.cfi_offset 8, -16
 285 0190 13040101 		addi	s0,sp,16
 286              		.cfi_def_cfa 8, 0
  61:src/syscall_c.cpp ****     return (int)doSyscall(0x12);
 287              		.loc 1 61 5
 288              		.loc 1 61 26 is_stmt 0
 289 0194 13070000 		li	a4,0
 290 0198 93060000 		li	a3,0
 291 019c 13060000 		li	a2,0
 292 01a0 93050000 		li	a1,0
 293 01a4 13052001 		li	a0,18
 294 01a8 97000000 		call	_ZL9doSyscallmmmmm
 294      E7800000 
 295              	.LVL26:
  62:src/syscall_c.cpp **** }
 296              		.loc 1 62 1
 297 01b0 1B050500 		sext.w	a0,a0
 298 01b4 83308100 		ld	ra,8(sp)
 299              		.cfi_restore 1
 300 01b8 03340100 		ld	s0,0(sp)
 301              		.cfi_restore 8
 302              		.cfi_def_cfa 2, 16
 303 01bc 13010101 		addi	sp,sp,16
 304              		.cfi_def_cfa_offset 0
 305 01c0 67800000 		jr	ra
 306              		.cfi_endproc
 307              	.LFE4:
 309              		.align	2
 310              		.globl	_Z15thread_dispatchv
 312              	_Z15thread_dispatchv:
 313              	.LFB5:
  63:src/syscall_c.cpp **** void thread_dispatch() {
 314              		.loc 1 63 24 is_stmt 1
 315              		.cfi_startproc
 316 01c4 130101FF 		addi	sp,sp,-16
 317              		.cfi_def_cfa_offset 16
 318 01c8 23341100 		sd	ra,8(sp)
 319 01cc 23308100 		sd	s0,0(sp)
 320              		.cfi_offset 1, -8
 321              		.cfi_offset 8, -16
 322 01d0 13040101 		addi	s0,sp,16
 323              		.cfi_def_cfa 8, 0
  64:src/syscall_c.cpp ****     doSyscall(0x13);
 324              		.loc 1 64 5
 325              		.loc 1 64 14 is_stmt 0
 326 01d4 13070000 		li	a4,0
 327 01d8 93060000 		li	a3,0
 328 01dc 13060000 		li	a2,0
 329 01e0 93050000 		li	a1,0
 330 01e4 13053001 		li	a0,19
 331 01e8 97000000 		call	_ZL9doSyscallmmmmm
 331      E7800000 
 332              	.LVL27:
  65:src/syscall_c.cpp **** }
GAS LISTING /tmp/ccX1OzM9.s 			page 8


 333              		.loc 1 65 1
 334 01f0 83308100 		ld	ra,8(sp)
 335              		.cfi_restore 1
 336 01f4 03340100 		ld	s0,0(sp)
 337              		.cfi_restore 8
 338              		.cfi_def_cfa 2, 16
 339 01f8 13010101 		addi	sp,sp,16
 340              		.cfi_def_cfa_offset 0
 341 01fc 67800000 		jr	ra
 342              		.cfi_endproc
 343              	.LFE5:
 345              		.align	2
 346              		.globl	_Z11thread_joinP7_thread
 348              	_Z11thread_joinP7_thread:
 349              	.LFB6:
  66:src/syscall_c.cpp **** void thread_join(thread_t handle) {
 350              		.loc 1 66 35 is_stmt 1
 351              		.cfi_startproc
 352              	.LVL28:
 353 0200 130101FF 		addi	sp,sp,-16
 354              		.cfi_def_cfa_offset 16
 355 0204 23341100 		sd	ra,8(sp)
 356 0208 23308100 		sd	s0,0(sp)
 357              		.cfi_offset 1, -8
 358              		.cfi_offset 8, -16
 359 020c 13040101 		addi	s0,sp,16
 360              		.cfi_def_cfa 8, 0
 361 0210 93050500 		mv	a1,a0
  67:src/syscall_c.cpp ****      doSyscall(0x14, (uint64)handle);
 362              		.loc 1 67 6
 363              		.loc 1 67 15 is_stmt 0
 364 0214 13070000 		li	a4,0
 365 0218 93060000 		li	a3,0
 366 021c 13060000 		li	a2,0
 367 0220 13054001 		li	a0,20
 368              	.LVL29:
 369 0224 97000000 		call	_ZL9doSyscallmmmmm
 369      E7800000 
 370              	.LVL30:
  68:src/syscall_c.cpp **** }
 371              		.loc 1 68 1
 372 022c 83308100 		ld	ra,8(sp)
 373              		.cfi_restore 1
 374 0230 03340100 		ld	s0,0(sp)
 375              		.cfi_restore 8
 376              		.cfi_def_cfa 2, 16
 377 0234 13010101 		addi	sp,sp,16
 378              		.cfi_def_cfa_offset 0
 379 0238 67800000 		jr	ra
 380              		.cfi_endproc
 381              	.LFE6:
 383              		.align	2
 384              		.globl	_Z8sem_openPP4_semj
 386              	_Z8sem_openPP4_semj:
 387              	.LFB7:
  69:src/syscall_c.cpp **** int sem_open(sem_t* handle, unsigned init) {
 388              		.loc 1 69 44 is_stmt 1
GAS LISTING /tmp/ccX1OzM9.s 			page 9


 389              		.cfi_startproc
 390              	.LVL31:
 391 023c 130101FF 		addi	sp,sp,-16
 392              		.cfi_def_cfa_offset 16
 393 0240 23341100 		sd	ra,8(sp)
 394 0244 23308100 		sd	s0,0(sp)
 395              		.cfi_offset 1, -8
 396              		.cfi_offset 8, -16
 397 0248 13040101 		addi	s0,sp,16
 398              		.cfi_def_cfa 8, 0
  70:src/syscall_c.cpp ****     return (int)doSyscall(0x21, (uint64)handle, (uint64)init);
 399              		.loc 1 70 5
 400              		.loc 1 70 26 is_stmt 0
 401 024c 13070000 		li	a4,0
 402 0250 93060000 		li	a3,0
 403 0254 13960502 		slli	a2,a1,32
 404 0258 13560602 		srli	a2,a2,32
 405 025c 93050500 		mv	a1,a0
 406              	.LVL32:
 407 0260 13051002 		li	a0,33
 408              	.LVL33:
 409 0264 97000000 		call	_ZL9doSyscallmmmmm
 409      E7800000 
 410              	.LVL34:
  71:src/syscall_c.cpp **** }
 411              		.loc 1 71 1
 412 026c 1B050500 		sext.w	a0,a0
 413 0270 83308100 		ld	ra,8(sp)
 414              		.cfi_restore 1
 415 0274 03340100 		ld	s0,0(sp)
 416              		.cfi_restore 8
 417              		.cfi_def_cfa 2, 16
 418 0278 13010101 		addi	sp,sp,16
 419              		.cfi_def_cfa_offset 0
 420 027c 67800000 		jr	ra
 421              		.cfi_endproc
 422              	.LFE7:
 424              		.align	2
 425              		.globl	_Z9sem_closeP4_sem
 427              	_Z9sem_closeP4_sem:
 428              	.LFB8:
  72:src/syscall_c.cpp **** 
  73:src/syscall_c.cpp **** int sem_close(sem_t handle) {
 429              		.loc 1 73 29 is_stmt 1
 430              		.cfi_startproc
 431              	.LVL35:
 432 0280 130101FF 		addi	sp,sp,-16
 433              		.cfi_def_cfa_offset 16
 434 0284 23341100 		sd	ra,8(sp)
 435 0288 23308100 		sd	s0,0(sp)
 436              		.cfi_offset 1, -8
 437              		.cfi_offset 8, -16
 438 028c 13040101 		addi	s0,sp,16
 439              		.cfi_def_cfa 8, 0
 440 0290 93050500 		mv	a1,a0
  74:src/syscall_c.cpp ****     return (int)doSyscall(0x22, (uint64)handle);
 441              		.loc 1 74 5
GAS LISTING /tmp/ccX1OzM9.s 			page 10


 442              		.loc 1 74 26 is_stmt 0
 443 0294 13070000 		li	a4,0
 444 0298 93060000 		li	a3,0
 445 029c 13060000 		li	a2,0
 446 02a0 13052002 		li	a0,34
 447              	.LVL36:
 448 02a4 97000000 		call	_ZL9doSyscallmmmmm
 448      E7800000 
 449              	.LVL37:
  75:src/syscall_c.cpp **** }
 450              		.loc 1 75 1
 451 02ac 1B050500 		sext.w	a0,a0
 452 02b0 83308100 		ld	ra,8(sp)
 453              		.cfi_restore 1
 454 02b4 03340100 		ld	s0,0(sp)
 455              		.cfi_restore 8
 456              		.cfi_def_cfa 2, 16
 457 02b8 13010101 		addi	sp,sp,16
 458              		.cfi_def_cfa_offset 0
 459 02bc 67800000 		jr	ra
 460              		.cfi_endproc
 461              	.LFE8:
 463              		.align	2
 464              		.globl	_Z8sem_waitP4_sem
 466              	_Z8sem_waitP4_sem:
 467              	.LFB9:
  76:src/syscall_c.cpp **** 
  77:src/syscall_c.cpp **** int sem_wait(sem_t id) {
 468              		.loc 1 77 24 is_stmt 1
 469              		.cfi_startproc
 470              	.LVL38:
 471 02c0 130101FF 		addi	sp,sp,-16
 472              		.cfi_def_cfa_offset 16
 473 02c4 23341100 		sd	ra,8(sp)
 474 02c8 23308100 		sd	s0,0(sp)
 475              		.cfi_offset 1, -8
 476              		.cfi_offset 8, -16
 477 02cc 13040101 		addi	s0,sp,16
 478              		.cfi_def_cfa 8, 0
 479 02d0 93050500 		mv	a1,a0
  78:src/syscall_c.cpp ****     return (int)doSyscall(0x23, (uint64)id);
 480              		.loc 1 78 5
 481              		.loc 1 78 26 is_stmt 0
 482 02d4 13070000 		li	a4,0
 483 02d8 93060000 		li	a3,0
 484 02dc 13060000 		li	a2,0
 485 02e0 13053002 		li	a0,35
 486              	.LVL39:
 487 02e4 97000000 		call	_ZL9doSyscallmmmmm
 487      E7800000 
 488              	.LVL40:
  79:src/syscall_c.cpp **** }
 489              		.loc 1 79 1
 490 02ec 1B050500 		sext.w	a0,a0
 491 02f0 83308100 		ld	ra,8(sp)
 492              		.cfi_restore 1
 493 02f4 03340100 		ld	s0,0(sp)
GAS LISTING /tmp/ccX1OzM9.s 			page 11


 494              		.cfi_restore 8
 495              		.cfi_def_cfa 2, 16
 496 02f8 13010101 		addi	sp,sp,16
 497              		.cfi_def_cfa_offset 0
 498 02fc 67800000 		jr	ra
 499              		.cfi_endproc
 500              	.LFE9:
 502              		.align	2
 503              		.globl	_Z10sem_signalP4_sem
 505              	_Z10sem_signalP4_sem:
 506              	.LFB10:
  80:src/syscall_c.cpp **** 
  81:src/syscall_c.cpp **** int sem_signal(sem_t id) {
 507              		.loc 1 81 26 is_stmt 1
 508              		.cfi_startproc
 509              	.LVL41:
 510 0300 130101FF 		addi	sp,sp,-16
 511              		.cfi_def_cfa_offset 16
 512 0304 23341100 		sd	ra,8(sp)
 513 0308 23308100 		sd	s0,0(sp)
 514              		.cfi_offset 1, -8
 515              		.cfi_offset 8, -16
 516 030c 13040101 		addi	s0,sp,16
 517              		.cfi_def_cfa 8, 0
 518 0310 93050500 		mv	a1,a0
  82:src/syscall_c.cpp ****     return (int)doSyscall(0x24, (uint64)id);
 519              		.loc 1 82 5
 520              		.loc 1 82 26 is_stmt 0
 521 0314 13070000 		li	a4,0
 522 0318 93060000 		li	a3,0
 523 031c 13060000 		li	a2,0
 524 0320 13054002 		li	a0,36
 525              	.LVL42:
 526 0324 97000000 		call	_ZL9doSyscallmmmmm
 526      E7800000 
 527              	.LVL43:
  83:src/syscall_c.cpp **** }
 528              		.loc 1 83 1
 529 032c 1B050500 		sext.w	a0,a0
 530 0330 83308100 		ld	ra,8(sp)
 531              		.cfi_restore 1
 532 0334 03340100 		ld	s0,0(sp)
 533              		.cfi_restore 8
 534              		.cfi_def_cfa 2, 16
 535 0338 13010101 		addi	sp,sp,16
 536              		.cfi_def_cfa_offset 0
 537 033c 67800000 		jr	ra
 538              		.cfi_endproc
 539              	.LFE10:
 541              		.align	2
 542              		.globl	_Z10sem_wait_nP4_semj
 544              	_Z10sem_wait_nP4_semj:
 545              	.LFB11:
  84:src/syscall_c.cpp **** 
  85:src/syscall_c.cpp **** int sem_wait_n(sem_t id, unsigned n) {
 546              		.loc 1 85 38 is_stmt 1
 547              		.cfi_startproc
GAS LISTING /tmp/ccX1OzM9.s 			page 12


 548              	.LVL44:
 549 0340 130101FF 		addi	sp,sp,-16
 550              		.cfi_def_cfa_offset 16
 551 0344 23341100 		sd	ra,8(sp)
 552 0348 23308100 		sd	s0,0(sp)
 553              		.cfi_offset 1, -8
 554              		.cfi_offset 8, -16
 555 034c 13040101 		addi	s0,sp,16
 556              		.cfi_def_cfa 8, 0
  86:src/syscall_c.cpp ****     return (int)doSyscall(0x25, (uint64)id, (uint64)n);
 557              		.loc 1 86 5
 558              		.loc 1 86 26 is_stmt 0
 559 0350 13070000 		li	a4,0
 560 0354 93060000 		li	a3,0
 561 0358 13960502 		slli	a2,a1,32
 562 035c 13560602 		srli	a2,a2,32
 563 0360 93050500 		mv	a1,a0
 564              	.LVL45:
 565 0364 13055002 		li	a0,37
 566              	.LVL46:
 567 0368 97000000 		call	_ZL9doSyscallmmmmm
 567      E7800000 
 568              	.LVL47:
  87:src/syscall_c.cpp **** }
 569              		.loc 1 87 1
 570 0370 1B050500 		sext.w	a0,a0
 571 0374 83308100 		ld	ra,8(sp)
 572              		.cfi_restore 1
 573 0378 03340100 		ld	s0,0(sp)
 574              		.cfi_restore 8
 575              		.cfi_def_cfa 2, 16
 576 037c 13010101 		addi	sp,sp,16
 577              		.cfi_def_cfa_offset 0
 578 0380 67800000 		jr	ra
 579              		.cfi_endproc
 580              	.LFE11:
 582              		.align	2
 583              		.globl	_Z12sem_signal_nP4_semj
 585              	_Z12sem_signal_nP4_semj:
 586              	.LFB12:
  88:src/syscall_c.cpp **** 
  89:src/syscall_c.cpp **** int sem_signal_n(sem_t id, unsigned n) {
 587              		.loc 1 89 40 is_stmt 1
 588              		.cfi_startproc
 589              	.LVL48:
 590 0384 130101FF 		addi	sp,sp,-16
 591              		.cfi_def_cfa_offset 16
 592 0388 23341100 		sd	ra,8(sp)
 593 038c 23308100 		sd	s0,0(sp)
 594              		.cfi_offset 1, -8
 595              		.cfi_offset 8, -16
 596 0390 13040101 		addi	s0,sp,16
 597              		.cfi_def_cfa 8, 0
  90:src/syscall_c.cpp ****     return (int)doSyscall(0x26, (uint64)id, (uint64)n);
 598              		.loc 1 90 5
 599              		.loc 1 90 26 is_stmt 0
 600 0394 13070000 		li	a4,0
GAS LISTING /tmp/ccX1OzM9.s 			page 13


 601 0398 93060000 		li	a3,0
 602 039c 13960502 		slli	a2,a1,32
 603 03a0 13560602 		srli	a2,a2,32
 604 03a4 93050500 		mv	a1,a0
 605              	.LVL49:
 606 03a8 13056002 		li	a0,38
 607              	.LVL50:
 608 03ac 97000000 		call	_ZL9doSyscallmmmmm
 608      E7800000 
 609              	.LVL51:
  91:src/syscall_c.cpp **** }
 610              		.loc 1 91 1
 611 03b4 1B050500 		sext.w	a0,a0
 612 03b8 83308100 		ld	ra,8(sp)
 613              		.cfi_restore 1
 614 03bc 03340100 		ld	s0,0(sp)
 615              		.cfi_restore 8
 616              		.cfi_def_cfa 2, 16
 617 03c0 13010101 		addi	sp,sp,16
 618              		.cfi_def_cfa_offset 0
 619 03c4 67800000 		jr	ra
 620              		.cfi_endproc
 621              	.LFE12:
 623              		.align	2
 624              		.globl	_Z10time_sleepm
 626              	_Z10time_sleepm:
 627              	.LFB13:
  92:src/syscall_c.cpp **** int time_sleep(time_t time) {
 628              		.loc 1 92 29 is_stmt 1
 629              		.cfi_startproc
 630              	.LVL52:
 631 03c8 130101FF 		addi	sp,sp,-16
 632              		.cfi_def_cfa_offset 16
 633 03cc 23341100 		sd	ra,8(sp)
 634 03d0 23308100 		sd	s0,0(sp)
 635              		.cfi_offset 1, -8
 636              		.cfi_offset 8, -16
 637 03d4 13040101 		addi	s0,sp,16
 638              		.cfi_def_cfa 8, 0
 639 03d8 93050500 		mv	a1,a0
  93:src/syscall_c.cpp ****     return (int)doSyscall(0x31, (uint64)time);
 640              		.loc 1 93 5
 641              		.loc 1 93 26 is_stmt 0
 642 03dc 13070000 		li	a4,0
 643 03e0 93060000 		li	a3,0
 644 03e4 13060000 		li	a2,0
 645 03e8 13051003 		li	a0,49
 646              	.LVL53:
 647 03ec 97000000 		call	_ZL9doSyscallmmmmm
 647      E7800000 
 648              	.LVL54:
  94:src/syscall_c.cpp **** }
 649              		.loc 1 94 1
 650 03f4 1B050500 		sext.w	a0,a0
 651 03f8 83308100 		ld	ra,8(sp)
 652              		.cfi_restore 1
 653 03fc 03340100 		ld	s0,0(sp)
GAS LISTING /tmp/ccX1OzM9.s 			page 14


 654              		.cfi_restore 8
 655              		.cfi_def_cfa 2, 16
 656 0400 13010101 		addi	sp,sp,16
 657              		.cfi_def_cfa_offset 0
 658 0404 67800000 		jr	ra
 659              		.cfi_endproc
 660              	.LFE13:
 662              		.align	2
 663              		.globl	_Z4getcv
 665              	_Z4getcv:
 666              	.LFB14:
  95:src/syscall_c.cpp **** 
  96:src/syscall_c.cpp **** char getc() {
 667              		.loc 1 96 13 is_stmt 1
 668              		.cfi_startproc
 669 0408 130101FF 		addi	sp,sp,-16
 670              		.cfi_def_cfa_offset 16
 671 040c 23341100 		sd	ra,8(sp)
 672 0410 23308100 		sd	s0,0(sp)
 673              		.cfi_offset 1, -8
 674              		.cfi_offset 8, -16
 675 0414 13040101 		addi	s0,sp,16
 676              		.cfi_def_cfa 8, 0
  97:src/syscall_c.cpp ****     return (char)doSyscall(0x41);
 677              		.loc 1 97 5
 678              		.loc 1 97 27 is_stmt 0
 679 0418 13070000 		li	a4,0
 680 041c 93060000 		li	a3,0
 681 0420 13060000 		li	a2,0
 682 0424 93050000 		li	a1,0
 683 0428 13051004 		li	a0,65
 684 042c 97000000 		call	_ZL9doSyscallmmmmm
 684      E7800000 
 685              	.LVL55:
  98:src/syscall_c.cpp **** }
 686              		.loc 1 98 1
 687 0434 1375F50F 		andi	a0,a0,0xff
 688 0438 83308100 		ld	ra,8(sp)
 689              		.cfi_restore 1
 690 043c 03340100 		ld	s0,0(sp)
 691              		.cfi_restore 8
 692              		.cfi_def_cfa 2, 16
 693 0440 13010101 		addi	sp,sp,16
 694              		.cfi_def_cfa_offset 0
 695 0444 67800000 		jr	ra
 696              		.cfi_endproc
 697              	.LFE14:
 699              		.align	2
 700              		.globl	_Z4putcc
 702              	_Z4putcc:
 703              	.LFB15:
  99:src/syscall_c.cpp **** 
 100:src/syscall_c.cpp **** void putc(char c) {
 704              		.loc 1 100 19 is_stmt 1
 705              		.cfi_startproc
 706              	.LVL56:
 707 0448 130101FF 		addi	sp,sp,-16
GAS LISTING /tmp/ccX1OzM9.s 			page 15


 708              		.cfi_def_cfa_offset 16
 709 044c 23341100 		sd	ra,8(sp)
 710 0450 23308100 		sd	s0,0(sp)
 711              		.cfi_offset 1, -8
 712              		.cfi_offset 8, -16
 713 0454 13040101 		addi	s0,sp,16
 714              		.cfi_def_cfa 8, 0
 715 0458 93050500 		mv	a1,a0
 101:src/syscall_c.cpp ****     doSyscall(0x42, (uint64)c);
 716              		.loc 1 101 5
 717              		.loc 1 101 14 is_stmt 0
 718 045c 13070000 		li	a4,0
 719 0460 93060000 		li	a3,0
 720 0464 13060000 		li	a2,0
 721 0468 13052004 		li	a0,66
 722              	.LVL57:
 723 046c 97000000 		call	_ZL9doSyscallmmmmm
 723      E7800000 
 724              	.LVL58:
 102:src/syscall_c.cpp **** }...
 725              		.loc 1 102 1
 726 0474 83308100 		ld	ra,8(sp)
 727              		.cfi_restore 1
 728 0478 03340100 		ld	s0,0(sp)
 729              		.cfi_restore 8
 730              		.cfi_def_cfa 2, 16
 731 047c 13010101 		addi	sp,sp,16
 732              		.cfi_def_cfa_offset 0
 733 0480 67800000 		jr	ra
 734              		.cfi_endproc
 735              	.LFE15:
 737              	.Letext0:
 738              		.file 2 "src/../h/../lib/hw.h"
 739              		.file 3 "src/../h/syscall_c.hpp"
GAS LISTING /tmp/ccX1OzM9.s 			page 16


DEFINED SYMBOLS
                            *ABS*:0000000000000000 syscall_c.cpp
     /tmp/ccX1OzM9.s:8      .text:0000000000000000 _ZL9doSyscallmmmmm
     /tmp/ccX1OzM9.s:12     .text:0000000000000000 .L0 
     /tmp/ccX1OzM9.s:14     .text:0000000000000000 .L0 
     /tmp/ccX1OzM9.s:15     .text:0000000000000004 .L0 
     /tmp/ccX1OzM9.s:17     .text:0000000000000008 .L0 
     /tmp/ccX1OzM9.s:19     .text:000000000000000c .L0 
     /tmp/ccX1OzM9.s:21     .text:000000000000000c .L0 
     /tmp/ccX1OzM9.s:22     .text:000000000000000c .L0 
   src/syscall_c.cpp:7      .text:000000000000000c .L0 
     /tmp/ccX1OzM9.s:28     .text:0000000000000010 .L0 
   src/syscall_c.cpp:8      .text:0000000000000010 .L0 
     /tmp/ccX1OzM9.s:33     .text:0000000000000014 .L0 
   src/syscall_c.cpp:9      .text:0000000000000014 .L0 
     /tmp/ccX1OzM9.s:38     .text:0000000000000018 .L0 
   src/syscall_c.cpp:10     .text:0000000000000018 .L0 
     /tmp/ccX1OzM9.s:43     .text:000000000000001c .L0 
   src/syscall_c.cpp:11     .text:000000000000001c .L0 
     /tmp/ccX1OzM9.s:48     .text:0000000000000020 .L0 
   src/syscall_c.cpp:13     .text:0000000000000020 .L0 
     /tmp/ccX1OzM9.s:53     .text:0000000000000024 .L0 
   src/syscall_c.cpp:15     .text:0000000000000024 .L0 
     /tmp/ccX1OzM9.s:59     .text:0000000000000028 .L0 
     /tmp/ccX1OzM9.s:61     .text:0000000000000028 .L0 
     /tmp/ccX1OzM9.s:62     .text:000000000000002c .L0 
     /tmp/ccX1OzM9.s:63     .text:000000000000002c .L0 
     /tmp/ccX1OzM9.s:65     .text:0000000000000030 .L0 
     /tmp/ccX1OzM9.s:67     .text:0000000000000034 .L0 
     /tmp/ccX1OzM9.s:73     .text:0000000000000034 _Z9mem_allocm
     /tmp/ccX1OzM9.s:76     .text:0000000000000034 .L0 
     /tmp/ccX1OzM9.s:78     .text:0000000000000034 .L0 
     /tmp/ccX1OzM9.s:79     .text:0000000000000034 .L0 
     /tmp/ccX1OzM9.s:81     .text:0000000000000038 .L0 
     /tmp/ccX1OzM9.s:82     .text:000000000000003c .L0 
     /tmp/ccX1OzM9.s:85     .text:0000000000000044 .L0 
     /tmp/ccX1OzM9.s:86     .text:0000000000000044 .L0 
     /tmp/ccX1OzM9.s:88     .text:0000000000000048 .L0 
     /tmp/ccX1OzM9.s:90     .text:0000000000000048 .L0 
     /tmp/ccX1OzM9.s:91     .text:0000000000000048 .L0 
     /tmp/ccX1OzM9.s:94     .text:000000000000004c .L0 
     /tmp/ccX1OzM9.s:95     .text:000000000000004c .L0 
     /tmp/ccX1OzM9.s:105    .text:0000000000000068 .L0 
     /tmp/ccX1OzM9.s:106    .text:000000000000006c .L0 
     /tmp/ccX1OzM9.s:108    .text:0000000000000070 .L0 
     /tmp/ccX1OzM9.s:109    .text:0000000000000070 .L0 
     /tmp/ccX1OzM9.s:111    .text:0000000000000074 .L0 
     /tmp/ccX1OzM9.s:116    .text:0000000000000078 .L0 
     /tmp/ccX1OzM9.s:119    .text:000000000000007c .L0 
     /tmp/ccX1OzM9.s:120    .text:0000000000000080 .L0 
     /tmp/ccX1OzM9.s:126    .text:0000000000000080 _Z8mem_freePv
     /tmp/ccX1OzM9.s:129    .text:0000000000000080 .L0 
     /tmp/ccX1OzM9.s:131    .text:0000000000000080 .L0 
     /tmp/ccX1OzM9.s:132    .text:0000000000000084 .L0 
     /tmp/ccX1OzM9.s:135    .text:000000000000008c .L0 
     /tmp/ccX1OzM9.s:136    .text:000000000000008c .L0 
     /tmp/ccX1OzM9.s:138    .text:0000000000000090 .L0 
GAS LISTING /tmp/ccX1OzM9.s 			page 17


     /tmp/ccX1OzM9.s:141    .text:0000000000000094 .L0 
     /tmp/ccX1OzM9.s:142    .text:0000000000000094 .L0 
     /tmp/ccX1OzM9.s:150    .text:00000000000000ac .L0 
     /tmp/ccX1OzM9.s:152    .text:00000000000000b4 .L0 
     /tmp/ccX1OzM9.s:154    .text:00000000000000b8 .L0 
     /tmp/ccX1OzM9.s:155    .text:00000000000000b8 .L0 
     /tmp/ccX1OzM9.s:157    .text:00000000000000bc .L0 
     /tmp/ccX1OzM9.s:159    .text:00000000000000c0 .L0 
     /tmp/ccX1OzM9.s:165    .text:00000000000000c0 _Z13thread_createPP7_threadPFvPvES2_
     /tmp/ccX1OzM9.s:168    .text:00000000000000c0 .L0 
     /tmp/ccX1OzM9.s:170    .text:00000000000000c0 .L0 
     /tmp/ccX1OzM9.s:171    .text:00000000000000c4 .L0 
     /tmp/ccX1OzM9.s:178    .text:00000000000000dc .L0 
     /tmp/ccX1OzM9.s:179    .text:00000000000000dc .L0 
     /tmp/ccX1OzM9.s:180    .text:00000000000000dc .L0 
     /tmp/ccX1OzM9.s:181    .text:00000000000000dc .L0 
     /tmp/ccX1OzM9.s:182    .text:00000000000000dc .L0 
     /tmp/ccX1OzM9.s:183    .text:00000000000000dc .L0 
     /tmp/ccX1OzM9.s:185    .text:00000000000000e0 .L0 
     /tmp/ccX1OzM9.s:187    .text:00000000000000e0 .L0 
     /tmp/ccX1OzM9.s:192    .text:00000000000000f0 .L0 
     /tmp/ccX1OzM9.s:194    .text:00000000000000f4 .L0 
     /tmp/ccX1OzM9.s:195    .text:00000000000000f4 .L0 
     /tmp/ccX1OzM9.s:202    .text:0000000000000104 .L0 
     /tmp/ccX1OzM9.s:204    .text:0000000000000108 .L0 
     /tmp/ccX1OzM9.s:205    .text:0000000000000108 .L0 
     /tmp/ccX1OzM9.s:209    .text:0000000000000110 .L0 
     /tmp/ccX1OzM9.s:210    .text:0000000000000110 .L0 
     /tmp/ccX1OzM9.s:211    .text:0000000000000110 .L0 
     /tmp/ccX1OzM9.s:220    .text:000000000000012c .L0 
     /tmp/ccX1OzM9.s:223    .text:0000000000000130 .L0 
     /tmp/ccX1OzM9.s:228    .text:0000000000000138 .L0 
     /tmp/ccX1OzM9.s:230    .text:0000000000000140 .L0 
     /tmp/ccX1OzM9.s:231    .text:0000000000000140 .L0 
     /tmp/ccX1OzM9.s:233    .text:0000000000000144 .L0 
     /tmp/ccX1OzM9.s:234    .text:0000000000000144 .L0 
     /tmp/ccX1OzM9.s:236    .text:0000000000000148 .L0 
     /tmp/ccX1OzM9.s:238    .text:000000000000014c .L0 
     /tmp/ccX1OzM9.s:240    .text:0000000000000150 .L0 
     /tmp/ccX1OzM9.s:242    .text:0000000000000154 .L0 
     /tmp/ccX1OzM9.s:244    .text:0000000000000158 .L0 
     /tmp/ccX1OzM9.s:248    .text:000000000000015c .L0 
     /tmp/ccX1OzM9.s:250    .text:000000000000015c .L0 
     /tmp/ccX1OzM9.s:251    .text:000000000000015c .L0 
     /tmp/ccX1OzM9.s:258    .text:000000000000016c .L0 
     /tmp/ccX1OzM9.s:266    .text:000000000000017c .L0 
     /tmp/ccX1OzM9.s:269    .text:0000000000000184 .L0 
     /tmp/ccX1OzM9.s:275    .text:0000000000000184 _Z11thread_exitv
     /tmp/ccX1OzM9.s:278    .text:0000000000000184 .L0 
     /tmp/ccX1OzM9.s:279    .text:0000000000000184 .L0 
     /tmp/ccX1OzM9.s:280    .text:0000000000000188 .L0 
     /tmp/ccX1OzM9.s:283    .text:0000000000000190 .L0 
     /tmp/ccX1OzM9.s:284    .text:0000000000000190 .L0 
     /tmp/ccX1OzM9.s:286    .text:0000000000000194 .L0 
     /tmp/ccX1OzM9.s:288    .text:0000000000000194 .L0 
     /tmp/ccX1OzM9.s:289    .text:0000000000000194 .L0 
     /tmp/ccX1OzM9.s:297    .text:00000000000001b0 .L0 
GAS LISTING /tmp/ccX1OzM9.s 			page 18


     /tmp/ccX1OzM9.s:299    .text:00000000000001b8 .L0 
     /tmp/ccX1OzM9.s:301    .text:00000000000001bc .L0 
     /tmp/ccX1OzM9.s:302    .text:00000000000001bc .L0 
     /tmp/ccX1OzM9.s:304    .text:00000000000001c0 .L0 
     /tmp/ccX1OzM9.s:306    .text:00000000000001c4 .L0 
     /tmp/ccX1OzM9.s:312    .text:00000000000001c4 _Z15thread_dispatchv
     /tmp/ccX1OzM9.s:315    .text:00000000000001c4 .L0 
     /tmp/ccX1OzM9.s:316    .text:00000000000001c4 .L0 
     /tmp/ccX1OzM9.s:317    .text:00000000000001c8 .L0 
     /tmp/ccX1OzM9.s:320    .text:00000000000001d0 .L0 
     /tmp/ccX1OzM9.s:321    .text:00000000000001d0 .L0 
     /tmp/ccX1OzM9.s:323    .text:00000000000001d4 .L0 
     /tmp/ccX1OzM9.s:325    .text:00000000000001d4 .L0 
     /tmp/ccX1OzM9.s:326    .text:00000000000001d4 .L0 
     /tmp/ccX1OzM9.s:334    .text:00000000000001f0 .L0 
     /tmp/ccX1OzM9.s:335    .text:00000000000001f4 .L0 
     /tmp/ccX1OzM9.s:337    .text:00000000000001f8 .L0 
     /tmp/ccX1OzM9.s:338    .text:00000000000001f8 .L0 
     /tmp/ccX1OzM9.s:340    .text:00000000000001fc .L0 
     /tmp/ccX1OzM9.s:342    .text:0000000000000200 .L0 
     /tmp/ccX1OzM9.s:348    .text:0000000000000200 _Z11thread_joinP7_thread
     /tmp/ccX1OzM9.s:351    .text:0000000000000200 .L0 
     /tmp/ccX1OzM9.s:353    .text:0000000000000200 .L0 
     /tmp/ccX1OzM9.s:354    .text:0000000000000204 .L0 
     /tmp/ccX1OzM9.s:357    .text:000000000000020c .L0 
     /tmp/ccX1OzM9.s:358    .text:000000000000020c .L0 
     /tmp/ccX1OzM9.s:360    .text:0000000000000210 .L0 
     /tmp/ccX1OzM9.s:363    .text:0000000000000214 .L0 
     /tmp/ccX1OzM9.s:364    .text:0000000000000214 .L0 
     /tmp/ccX1OzM9.s:372    .text:000000000000022c .L0 
     /tmp/ccX1OzM9.s:373    .text:0000000000000230 .L0 
     /tmp/ccX1OzM9.s:375    .text:0000000000000234 .L0 
     /tmp/ccX1OzM9.s:376    .text:0000000000000234 .L0 
     /tmp/ccX1OzM9.s:378    .text:0000000000000238 .L0 
     /tmp/ccX1OzM9.s:380    .text:000000000000023c .L0 
     /tmp/ccX1OzM9.s:386    .text:000000000000023c _Z8sem_openPP4_semj
     /tmp/ccX1OzM9.s:389    .text:000000000000023c .L0 
     /tmp/ccX1OzM9.s:391    .text:000000000000023c .L0 
     /tmp/ccX1OzM9.s:392    .text:0000000000000240 .L0 
     /tmp/ccX1OzM9.s:395    .text:0000000000000248 .L0 
     /tmp/ccX1OzM9.s:396    .text:0000000000000248 .L0 
     /tmp/ccX1OzM9.s:398    .text:000000000000024c .L0 
     /tmp/ccX1OzM9.s:400    .text:000000000000024c .L0 
     /tmp/ccX1OzM9.s:401    .text:000000000000024c .L0 
     /tmp/ccX1OzM9.s:412    .text:000000000000026c .L0 
     /tmp/ccX1OzM9.s:414    .text:0000000000000274 .L0 
     /tmp/ccX1OzM9.s:416    .text:0000000000000278 .L0 
     /tmp/ccX1OzM9.s:417    .text:0000000000000278 .L0 
     /tmp/ccX1OzM9.s:419    .text:000000000000027c .L0 
     /tmp/ccX1OzM9.s:421    .text:0000000000000280 .L0 
     /tmp/ccX1OzM9.s:427    .text:0000000000000280 _Z9sem_closeP4_sem
     /tmp/ccX1OzM9.s:430    .text:0000000000000280 .L0 
     /tmp/ccX1OzM9.s:432    .text:0000000000000280 .L0 
     /tmp/ccX1OzM9.s:433    .text:0000000000000284 .L0 
     /tmp/ccX1OzM9.s:436    .text:000000000000028c .L0 
     /tmp/ccX1OzM9.s:437    .text:000000000000028c .L0 
     /tmp/ccX1OzM9.s:439    .text:0000000000000290 .L0 
GAS LISTING /tmp/ccX1OzM9.s 			page 19


     /tmp/ccX1OzM9.s:442    .text:0000000000000294 .L0 
     /tmp/ccX1OzM9.s:443    .text:0000000000000294 .L0 
     /tmp/ccX1OzM9.s:451    .text:00000000000002ac .L0 
     /tmp/ccX1OzM9.s:453    .text:00000000000002b4 .L0 
     /tmp/ccX1OzM9.s:455    .text:00000000000002b8 .L0 
     /tmp/ccX1OzM9.s:456    .text:00000000000002b8 .L0 
     /tmp/ccX1OzM9.s:458    .text:00000000000002bc .L0 
     /tmp/ccX1OzM9.s:460    .text:00000000000002c0 .L0 
     /tmp/ccX1OzM9.s:466    .text:00000000000002c0 _Z8sem_waitP4_sem
     /tmp/ccX1OzM9.s:469    .text:00000000000002c0 .L0 
     /tmp/ccX1OzM9.s:471    .text:00000000000002c0 .L0 
     /tmp/ccX1OzM9.s:472    .text:00000000000002c4 .L0 
     /tmp/ccX1OzM9.s:475    .text:00000000000002cc .L0 
     /tmp/ccX1OzM9.s:476    .text:00000000000002cc .L0 
     /tmp/ccX1OzM9.s:478    .text:00000000000002d0 .L0 
     /tmp/ccX1OzM9.s:481    .text:00000000000002d4 .L0 
     /tmp/ccX1OzM9.s:482    .text:00000000000002d4 .L0 
     /tmp/ccX1OzM9.s:490    .text:00000000000002ec .L0 
     /tmp/ccX1OzM9.s:492    .text:00000000000002f4 .L0 
     /tmp/ccX1OzM9.s:494    .text:00000000000002f8 .L0 
     /tmp/ccX1OzM9.s:495    .text:00000000000002f8 .L0 
     /tmp/ccX1OzM9.s:497    .text:00000000000002fc .L0 
     /tmp/ccX1OzM9.s:499    .text:0000000000000300 .L0 
     /tmp/ccX1OzM9.s:505    .text:0000000000000300 _Z10sem_signalP4_sem
     /tmp/ccX1OzM9.s:508    .text:0000000000000300 .L0 
     /tmp/ccX1OzM9.s:510    .text:0000000000000300 .L0 
     /tmp/ccX1OzM9.s:511    .text:0000000000000304 .L0 
     /tmp/ccX1OzM9.s:514    .text:000000000000030c .L0 
     /tmp/ccX1OzM9.s:515    .text:000000000000030c .L0 
     /tmp/ccX1OzM9.s:517    .text:0000000000000310 .L0 
     /tmp/ccX1OzM9.s:520    .text:0000000000000314 .L0 
     /tmp/ccX1OzM9.s:521    .text:0000000000000314 .L0 
     /tmp/ccX1OzM9.s:529    .text:000000000000032c .L0 
     /tmp/ccX1OzM9.s:531    .text:0000000000000334 .L0 
     /tmp/ccX1OzM9.s:533    .text:0000000000000338 .L0 
     /tmp/ccX1OzM9.s:534    .text:0000000000000338 .L0 
     /tmp/ccX1OzM9.s:536    .text:000000000000033c .L0 
     /tmp/ccX1OzM9.s:538    .text:0000000000000340 .L0 
     /tmp/ccX1OzM9.s:544    .text:0000000000000340 _Z10sem_wait_nP4_semj
     /tmp/ccX1OzM9.s:547    .text:0000000000000340 .L0 
     /tmp/ccX1OzM9.s:549    .text:0000000000000340 .L0 
     /tmp/ccX1OzM9.s:550    .text:0000000000000344 .L0 
     /tmp/ccX1OzM9.s:553    .text:000000000000034c .L0 
     /tmp/ccX1OzM9.s:554    .text:000000000000034c .L0 
     /tmp/ccX1OzM9.s:556    .text:0000000000000350 .L0 
     /tmp/ccX1OzM9.s:558    .text:0000000000000350 .L0 
     /tmp/ccX1OzM9.s:559    .text:0000000000000350 .L0 
     /tmp/ccX1OzM9.s:570    .text:0000000000000370 .L0 
     /tmp/ccX1OzM9.s:572    .text:0000000000000378 .L0 
     /tmp/ccX1OzM9.s:574    .text:000000000000037c .L0 
     /tmp/ccX1OzM9.s:575    .text:000000000000037c .L0 
     /tmp/ccX1OzM9.s:577    .text:0000000000000380 .L0 
     /tmp/ccX1OzM9.s:579    .text:0000000000000384 .L0 
     /tmp/ccX1OzM9.s:585    .text:0000000000000384 _Z12sem_signal_nP4_semj
     /tmp/ccX1OzM9.s:588    .text:0000000000000384 .L0 
     /tmp/ccX1OzM9.s:590    .text:0000000000000384 .L0 
     /tmp/ccX1OzM9.s:591    .text:0000000000000388 .L0 
GAS LISTING /tmp/ccX1OzM9.s 			page 20


     /tmp/ccX1OzM9.s:594    .text:0000000000000390 .L0 
     /tmp/ccX1OzM9.s:595    .text:0000000000000390 .L0 
     /tmp/ccX1OzM9.s:597    .text:0000000000000394 .L0 
     /tmp/ccX1OzM9.s:599    .text:0000000000000394 .L0 
     /tmp/ccX1OzM9.s:600    .text:0000000000000394 .L0 
     /tmp/ccX1OzM9.s:611    .text:00000000000003b4 .L0 
     /tmp/ccX1OzM9.s:613    .text:00000000000003bc .L0 
     /tmp/ccX1OzM9.s:615    .text:00000000000003c0 .L0 
     /tmp/ccX1OzM9.s:616    .text:00000000000003c0 .L0 
     /tmp/ccX1OzM9.s:618    .text:00000000000003c4 .L0 
     /tmp/ccX1OzM9.s:620    .text:00000000000003c8 .L0 
     /tmp/ccX1OzM9.s:626    .text:00000000000003c8 _Z10time_sleepm
     /tmp/ccX1OzM9.s:629    .text:00000000000003c8 .L0 
     /tmp/ccX1OzM9.s:631    .text:00000000000003c8 .L0 
     /tmp/ccX1OzM9.s:632    .text:00000000000003cc .L0 
     /tmp/ccX1OzM9.s:635    .text:00000000000003d4 .L0 
     /tmp/ccX1OzM9.s:636    .text:00000000000003d4 .L0 
     /tmp/ccX1OzM9.s:638    .text:00000000000003d8 .L0 
     /tmp/ccX1OzM9.s:641    .text:00000000000003dc .L0 
     /tmp/ccX1OzM9.s:642    .text:00000000000003dc .L0 
     /tmp/ccX1OzM9.s:650    .text:00000000000003f4 .L0 
     /tmp/ccX1OzM9.s:652    .text:00000000000003fc .L0 
     /tmp/ccX1OzM9.s:654    .text:0000000000000400 .L0 
     /tmp/ccX1OzM9.s:655    .text:0000000000000400 .L0 
     /tmp/ccX1OzM9.s:657    .text:0000000000000404 .L0 
     /tmp/ccX1OzM9.s:659    .text:0000000000000408 .L0 
     /tmp/ccX1OzM9.s:665    .text:0000000000000408 _Z4getcv
     /tmp/ccX1OzM9.s:668    .text:0000000000000408 .L0 
     /tmp/ccX1OzM9.s:669    .text:0000000000000408 .L0 
     /tmp/ccX1OzM9.s:670    .text:000000000000040c .L0 
     /tmp/ccX1OzM9.s:673    .text:0000000000000414 .L0 
     /tmp/ccX1OzM9.s:674    .text:0000000000000414 .L0 
     /tmp/ccX1OzM9.s:676    .text:0000000000000418 .L0 
     /tmp/ccX1OzM9.s:678    .text:0000000000000418 .L0 
     /tmp/ccX1OzM9.s:679    .text:0000000000000418 .L0 
     /tmp/ccX1OzM9.s:687    .text:0000000000000434 .L0 
     /tmp/ccX1OzM9.s:689    .text:000000000000043c .L0 
     /tmp/ccX1OzM9.s:691    .text:0000000000000440 .L0 
     /tmp/ccX1OzM9.s:692    .text:0000000000000440 .L0 
     /tmp/ccX1OzM9.s:694    .text:0000000000000444 .L0 
     /tmp/ccX1OzM9.s:696    .text:0000000000000448 .L0 
     /tmp/ccX1OzM9.s:702    .text:0000000000000448 _Z4putcc
     /tmp/ccX1OzM9.s:705    .text:0000000000000448 .L0 
     /tmp/ccX1OzM9.s:707    .text:0000000000000448 .L0 
     /tmp/ccX1OzM9.s:708    .text:000000000000044c .L0 
     /tmp/ccX1OzM9.s:711    .text:0000000000000454 .L0 
     /tmp/ccX1OzM9.s:712    .text:0000000000000454 .L0 
     /tmp/ccX1OzM9.s:714    .text:0000000000000458 .L0 
     /tmp/ccX1OzM9.s:717    .text:000000000000045c .L0 
     /tmp/ccX1OzM9.s:718    .text:000000000000045c .L0 
     /tmp/ccX1OzM9.s:726    .text:0000000000000474 .L0 
     /tmp/ccX1OzM9.s:727    .text:0000000000000478 .L0 
     /tmp/ccX1OzM9.s:729    .text:000000000000047c .L0 
     /tmp/ccX1OzM9.s:730    .text:000000000000047c .L0 
     /tmp/ccX1OzM9.s:732    .text:0000000000000480 .L0 
     /tmp/ccX1OzM9.s:734    .text:0000000000000484 .L0 
     /tmp/ccX1OzM9.s:740    .text:0000000000000484 .L0 
GAS LISTING /tmp/ccX1OzM9.s 			page 21


     /tmp/ccX1OzM9.s:114    .text:0000000000000078 .L5
     /tmp/ccX1OzM9.s:256    .text:000000000000016c .L14
     /tmp/ccX1OzM9.s:260    .text:0000000000000174 .L15
     /tmp/ccX1OzM9.s:264    .text:000000000000017c .L16
     /tmp/ccX1OzM9.s:247    .text:000000000000015c .L18
     /tmp/ccX1OzM9.s:226    .text:0000000000000138 .L13
     /tmp/ccX1OzM9.s:1799   .debug_abbrev:0000000000000000 .Ldebug_abbrev0
     /tmp/ccX1OzM9.s:2717   .debug_str:00000000000001e1 .LASF66
     /tmp/ccX1OzM9.s:2783   .debug_str:0000000000000423 .LASF67
     /tmp/ccX1OzM9.s:2751   .debug_str:0000000000000351 .LASF68
     /tmp/ccX1OzM9.s:5      .text:0000000000000000 .Ltext0
     /tmp/ccX1OzM9.s:737    .text:0000000000000484 .Letext0
     /tmp/ccX1OzM9.s:2645   .debug_line:0000000000000000 .Ldebug_line0
     /tmp/ccX1OzM9.s:2729   .debug_str:00000000000002cb .LASF0
     /tmp/ccX1OzM9.s:2701   .debug_str:000000000000015c .LASF1
     /tmp/ccX1OzM9.s:2689   .debug_str:000000000000011a .LASF2
     /tmp/ccX1OzM9.s:2667   .debug_str:000000000000007c .LASF4
     /tmp/ccX1OzM9.s:2697   .debug_str:0000000000000140 .LASF3
     /tmp/ccX1OzM9.s:2651   .debug_str:0000000000000021 .LASF5
     /tmp/ccX1OzM9.s:2737   .debug_str:00000000000002fd .LASF6
     /tmp/ccX1OzM9.s:2649   .debug_str:000000000000000e .LASF7
     /tmp/ccX1OzM9.s:2681   .debug_str:00000000000000d9 .LASF8
     /tmp/ccX1OzM9.s:2739   .debug_str:0000000000000304 .LASF9
     /tmp/ccX1OzM9.s:2665   .debug_str:000000000000006e .LASF10
     /tmp/ccX1OzM9.s:2785   .debug_str:0000000000000435 .LASF11
     /tmp/ccX1OzM9.s:2683   .debug_str:00000000000000ec .LASF12
     /tmp/ccX1OzM9.s:2771   .debug_str:00000000000003d6 .LASF13
     /tmp/ccX1OzM9.s:2747   .debug_str:0000000000000338 .LASF14
     /tmp/ccX1OzM9.s:2707   .debug_str:0000000000000190 .LASF15
     /tmp/ccX1OzM9.s:2677   .debug_str:00000000000000ae .LASF16
     /tmp/ccX1OzM9.s:2743   .debug_str:0000000000000319 .LASF17
     /tmp/ccX1OzM9.s:2745   .debug_str:000000000000032f .LASF18
     /tmp/ccX1OzM9.s:2759   .debug_str:0000000000000395 .LASF20
     /tmp/ccX1OzM9.s:2659   .debug_str:0000000000000055 .LASF19
     /tmp/ccX1OzM9.s:2719   .debug_str:00000000000002a5 .LASF21
     /tmp/ccX1OzM9.s:2757   .debug_str:0000000000000390 .LASF42
     /tmp/ccX1OzM9.s:2703   .debug_str:000000000000016f .LASF44
     /tmp/ccX1OzM9.s:703    .text:0000000000000448 .LFB15
     /tmp/ccX1OzM9.s:735    .text:0000000000000484 .LFE15
     /tmp/ccX1OzM9.s:2190   .debug_loc:0000000000000000 .LLST21
     /tmp/ccX1OzM9.s:724    .text:0000000000000474 .LVL58
     /tmp/ccX1OzM9.s:2733   .debug_str:00000000000002e3 .LASF22
     /tmp/ccX1OzM9.s:2691   .debug_str:0000000000000128 .LASF23
     /tmp/ccX1OzM9.s:2777   .debug_str:00000000000003fc .LASF25
     /tmp/ccX1OzM9.s:666    .text:0000000000000408 .LFB14
     /tmp/ccX1OzM9.s:697    .text:0000000000000448 .LFE14
     /tmp/ccX1OzM9.s:685    .text:0000000000000434 .LVL55
     /tmp/ccX1OzM9.s:2731   .debug_str:00000000000002d8 .LASF24
     /tmp/ccX1OzM9.s:2763   .debug_str:00000000000003a2 .LASF26
     /tmp/ccX1OzM9.s:627    .text:00000000000003c8 .LFB13
     /tmp/ccX1OzM9.s:660    .text:0000000000000408 .LFE13
     /tmp/ccX1OzM9.s:2741   .debug_str:0000000000000314 .LASF27
     /tmp/ccX1OzM9.s:2204   .debug_loc:0000000000000039 .LLST20
     /tmp/ccX1OzM9.s:648    .text:00000000000003f4 .LVL54
     /tmp/ccX1OzM9.s:2671   .debug_str:0000000000000089 .LASF28
     /tmp/ccX1OzM9.s:2705   .debug_str:0000000000000178 .LASF29
     /tmp/ccX1OzM9.s:586    .text:0000000000000384 .LFB12
GAS LISTING /tmp/ccX1OzM9.s 			page 22


     /tmp/ccX1OzM9.s:621    .text:00000000000003c8 .LFE12
     /tmp/ccX1OzM9.s:2222   .debug_loc:0000000000000085 .LLST18
     /tmp/ccX1OzM9.s:2240   .debug_loc:00000000000000d1 .LLST19
     /tmp/ccX1OzM9.s:609    .text:00000000000003b4 .LVL51
     /tmp/ccX1OzM9.s:2687   .debug_str:000000000000010f .LASF30
     /tmp/ccX1OzM9.s:2657   .debug_str:000000000000003f .LASF31
     /tmp/ccX1OzM9.s:545    .text:0000000000000340 .LFB11
     /tmp/ccX1OzM9.s:580    .text:0000000000000384 .LFE11
     /tmp/ccX1OzM9.s:2254   .debug_loc:000000000000010a .LLST16
     /tmp/ccX1OzM9.s:2272   .debug_loc:0000000000000156 .LLST17
     /tmp/ccX1OzM9.s:568    .text:0000000000000370 .LVL47
     /tmp/ccX1OzM9.s:2711   .debug_str:00000000000001a3 .LASF32
     /tmp/ccX1OzM9.s:2735   .debug_str:00000000000002e8 .LASF33
     /tmp/ccX1OzM9.s:506    .text:0000000000000300 .LFB10
     /tmp/ccX1OzM9.s:539    .text:0000000000000340 .LFE10
     /tmp/ccX1OzM9.s:2286   .debug_loc:000000000000018f .LLST15
     /tmp/ccX1OzM9.s:527    .text:000000000000032c .LVL43
     /tmp/ccX1OzM9.s:2721   .debug_str:00000000000002aa .LASF34
     /tmp/ccX1OzM9.s:2655   .debug_str:000000000000002d .LASF35
     /tmp/ccX1OzM9.s:467    .text:00000000000002c0 .LFB9
     /tmp/ccX1OzM9.s:500    .text:0000000000000300 .LFE9
     /tmp/ccX1OzM9.s:2304   .debug_loc:00000000000001db .LLST14
     /tmp/ccX1OzM9.s:488    .text:00000000000002ec .LVL40
     /tmp/ccX1OzM9.s:2695   .debug_str:0000000000000136 .LASF36
     /tmp/ccX1OzM9.s:2673   .debug_str:0000000000000096 .LASF37
     /tmp/ccX1OzM9.s:428    .text:0000000000000280 .LFB8
     /tmp/ccX1OzM9.s:461    .text:00000000000002c0 .LFE8
     /tmp/ccX1OzM9.s:2709   .debug_str:000000000000019c .LASF38
     /tmp/ccX1OzM9.s:2322   .debug_loc:0000000000000227 .LLST13
     /tmp/ccX1OzM9.s:449    .text:00000000000002ac .LVL37
     /tmp/ccX1OzM9.s:2693   .debug_str:000000000000012d .LASF39
     /tmp/ccX1OzM9.s:2685   .debug_str:00000000000000fb .LASF40
     /tmp/ccX1OzM9.s:387    .text:000000000000023c .LFB7
     /tmp/ccX1OzM9.s:422    .text:0000000000000280 .LFE7
     /tmp/ccX1OzM9.s:2340   .debug_loc:0000000000000273 .LLST11
     /tmp/ccX1OzM9.s:2675   .debug_str:00000000000000a9 .LASF41
     /tmp/ccX1OzM9.s:2358   .debug_loc:00000000000002bf .LLST12
     /tmp/ccX1OzM9.s:410    .text:000000000000026c .LVL34
     /tmp/ccX1OzM9.s:2755   .debug_str:0000000000000384 .LASF43
     /tmp/ccX1OzM9.s:2781   .debug_str:000000000000040a .LASF45
     /tmp/ccX1OzM9.s:349    .text:0000000000000200 .LFB6
     /tmp/ccX1OzM9.s:381    .text:000000000000023c .LFE6
     /tmp/ccX1OzM9.s:2372   .debug_loc:00000000000002f8 .LLST10
     /tmp/ccX1OzM9.s:370    .text:000000000000022c .LVL30
     /tmp/ccX1OzM9.s:2753   .debug_str:0000000000000374 .LASF46
     /tmp/ccX1OzM9.s:2679   .debug_str:00000000000000c4 .LASF47
     /tmp/ccX1OzM9.s:313    .text:00000000000001c4 .LFB5
     /tmp/ccX1OzM9.s:343    .text:0000000000000200 .LFE5
     /tmp/ccX1OzM9.s:332    .text:00000000000001f0 .LVL27
     /tmp/ccX1OzM9.s:2773   .debug_str:00000000000003e6 .LASF48
     /tmp/ccX1OzM9.s:2769   .debug_str:00000000000003c5 .LASF49
     /tmp/ccX1OzM9.s:276    .text:0000000000000184 .LFB4
     /tmp/ccX1OzM9.s:307    .text:00000000000001c4 .LFE4
     /tmp/ccX1OzM9.s:295    .text:00000000000001b0 .LVL26
     /tmp/ccX1OzM9.s:2767   .debug_str:00000000000003b7 .LASF50
     /tmp/ccX1OzM9.s:2713   .debug_str:00000000000001ae .LASF51
     /tmp/ccX1OzM9.s:166    .text:00000000000000c0 .LFB3
GAS LISTING /tmp/ccX1OzM9.s 			page 23


     /tmp/ccX1OzM9.s:270    .text:0000000000000184 .LFE3
     /tmp/ccX1OzM9.s:2390   .debug_loc:0000000000000344 .LLST4
     /tmp/ccX1OzM9.s:2715   .debug_str:00000000000001d3 .LASF52
     /tmp/ccX1OzM9.s:2423   .debug_loc:00000000000003cc .LLST5
     /tmp/ccX1OzM9.s:2453   .debug_loc:0000000000000451 .LLST6
     /tmp/ccX1OzM9.s:2669   .debug_str:0000000000000083 .LASF53
     /tmp/ccX1OzM9.s:2483   .debug_loc:00000000000004d6 .LLST7
     /tmp/ccX1OzM9.s:2661   .debug_str:000000000000005b .LASF54
     /tmp/ccX1OzM9.s:2498   .debug_loc:000000000000051f .LLST8
     /tmp/ccX1OzM9.s:2532   .debug_loc:000000000000058c .LLST9
     /tmp/ccX1OzM9.s:198    .text:0000000000000100 .LVL14
     /tmp/ccX1OzM9.s:218    .text:000000000000012c .LVL18
     /tmp/ccX1OzM9.s:253    .text:0000000000000168 .LVL22
     /tmp/ccX1OzM9.s:2749   .debug_str:0000000000000348 .LASF55
     /tmp/ccX1OzM9.s:2647   .debug_str:0000000000000000 .LASF56
     /tmp/ccX1OzM9.s:127    .text:0000000000000080 .LFB2
     /tmp/ccX1OzM9.s:160    .text:00000000000000c0 .LFE2
     /tmp/ccX1OzM9.s:2543   .debug_loc:00000000000005c2 .LLST3
     /tmp/ccX1OzM9.s:148    .text:00000000000000ac .LVL11
     /tmp/ccX1OzM9.s:2775   .debug_str:00000000000003f2 .LASF57
     /tmp/ccX1OzM9.s:2727   .debug_str:00000000000002bd .LASF58
     /tmp/ccX1OzM9.s:74     .text:0000000000000034 .LFB1
     /tmp/ccX1OzM9.s:121    .text:0000000000000080 .LFE1
     /tmp/ccX1OzM9.s:2779   .debug_str:0000000000000405 .LASF59
     /tmp/ccX1OzM9.s:2561   .debug_loc:000000000000060e .LLST1
     /tmp/ccX1OzM9.s:2699   .debug_str:0000000000000152 .LASF60
     /tmp/ccX1OzM9.s:2592   .debug_loc:0000000000000685 .LLST2
     /tmp/ccX1OzM9.s:103    .text:0000000000000068 .LVL6
     /tmp/ccX1OzM9.s:2663   .debug_str:0000000000000064 .LASF69
     /tmp/ccX1OzM9.s:9      .text:0000000000000000 .LFB0
     /tmp/ccX1OzM9.s:68     .text:0000000000000034 .LFE0
     /tmp/ccX1OzM9.s:2723   .debug_str:00000000000002b3 .LASF61
     /tmp/ccX1OzM9.s:2618   .debug_loc:00000000000006d9 .LLST0
     /tmp/ccX1OzM9.s:2725   .debug_str:00000000000002b8 .LASF62
     /tmp/ccX1OzM9.s:2653   .debug_str:0000000000000028 .LASF63
     /tmp/ccX1OzM9.s:2761   .debug_str:000000000000039d .LASF64
     /tmp/ccX1OzM9.s:2765   .debug_str:00000000000003b2 .LASF65
     /tmp/ccX1OzM9.s:706    .text:0000000000000448 .LVL56
     /tmp/ccX1OzM9.s:722    .text:000000000000046c .LVL57
     /tmp/ccX1OzM9.s:630    .text:00000000000003c8 .LVL52
     /tmp/ccX1OzM9.s:646    .text:00000000000003ec .LVL53
     /tmp/ccX1OzM9.s:589    .text:0000000000000384 .LVL48
     /tmp/ccX1OzM9.s:607    .text:00000000000003ac .LVL50
     /tmp/ccX1OzM9.s:605    .text:00000000000003a8 .LVL49
     /tmp/ccX1OzM9.s:548    .text:0000000000000340 .LVL44
     /tmp/ccX1OzM9.s:566    .text:0000000000000368 .LVL46
     /tmp/ccX1OzM9.s:564    .text:0000000000000364 .LVL45
     /tmp/ccX1OzM9.s:509    .text:0000000000000300 .LVL41
     /tmp/ccX1OzM9.s:525    .text:0000000000000324 .LVL42
     /tmp/ccX1OzM9.s:470    .text:00000000000002c0 .LVL38
     /tmp/ccX1OzM9.s:486    .text:00000000000002e4 .LVL39
     /tmp/ccX1OzM9.s:431    .text:0000000000000280 .LVL35
     /tmp/ccX1OzM9.s:447    .text:00000000000002a4 .LVL36
     /tmp/ccX1OzM9.s:390    .text:000000000000023c .LVL31
     /tmp/ccX1OzM9.s:408    .text:0000000000000264 .LVL33
     /tmp/ccX1OzM9.s:406    .text:0000000000000260 .LVL32
     /tmp/ccX1OzM9.s:352    .text:0000000000000200 .LVL28
GAS LISTING /tmp/ccX1OzM9.s 			page 24


     /tmp/ccX1OzM9.s:368    .text:0000000000000224 .LVL29
     /tmp/ccX1OzM9.s:169    .text:00000000000000c0 .LVL12
     /tmp/ccX1OzM9.s:196    .text:00000000000000f8 .LVL13
     /tmp/ccX1OzM9.s:221    .text:0000000000000130 .LVL19
     /tmp/ccX1OzM9.s:255    .text:000000000000016c .LVL23
     /tmp/ccX1OzM9.s:263    .text:000000000000017c .LVL24
     /tmp/ccX1OzM9.s:267    .text:0000000000000180 .LVL25
     /tmp/ccX1OzM9.s:225    .text:0000000000000138 .LVL20
     /tmp/ccX1OzM9.s:246    .text:000000000000015c .LVL21
     /tmp/ccX1OzM9.s:200    .text:0000000000000104 .LVL15
     /tmp/ccX1OzM9.s:207    .text:0000000000000110 .LVL16
     /tmp/ccX1OzM9.s:212    .text:0000000000000114 .LVL17
     /tmp/ccX1OzM9.s:130    .text:0000000000000080 .LVL9
     /tmp/ccX1OzM9.s:146    .text:00000000000000a4 .LVL10
     /tmp/ccX1OzM9.s:77     .text:0000000000000034 .LVL2
     /tmp/ccX1OzM9.s:92     .text:000000000000004c .LVL3
     /tmp/ccX1OzM9.s:101    .text:0000000000000060 .LVL5
     /tmp/ccX1OzM9.s:113    .text:0000000000000078 .LVL7
     /tmp/ccX1OzM9.s:117    .text:000000000000007c .LVL8
     /tmp/ccX1OzM9.s:99     .text:000000000000005c .LVL4
     /tmp/ccX1OzM9.s:13     .text:0000000000000000 .LVL0
     /tmp/ccX1OzM9.s:57     .text:0000000000000028 .LVL1
     /tmp/ccX1OzM9.s:741    .debug_info:0000000000000000 .Ldebug_info0

NO UNDEFINED SYMBOLS
