GAS LISTING /tmp/ccFhXJz0.s 			page 1


   1              		.file	"syscall_cpp.cpp"
   2              		.option pic
   3              		.option norelax
   4              		.text
   5              	.Ltext0:
   6              		.section	.text._ZN6Thread3runEv,"axG",@progbits,_ZN6Thread3runEv,comdat
   7              		.align	2
   8              		.weak	_ZN6Thread3runEv
  10              	_ZN6Thread3runEv:
  11              	.LFB0:
  12              		.file 1 "src/../h/syscall_cpp.hpp"
   1:src/../h/syscall_cpp.hpp **** //
   2:src/../h/syscall_cpp.hpp **** // Created by os on 6/11/26.
   3:src/../h/syscall_cpp.hpp **** //
   4:src/../h/syscall_cpp.hpp **** 
   5:src/../h/syscall_cpp.hpp **** #ifndef PROJECT_BASE_V1_1_SYSCALL_CPP_HPP
   6:src/../h/syscall_cpp.hpp **** #define PROJECT_BASE_V1_1_SYSCALL_CPP_HPP
   7:src/../h/syscall_cpp.hpp **** 
   8:src/../h/syscall_cpp.hpp **** #include "syscall_c.hpp"
   9:src/../h/syscall_cpp.hpp **** 
  10:src/../h/syscall_cpp.hpp **** void* operator new(size_t size);
  11:src/../h/syscall_cpp.hpp **** void operator delete(void* ptr);
  12:src/../h/syscall_cpp.hpp **** 
  13:src/../h/syscall_cpp.hpp **** class Thread {
  14:src/../h/syscall_cpp.hpp **** public:
  15:src/../h/syscall_cpp.hpp ****     Thread(void (*body)(void*), void* arg);
  16:src/../h/syscall_cpp.hpp ****     virtual ~Thread();
  17:src/../h/syscall_cpp.hpp **** 
  18:src/../h/syscall_cpp.hpp ****     int start();
  19:src/../h/syscall_cpp.hpp **** 
  20:src/../h/syscall_cpp.hpp ****     static void dispatch();
  21:src/../h/syscall_cpp.hpp ****     static int sleep(time_t);
  22:src/../h/syscall_cpp.hpp ****     void send(char* message);
  23:src/../h/syscall_cpp.hpp ****     char* receive();
  24:src/../h/syscall_cpp.hpp **** 
  25:src/../h/syscall_cpp.hpp **** protected:
  26:src/../h/syscall_cpp.hpp ****     Thread();
  27:src/../h/syscall_cpp.hpp **** 
  28:src/../h/syscall_cpp.hpp ****     virtual void run() {}
  13              		.loc 1 28 18
  14              		.cfi_startproc
  15              	.LVL0:
  16 0000 130101FF 		addi	sp,sp,-16
  17              		.cfi_def_cfa_offset 16
  18 0004 23348100 		sd	s0,8(sp)
  19              		.cfi_offset 8, -8
  20 0008 13040101 		addi	s0,sp,16
  21              		.cfi_def_cfa 8, 0
  22              		.loc 1 28 25 is_stmt 0
  23 000c 03348100 		ld	s0,8(sp)
  24              		.cfi_restore 8
  25              		.cfi_def_cfa 2, 16
  26 0010 13010101 		addi	sp,sp,16
  27              		.cfi_def_cfa_offset 0
  28 0014 67800000 		jr	ra
  29              		.cfi_endproc
  30              	.LFE0:
GAS LISTING /tmp/ccFhXJz0.s 			page 2


  32              		.section	.text._ZN14PeriodicThread18periodicActivationEv,"axG",@progbits,_ZN14PeriodicThread18peri
  33              		.align	2
  34              		.weak	_ZN14PeriodicThread18periodicActivationEv
  36              	_ZN14PeriodicThread18periodicActivationEv:
  37              	.LFB1:
  29:src/../h/syscall_cpp.hpp **** 
  30:src/../h/syscall_cpp.hpp **** private:
  31:src/../h/syscall_cpp.hpp ****     thread_t myHandle;
  32:src/../h/syscall_cpp.hpp ****     void (*body)(void*);
  33:src/../h/syscall_cpp.hpp ****     void* arg;
  34:src/../h/syscall_cpp.hpp **** 
  35:src/../h/syscall_cpp.hpp ****     static void threadWrapper(void* thread);
  36:src/../h/syscall_cpp.hpp **** };
  37:src/../h/syscall_cpp.hpp **** 
  38:src/../h/syscall_cpp.hpp **** class Semaphore {
  39:src/../h/syscall_cpp.hpp **** public:
  40:src/../h/syscall_cpp.hpp ****     Semaphore(unsigned init = 1);
  41:src/../h/syscall_cpp.hpp ****     virtual ~Semaphore();
  42:src/../h/syscall_cpp.hpp **** 
  43:src/../h/syscall_cpp.hpp ****     int wait();
  44:src/../h/syscall_cpp.hpp ****     int signal();
  45:src/../h/syscall_cpp.hpp **** 
  46:src/../h/syscall_cpp.hpp **** private:
  47:src/../h/syscall_cpp.hpp ****     sem_t myHandle;
  48:src/../h/syscall_cpp.hpp **** };
  49:src/../h/syscall_cpp.hpp **** 
  50:src/../h/syscall_cpp.hpp **** class PeriodicThread : public Thread {
  51:src/../h/syscall_cpp.hpp **** public:
  52:src/../h/syscall_cpp.hpp ****     void terminate();
  53:src/../h/syscall_cpp.hpp **** 
  54:src/../h/syscall_cpp.hpp **** protected:
  55:src/../h/syscall_cpp.hpp ****     PeriodicThread(time_t period);
  56:src/../h/syscall_cpp.hpp ****     virtual void periodicActivation() {}
  38              		.loc 1 56 18 is_stmt 1
  39              		.cfi_startproc
  40              	.LVL1:
  41 0000 130101FF 		addi	sp,sp,-16
  42              		.cfi_def_cfa_offset 16
  43 0004 23348100 		sd	s0,8(sp)
  44              		.cfi_offset 8, -8
  45 0008 13040101 		addi	s0,sp,16
  46              		.cfi_def_cfa 8, 0
  47              		.loc 1 56 40 is_stmt 0
  48 000c 03348100 		ld	s0,8(sp)
  49              		.cfi_restore 8
  50              		.cfi_def_cfa 2, 16
  51 0010 13010101 		addi	sp,sp,16
  52              		.cfi_def_cfa_offset 0
  53 0014 67800000 		jr	ra
  54              		.cfi_endproc
  55              	.LFE1:
  57              		.text
  58              		.align	2
  59              		.globl	_ZN6ThreadD2Ev
  61              	_ZN6ThreadD2Ev:
  62              	.LFB9:
  63              		.file 2 "src/syscall_cpp.cpp"
GAS LISTING /tmp/ccFhXJz0.s 			page 3


   1:src/syscall_cpp.cpp **** #include "../h/syscall_cpp.hpp"
   2:src/syscall_cpp.cpp **** 
   3:src/syscall_cpp.cpp **** Thread::Thread(void (*body)(void*), void* arg) {
   4:src/syscall_cpp.cpp ****     this->myHandle = nullptr;
   5:src/syscall_cpp.cpp ****     this->body = body;
   6:src/syscall_cpp.cpp ****     this->arg = arg;
   7:src/syscall_cpp.cpp **** }
   8:src/syscall_cpp.cpp **** 
   9:src/syscall_cpp.cpp **** Thread::Thread() {
  10:src/syscall_cpp.cpp ****     this->myHandle = nullptr;
  11:src/syscall_cpp.cpp ****     this->body = nullptr;
  12:src/syscall_cpp.cpp ****     this->arg = nullptr;
  13:src/syscall_cpp.cpp **** }
  14:src/syscall_cpp.cpp **** 
  15:src/syscall_cpp.cpp **** Thread::~Thread() {
  64              		.loc 2 15 1 is_stmt 1
  65              		.cfi_startproc
  66              	.LVL2:
  67 0000 130101FF 		addi	sp,sp,-16
  68              		.cfi_def_cfa_offset 16
  69 0004 23348100 		sd	s0,8(sp)
  70              		.cfi_offset 8, -8
  71 0008 13040101 		addi	s0,sp,16
  72              		.cfi_def_cfa 8, 0
  16:src/syscall_cpp.cpp **** }
  73              		.loc 2 16 1 is_stmt 0
  74 000c 03348100 		ld	s0,8(sp)
  75              		.cfi_restore 8
  76              		.cfi_def_cfa 2, 16
  77 0010 13010101 		addi	sp,sp,16
  78              		.cfi_def_cfa_offset 0
  79 0014 67800000 		jr	ra
  80              		.cfi_endproc
  81              	.LFE9:
  83              		.globl	_ZN6ThreadD1Ev
  84              		.set	_ZN6ThreadD1Ev,_ZN6ThreadD2Ev
  85              		.align	2
  86              		.globl	_ZN6Thread13threadWrapperEPv
  88              	_ZN6Thread13threadWrapperEPv:
  89              	.LFB15:
  17:src/syscall_cpp.cpp **** 
  18:src/syscall_cpp.cpp **** int Thread::start() {
  19:src/syscall_cpp.cpp ****     if (body != nullptr) {
  20:src/syscall_cpp.cpp ****         return thread_create(&myHandle, body, arg);
  21:src/syscall_cpp.cpp ****     }
  22:src/syscall_cpp.cpp **** 
  23:src/syscall_cpp.cpp ****     return thread_create(&myHandle, Thread::threadWrapper, this);//kada korisnik ocekuje da se izvr
  24:src/syscall_cpp.cpp **** }
  25:src/syscall_cpp.cpp **** 
  26:src/syscall_cpp.cpp **** void Thread::dispatch() {
  27:src/syscall_cpp.cpp ****     thread_dispatch();
  28:src/syscall_cpp.cpp **** }
  29:src/syscall_cpp.cpp **** 
  30:src/syscall_cpp.cpp **** int Thread::sleep(time_t time) {
  31:src/syscall_cpp.cpp ****     return time_sleep(time);
  32:src/syscall_cpp.cpp **** }
  33:src/syscall_cpp.cpp **** 
GAS LISTING /tmp/ccFhXJz0.s 			page 4


  34:src/syscall_cpp.cpp **** void Thread::threadWrapper(void* thread) {
  90              		.loc 2 34 42 is_stmt 1
  91              		.cfi_startproc
  92              	.LVL3:
  35:src/syscall_cpp.cpp ****     Thread* t = (Thread*)thread;
  93              		.loc 2 35 5
  36:src/syscall_cpp.cpp **** 
  37:src/syscall_cpp.cpp ****     if (t != nullptr) {
  94              		.loc 2 37 5
  95 0018 63080502 		beqz	a0,.L10
  34:src/syscall_cpp.cpp ****     Thread* t = (Thread*)thread;
  96              		.loc 2 34 42 is_stmt 0
  97 001c 130101FF 		addi	sp,sp,-16
  98              		.cfi_def_cfa_offset 16
  99 0020 23341100 		sd	ra,8(sp)
 100 0024 23308100 		sd	s0,0(sp)
 101              		.cfi_offset 1, -8
 102              		.cfi_offset 8, -16
 103 0028 13040101 		addi	s0,sp,16
 104              		.cfi_def_cfa 8, 0
  38:src/syscall_cpp.cpp ****         t->run();
 105              		.loc 2 38 9 is_stmt 1
 106              		.loc 2 38 16 is_stmt 0
 107 002c 83370500 		ld	a5,0(a0)
 108 0030 83B70701 		ld	a5,16(a5)
 109              		.loc 2 38 15
 110 0034 E7800700 		jalr	a5
 111              	.LVL4:
  39:src/syscall_cpp.cpp ****     }
  40:src/syscall_cpp.cpp **** }
 112              		.loc 2 40 1
 113 0038 83308100 		ld	ra,8(sp)
 114              		.cfi_restore 1
 115 003c 03340100 		ld	s0,0(sp)
 116              		.cfi_restore 8
 117              		.cfi_def_cfa 2, 16
 118 0040 13010101 		addi	sp,sp,16
 119              		.cfi_def_cfa_offset 0
 120 0044 67800000 		jr	ra
 121              	.LVL5:
 122              	.L10:
 123 0048 67800000 		ret
 124              		.cfi_endproc
 125              	.LFE15:
 127              		.section	.text._ZN14PeriodicThreadD2Ev,"axG",@progbits,_ZN14PeriodicThreadD5Ev,comdat
 128              		.align	2
 129              		.weak	_ZN14PeriodicThreadD2Ev
 131              	_ZN14PeriodicThreadD2Ev:
 132              	.LFB34:
  50:src/../h/syscall_cpp.hpp **** public:
 133              		.loc 1 50 7 is_stmt 1
 134              		.cfi_startproc
 135              	.LVL6:
 136 0000 130101FF 		addi	sp,sp,-16
 137              		.cfi_def_cfa_offset 16
 138 0004 23348100 		sd	s0,8(sp)
 139              		.cfi_offset 8, -8
GAS LISTING /tmp/ccFhXJz0.s 			page 5


 140 0008 13040101 		addi	s0,sp,16
 141              		.cfi_def_cfa 8, 0
 142              	.LBB5:
  50:src/../h/syscall_cpp.hpp **** public:
 143              		.loc 1 50 7 is_stmt 0
 144 000c 97070000 		lla	a5,_ZTV14PeriodicThread+16
 144      93870700 
 145 0014 2330F500 		sd	a5,0(a0)
 146              	.LBE5:
 147 0018 03348100 		ld	s0,8(sp)
 148              		.cfi_restore 8
 149              		.cfi_def_cfa 2, 16
 150 001c 13010101 		addi	sp,sp,16
 151              		.cfi_def_cfa_offset 0
 152 0020 67800000 		jr	ra
 153              		.cfi_endproc
 154              	.LFE34:
 156              		.weak	_ZN14PeriodicThreadD1Ev
 157              		.set	_ZN14PeriodicThreadD1Ev,_ZN14PeriodicThreadD2Ev
 158              		.text
 159              		.align	2
 160              		.globl	_ZN6ThreadD0Ev
 162              	_ZN6ThreadD0Ev:
 163              	.LFB11:
  15:src/syscall_cpp.cpp **** }
 164              		.loc 2 15 1 is_stmt 1
 165              		.cfi_startproc
 166              	.LVL7:
 167 004c 130101FF 		addi	sp,sp,-16
 168              		.cfi_def_cfa_offset 16
 169 0050 23341100 		sd	ra,8(sp)
 170 0054 23308100 		sd	s0,0(sp)
 171              		.cfi_offset 1, -8
 172              		.cfi_offset 8, -16
 173 0058 13040101 		addi	s0,sp,16
 174              		.cfi_def_cfa 8, 0
  16:src/syscall_cpp.cpp **** 
 175              		.loc 2 16 1 is_stmt 0
 176 005c 97000000 		call	_ZdlPv@plt
 176      E7800000 
 177              	.LVL8:
 178 0064 83308100 		ld	ra,8(sp)
 179              		.cfi_restore 1
 180 0068 03340100 		ld	s0,0(sp)
 181              		.cfi_restore 8
 182              		.cfi_def_cfa 2, 16
 183 006c 13010101 		addi	sp,sp,16
 184              		.cfi_def_cfa_offset 0
 185 0070 67800000 		jr	ra
 186              		.cfi_endproc
 187              	.LFE11:
 189              		.section	.text._ZN14PeriodicThreadD0Ev,"axG",@progbits,_ZN14PeriodicThreadD5Ev,comdat
 190              		.align	2
 191              		.weak	_ZN14PeriodicThreadD0Ev
 193              	_ZN14PeriodicThreadD0Ev:
 194              	.LFB36:
  50:src/../h/syscall_cpp.hpp **** public:
GAS LISTING /tmp/ccFhXJz0.s 			page 6


 195              		.loc 1 50 7 is_stmt 1
 196              		.cfi_startproc
 197              	.LVL9:
 198 0000 130101FF 		addi	sp,sp,-16
 199              		.cfi_def_cfa_offset 16
 200 0004 23341100 		sd	ra,8(sp)
 201 0008 23308100 		sd	s0,0(sp)
 202              		.cfi_offset 1, -8
 203              		.cfi_offset 8, -16
 204 000c 13040101 		addi	s0,sp,16
 205              		.cfi_def_cfa 8, 0
 206              	.LVL10:
 207              	.LBB6:
 208              	.LBB7:
  50:src/../h/syscall_cpp.hpp **** public:
 209              		.loc 1 50 7 is_stmt 0
 210 0010 97070000 		lla	a5,_ZTV14PeriodicThread+16
 210      93870700 
 211 0018 2330F500 		sd	a5,0(a0)
 212              	.LVL11:
 213              	.LBE7:
 214              	.LBE6:
 215 001c 97000000 		call	_ZdlPv@plt
 215      E7800000 
 216              	.LVL12:
 217 0024 83308100 		ld	ra,8(sp)
 218              		.cfi_restore 1
 219 0028 03340100 		ld	s0,0(sp)
 220              		.cfi_restore 8
 221              		.cfi_def_cfa 2, 16
 222 002c 13010101 		addi	sp,sp,16
 223              		.cfi_def_cfa_offset 0
 224 0030 67800000 		jr	ra
 225              		.cfi_endproc
 226              	.LFE36:
 228              		.text
 229              		.align	2
 230              		.globl	_ZN9SemaphoreD2Ev
 232              	_ZN9SemaphoreD2Ev:
 233              	.LFB22:
  41:src/syscall_cpp.cpp **** void Thread::send(char* message) {
  42:src/syscall_cpp.cpp ****     ::send(myHandle, message);
  43:src/syscall_cpp.cpp **** }
  44:src/syscall_cpp.cpp **** 
  45:src/syscall_cpp.cpp **** char* Thread::receive() {
  46:src/syscall_cpp.cpp ****     return ::receive();
  47:src/syscall_cpp.cpp **** }
  48:src/syscall_cpp.cpp **** 
  49:src/syscall_cpp.cpp **** Semaphore::Semaphore(unsigned init) {
  50:src/syscall_cpp.cpp ****     myHandle = nullptr;
  51:src/syscall_cpp.cpp ****     sem_open(&myHandle, init);
  52:src/syscall_cpp.cpp **** }
  53:src/syscall_cpp.cpp **** 
  54:src/syscall_cpp.cpp **** Semaphore::~Semaphore() {
 234              		.loc 2 54 1 is_stmt 1
 235              		.cfi_startproc
 236              		.cfi_personality 0x9b,DW.ref.__gxx_personality_v0
GAS LISTING /tmp/ccFhXJz0.s 			page 7


 237              		.cfi_lsda 0x1b,.LLSDA22
 238              	.LVL13:
 239              	.LBB8:
 240              		.loc 2 54 23 is_stmt 0
 241 0074 97070000 		lla	a5,_ZTV9Semaphore+16
 241      93870700 
 242 007c 2330F500 		sd	a5,0(a0)
  55:src/syscall_cpp.cpp ****     if (myHandle != nullptr) {
 243              		.loc 2 55 5 is_stmt 1
 244              		.loc 2 55 9 is_stmt 0
 245 0080 03358500 		ld	a0,8(a0)
 246              	.LVL14:
 247              		.loc 2 55 5
 248 0084 63060502 		beqz	a0,.L22
 249              	.LBE8:
  54:src/syscall_cpp.cpp ****     if (myHandle != nullptr) {
 250              		.loc 2 54 1
 251 0088 130101FF 		addi	sp,sp,-16
 252              		.cfi_def_cfa_offset 16
 253 008c 23341100 		sd	ra,8(sp)
 254 0090 23308100 		sd	s0,0(sp)
 255              		.cfi_offset 1, -8
 256              		.cfi_offset 8, -16
 257 0094 13040101 		addi	s0,sp,16
 258              		.cfi_def_cfa 8, 0
 259              	.LBB9:
  56:src/syscall_cpp.cpp ****         sem_close(myHandle);
 260              		.loc 2 56 9 is_stmt 1
 261              		.loc 2 56 18 is_stmt 0
 262 0098 97000000 		call	_Z9sem_closeP4_sem@plt
 262      E7800000 
 263              	.LVL15:
 264              	.LBE9:
  57:src/syscall_cpp.cpp ****     }
  58:src/syscall_cpp.cpp **** }
 265              		.loc 2 58 1
 266 00a0 83308100 		ld	ra,8(sp)
 267              		.cfi_restore 1
 268 00a4 03340100 		ld	s0,0(sp)
 269              		.cfi_restore 8
 270              		.cfi_def_cfa 2, 16
 271 00a8 13010101 		addi	sp,sp,16
 272              		.cfi_def_cfa_offset 0
 273 00ac 67800000 		jr	ra
 274              	.L22:
 275 00b0 67800000 		ret
 276              		.cfi_endproc
 277              	.LFE22:
 278              		.globl	__gxx_personality_v0
 279              		.section	.gcc_except_table,"a",@progbits
 280              	.LLSDA22:
 281 0000 FF       		.byte	0xff
 282 0001 FF       		.byte	0xff
 283 0002 03       		.byte	0x3
 284 0003 00       		.byte	0
 285              		.text
 287              		.globl	_ZN9SemaphoreD1Ev
GAS LISTING /tmp/ccFhXJz0.s 			page 8


 288              		.set	_ZN9SemaphoreD1Ev,_ZN9SemaphoreD2Ev
 289              		.align	2
 290              		.globl	_ZN9SemaphoreD0Ev
 292              	_ZN9SemaphoreD0Ev:
 293              	.LFB24:
  54:src/syscall_cpp.cpp ****     if (myHandle != nullptr) {
 294              		.loc 2 54 1 is_stmt 1
 295              		.cfi_startproc
 296              	.LVL16:
 297 00b4 130101FE 		addi	sp,sp,-32
 298              		.cfi_def_cfa_offset 32
 299 00b8 233C1100 		sd	ra,24(sp)
 300 00bc 23388100 		sd	s0,16(sp)
 301 00c0 23349100 		sd	s1,8(sp)
 302              		.cfi_offset 1, -8
 303              		.cfi_offset 8, -16
 304              		.cfi_offset 9, -24
 305 00c4 13040102 		addi	s0,sp,32
 306              		.cfi_def_cfa 8, 0
 307 00c8 93040500 		mv	s1,a0
 308              		.loc 2 58 1 is_stmt 0
 309 00cc 97000000 		call	_ZN9SemaphoreD1Ev
 309      E7800000 
 310              	.LVL17:
 311 00d4 13850400 		mv	a0,s1
 312 00d8 97000000 		call	_ZdlPv@plt
 312      E7800000 
 313              	.LVL18:
 314 00e0 83308101 		ld	ra,24(sp)
 315              		.cfi_restore 1
 316 00e4 03340101 		ld	s0,16(sp)
 317              		.cfi_restore 8
 318              		.cfi_def_cfa 2, 32
 319 00e8 83348100 		ld	s1,8(sp)
 320              		.cfi_restore 9
 321              	.LVL19:
 322 00ec 13010102 		addi	sp,sp,32
 323              		.cfi_def_cfa_offset 0
 324 00f0 67800000 		jr	ra
 325              		.cfi_endproc
 326              	.LFE24:
 328              		.align	2
 329              		.globl	_ZN6ThreadC2EPFvPvES0_
 331              	_ZN6ThreadC2EPFvPvES0_:
 332              	.LFB3:
   3:src/syscall_cpp.cpp ****     this->myHandle = nullptr;
 333              		.loc 2 3 1 is_stmt 1
 334              		.cfi_startproc
 335              	.LVL20:
 336 00f4 130101FF 		addi	sp,sp,-16
 337              		.cfi_def_cfa_offset 16
 338 00f8 23348100 		sd	s0,8(sp)
 339              		.cfi_offset 8, -8
 340 00fc 13040101 		addi	s0,sp,16
 341              		.cfi_def_cfa 8, 0
 342              	.LBB10:
   3:src/syscall_cpp.cpp ****     this->myHandle = nullptr;
GAS LISTING /tmp/ccFhXJz0.s 			page 9


 343              		.loc 2 3 46 is_stmt 0
 344 0100 97070000 		lla	a5,_ZTV6Thread+16
 344      93870700 
 345 0108 2330F500 		sd	a5,0(a0)
   4:src/syscall_cpp.cpp ****     this->body = body;
 346              		.loc 2 4 5 is_stmt 1
   4:src/syscall_cpp.cpp ****     this->body = body;
 347              		.loc 2 4 20 is_stmt 0
 348 010c 23340500 		sd	zero,8(a0)
   5:src/syscall_cpp.cpp ****     this->arg = arg;
 349              		.loc 2 5 5 is_stmt 1
   5:src/syscall_cpp.cpp ****     this->arg = arg;
 350              		.loc 2 5 16 is_stmt 0
 351 0110 2338B500 		sd	a1,16(a0)
   6:src/syscall_cpp.cpp **** }
 352              		.loc 2 6 5 is_stmt 1
   6:src/syscall_cpp.cpp **** }
 353              		.loc 2 6 15 is_stmt 0
 354 0114 233CC500 		sd	a2,24(a0)
 355              	.LBE10:
   7:src/syscall_cpp.cpp **** 
 356              		.loc 2 7 1
 357 0118 03348100 		ld	s0,8(sp)
 358              		.cfi_restore 8
 359              		.cfi_def_cfa 2, 16
 360 011c 13010101 		addi	sp,sp,16
 361              		.cfi_def_cfa_offset 0
 362 0120 67800000 		jr	ra
 363              		.cfi_endproc
 364              	.LFE3:
 366              		.globl	_ZN6ThreadC1EPFvPvES0_
 367              		.set	_ZN6ThreadC1EPFvPvES0_,_ZN6ThreadC2EPFvPvES0_
 368              		.align	2
 369              		.globl	_ZN6ThreadC2Ev
 371              	_ZN6ThreadC2Ev:
 372              	.LFB6:
   9:src/syscall_cpp.cpp ****     this->myHandle = nullptr;
 373              		.loc 2 9 1 is_stmt 1
 374              		.cfi_startproc
 375              	.LVL21:
 376 0124 130101FF 		addi	sp,sp,-16
 377              		.cfi_def_cfa_offset 16
 378 0128 23348100 		sd	s0,8(sp)
 379              		.cfi_offset 8, -8
 380 012c 13040101 		addi	s0,sp,16
 381              		.cfi_def_cfa 8, 0
 382              	.LBB11:
   9:src/syscall_cpp.cpp ****     this->myHandle = nullptr;
 383              		.loc 2 9 16 is_stmt 0
 384 0130 97070000 		lla	a5,_ZTV6Thread+16
 384      93870700 
 385 0138 2330F500 		sd	a5,0(a0)
  10:src/syscall_cpp.cpp ****     this->body = nullptr;
 386              		.loc 2 10 5 is_stmt 1
  10:src/syscall_cpp.cpp ****     this->body = nullptr;
 387              		.loc 2 10 20 is_stmt 0
 388 013c 23340500 		sd	zero,8(a0)
GAS LISTING /tmp/ccFhXJz0.s 			page 10


  11:src/syscall_cpp.cpp ****     this->arg = nullptr;
 389              		.loc 2 11 5 is_stmt 1
  11:src/syscall_cpp.cpp ****     this->arg = nullptr;
 390              		.loc 2 11 16 is_stmt 0
 391 0140 23380500 		sd	zero,16(a0)
  12:src/syscall_cpp.cpp **** }
 392              		.loc 2 12 5 is_stmt 1
  12:src/syscall_cpp.cpp **** }
 393              		.loc 2 12 15 is_stmt 0
 394 0144 233C0500 		sd	zero,24(a0)
 395              	.LBE11:
  13:src/syscall_cpp.cpp **** 
 396              		.loc 2 13 1
 397 0148 03348100 		ld	s0,8(sp)
 398              		.cfi_restore 8
 399              		.cfi_def_cfa 2, 16
 400 014c 13010101 		addi	sp,sp,16
 401              		.cfi_def_cfa_offset 0
 402 0150 67800000 		jr	ra
 403              		.cfi_endproc
 404              	.LFE6:
 406              		.globl	_ZN6ThreadC1Ev
 407              		.set	_ZN6ThreadC1Ev,_ZN6ThreadC2Ev
 408              		.align	2
 409              		.globl	_ZN6Thread5startEv
 411              	_ZN6Thread5startEv:
 412              	.LFB12:
  18:src/syscall_cpp.cpp ****     if (body != nullptr) {
 413              		.loc 2 18 21 is_stmt 1
 414              		.cfi_startproc
 415              	.LVL22:
 416 0154 130101FF 		addi	sp,sp,-16
 417              		.cfi_def_cfa_offset 16
 418 0158 23341100 		sd	ra,8(sp)
 419 015c 23308100 		sd	s0,0(sp)
 420              		.cfi_offset 1, -8
 421              		.cfi_offset 8, -16
 422 0160 13040101 		addi	s0,sp,16
 423              		.cfi_def_cfa 8, 0
  19:src/syscall_cpp.cpp ****         return thread_create(&myHandle, body, arg);
 424              		.loc 2 19 5
  19:src/syscall_cpp.cpp ****         return thread_create(&myHandle, body, arg);
 425              		.loc 2 19 9 is_stmt 0
 426 0164 83350501 		ld	a1,16(a0)
  19:src/syscall_cpp.cpp ****         return thread_create(&myHandle, body, arg);
 427              		.loc 2 19 5
 428 0168 63820502 		beqz	a1,.L32
  20:src/syscall_cpp.cpp ****     }
 429              		.loc 2 20 9 is_stmt 1
  20:src/syscall_cpp.cpp ****     }
 430              		.loc 2 20 29 is_stmt 0
 431 016c 03368501 		ld	a2,24(a0)
 432 0170 13058500 		addi	a0,a0,8
 433              	.LVL23:
 434 0174 97000000 		call	_Z13thread_createPP7_threadPFvPvES2_@plt
 434      E7800000 
 435              	.LVL24:
GAS LISTING /tmp/ccFhXJz0.s 			page 11


 436              	.L33:
  24:src/syscall_cpp.cpp **** 
 437              		.loc 2 24 1
 438 017c 83308100 		ld	ra,8(sp)
 439              		.cfi_remember_state
 440              		.cfi_restore 1
 441 0180 03340100 		ld	s0,0(sp)
 442              		.cfi_restore 8
 443              		.cfi_def_cfa 2, 16
 444 0184 13010101 		addi	sp,sp,16
 445              		.cfi_def_cfa_offset 0
 446 0188 67800000 		jr	ra
 447              	.LVL25:
 448              	.L32:
 449              		.cfi_restore_state
  23:src/syscall_cpp.cpp **** }
 450              		.loc 2 23 5 is_stmt 1
  23:src/syscall_cpp.cpp **** }
 451              		.loc 2 23 25 is_stmt 0
 452 018c 13060500 		mv	a2,a0
 453 0190 97050000 		lla	a1,_ZN6Thread13threadWrapperEPv
 453      93850500 
 454 0198 13058500 		addi	a0,a0,8
 455              	.LVL26:
 456 019c 97000000 		call	_Z13thread_createPP7_threadPFvPvES2_@plt
 456      E7800000 
 457              	.LVL27:
  23:src/syscall_cpp.cpp **** }
 458              		.loc 2 23 64
 459 01a4 6FF09FFD 		j	.L33
 460              		.cfi_endproc
 461              	.LFE12:
 463              		.align	2
 464              		.globl	_ZN6Thread8dispatchEv
 466              	_ZN6Thread8dispatchEv:
 467              	.LFB13:
  26:src/syscall_cpp.cpp ****     thread_dispatch();
 468              		.loc 2 26 25 is_stmt 1
 469              		.cfi_startproc
 470 01a8 130101FF 		addi	sp,sp,-16
 471              		.cfi_def_cfa_offset 16
 472 01ac 23341100 		sd	ra,8(sp)
 473 01b0 23308100 		sd	s0,0(sp)
 474              		.cfi_offset 1, -8
 475              		.cfi_offset 8, -16
 476 01b4 13040101 		addi	s0,sp,16
 477              		.cfi_def_cfa 8, 0
  27:src/syscall_cpp.cpp **** }
 478              		.loc 2 27 5
  27:src/syscall_cpp.cpp **** }
 479              		.loc 2 27 20 is_stmt 0
 480 01b8 97000000 		call	_Z15thread_dispatchv@plt
 480      E7800000 
 481              	.LVL28:
  28:src/syscall_cpp.cpp **** 
 482              		.loc 2 28 1
 483 01c0 83308100 		ld	ra,8(sp)
GAS LISTING /tmp/ccFhXJz0.s 			page 12


 484              		.cfi_restore 1
 485 01c4 03340100 		ld	s0,0(sp)
 486              		.cfi_restore 8
 487              		.cfi_def_cfa 2, 16
 488 01c8 13010101 		addi	sp,sp,16
 489              		.cfi_def_cfa_offset 0
 490 01cc 67800000 		jr	ra
 491              		.cfi_endproc
 492              	.LFE13:
 494              		.align	2
 495              		.globl	_ZN6Thread5sleepEm
 497              	_ZN6Thread5sleepEm:
 498              	.LFB14:
  30:src/syscall_cpp.cpp ****     return time_sleep(time);
 499              		.loc 2 30 32 is_stmt 1
 500              		.cfi_startproc
 501              	.LVL29:
 502 01d0 130101FF 		addi	sp,sp,-16
 503              		.cfi_def_cfa_offset 16
 504 01d4 23341100 		sd	ra,8(sp)
 505 01d8 23308100 		sd	s0,0(sp)
 506              		.cfi_offset 1, -8
 507              		.cfi_offset 8, -16
 508 01dc 13040101 		addi	s0,sp,16
 509              		.cfi_def_cfa 8, 0
  31:src/syscall_cpp.cpp **** }
 510              		.loc 2 31 5
  31:src/syscall_cpp.cpp **** }
 511              		.loc 2 31 22 is_stmt 0
 512 01e0 97000000 		call	_Z10time_sleepm@plt
 512      E7800000 
 513              	.LVL30:
  32:src/syscall_cpp.cpp **** 
 514              		.loc 2 32 1
 515 01e8 83308100 		ld	ra,8(sp)
 516              		.cfi_restore 1
 517 01ec 03340100 		ld	s0,0(sp)
 518              		.cfi_restore 8
 519              		.cfi_def_cfa 2, 16
 520 01f0 13010101 		addi	sp,sp,16
 521              		.cfi_def_cfa_offset 0
 522 01f4 67800000 		jr	ra
 523              		.cfi_endproc
 524              	.LFE14:
 526              		.align	2
 527              		.globl	_ZN6Thread4sendEPc
 529              	_ZN6Thread4sendEPc:
 530              	.LFB16:
  41:src/syscall_cpp.cpp ****     ::send(myHandle, message);
 531              		.loc 2 41 34 is_stmt 1
 532              		.cfi_startproc
 533              	.LVL31:
 534 01f8 130101FF 		addi	sp,sp,-16
 535              		.cfi_def_cfa_offset 16
 536 01fc 23341100 		sd	ra,8(sp)
 537 0200 23308100 		sd	s0,0(sp)
 538              		.cfi_offset 1, -8
GAS LISTING /tmp/ccFhXJz0.s 			page 13


 539              		.cfi_offset 8, -16
 540 0204 13040101 		addi	s0,sp,16
 541              		.cfi_def_cfa 8, 0
  42:src/syscall_cpp.cpp **** }
 542              		.loc 2 42 5
  42:src/syscall_cpp.cpp **** }
 543              		.loc 2 42 11 is_stmt 0
 544 0208 03358500 		ld	a0,8(a0)
 545              	.LVL32:
 546 020c 97000000 		call	_Z4sendP7_threadPc@plt
 546      E7800000 
 547              	.LVL33:
  43:src/syscall_cpp.cpp **** 
 548              		.loc 2 43 1
 549 0214 83308100 		ld	ra,8(sp)
 550              		.cfi_restore 1
 551 0218 03340100 		ld	s0,0(sp)
 552              		.cfi_restore 8
 553              		.cfi_def_cfa 2, 16
 554 021c 13010101 		addi	sp,sp,16
 555              		.cfi_def_cfa_offset 0
 556 0220 67800000 		jr	ra
 557              		.cfi_endproc
 558              	.LFE16:
 560              		.align	2
 561              		.globl	_ZN6Thread7receiveEv
 563              	_ZN6Thread7receiveEv:
 564              	.LFB17:
  45:src/syscall_cpp.cpp ****     return ::receive();
 565              		.loc 2 45 25 is_stmt 1
 566              		.cfi_startproc
 567              	.LVL34:
 568 0224 130101FF 		addi	sp,sp,-16
 569              		.cfi_def_cfa_offset 16
 570 0228 23341100 		sd	ra,8(sp)
 571 022c 23308100 		sd	s0,0(sp)
 572              		.cfi_offset 1, -8
 573              		.cfi_offset 8, -16
 574 0230 13040101 		addi	s0,sp,16
 575              		.cfi_def_cfa 8, 0
  46:src/syscall_cpp.cpp **** }
 576              		.loc 2 46 5
  46:src/syscall_cpp.cpp **** }
 577              		.loc 2 46 21 is_stmt 0
 578 0234 97000000 		call	_Z7receivev@plt
 578      E7800000 
 579              	.LVL35:
  47:src/syscall_cpp.cpp **** 
 580              		.loc 2 47 1
 581 023c 83308100 		ld	ra,8(sp)
 582              		.cfi_restore 1
 583 0240 03340100 		ld	s0,0(sp)
 584              		.cfi_restore 8
 585              		.cfi_def_cfa 2, 16
 586 0244 13010101 		addi	sp,sp,16
 587              		.cfi_def_cfa_offset 0
 588 0248 67800000 		jr	ra
GAS LISTING /tmp/ccFhXJz0.s 			page 14


 589              		.cfi_endproc
 590              	.LFE17:
 592              		.align	2
 593              		.globl	_ZN9SemaphoreC2Ej
 595              	_ZN9SemaphoreC2Ej:
 596              	.LFB19:
  49:src/syscall_cpp.cpp ****     myHandle = nullptr;
 597              		.loc 2 49 1 is_stmt 1
 598              		.cfi_startproc
 599              	.LVL36:
 600 024c 130101FF 		addi	sp,sp,-16
 601              		.cfi_def_cfa_offset 16
 602 0250 23341100 		sd	ra,8(sp)
 603 0254 23308100 		sd	s0,0(sp)
 604              		.cfi_offset 1, -8
 605              		.cfi_offset 8, -16
 606 0258 13040101 		addi	s0,sp,16
 607              		.cfi_def_cfa 8, 0
 608              	.LBB12:
  49:src/syscall_cpp.cpp ****     myHandle = nullptr;
 609              		.loc 2 49 35 is_stmt 0
 610 025c 97070000 		lla	a5,_ZTV9Semaphore+16
 610      93870700 
 611 0264 2330F500 		sd	a5,0(a0)
  50:src/syscall_cpp.cpp ****     sem_open(&myHandle, init);
 612              		.loc 2 50 5 is_stmt 1
  50:src/syscall_cpp.cpp ****     sem_open(&myHandle, init);
 613              		.loc 2 50 14 is_stmt 0
 614 0268 23340500 		sd	zero,8(a0)
  51:src/syscall_cpp.cpp **** }
 615              		.loc 2 51 5 is_stmt 1
  51:src/syscall_cpp.cpp **** }
 616              		.loc 2 51 13 is_stmt 0
 617 026c 13058500 		addi	a0,a0,8
 618              	.LVL37:
 619 0270 97000000 		call	_Z8sem_openPP4_semj@plt
 619      E7800000 
 620              	.LVL38:
 621              	.LBE12:
  52:src/syscall_cpp.cpp **** 
 622              		.loc 2 52 1
 623 0278 83308100 		ld	ra,8(sp)
 624              		.cfi_restore 1
 625 027c 03340100 		ld	s0,0(sp)
 626              		.cfi_restore 8
 627              		.cfi_def_cfa 2, 16
 628 0280 13010101 		addi	sp,sp,16
 629              		.cfi_def_cfa_offset 0
 630 0284 67800000 		jr	ra
 631              		.cfi_endproc
 632              	.LFE19:
 634              		.globl	_ZN9SemaphoreC1Ej
 635              		.set	_ZN9SemaphoreC1Ej,_ZN9SemaphoreC2Ej
 636              		.align	2
 637              		.globl	_ZN9Semaphore4waitEv
 639              	_ZN9Semaphore4waitEv:
 640              	.LFB25:
GAS LISTING /tmp/ccFhXJz0.s 			page 15


  59:src/syscall_cpp.cpp **** 
  60:src/syscall_cpp.cpp **** int Semaphore::wait() {
 641              		.loc 2 60 23 is_stmt 1
 642              		.cfi_startproc
 643              	.LVL39:
 644 0288 130101FF 		addi	sp,sp,-16
 645              		.cfi_def_cfa_offset 16
 646 028c 23341100 		sd	ra,8(sp)
 647 0290 23308100 		sd	s0,0(sp)
 648              		.cfi_offset 1, -8
 649              		.cfi_offset 8, -16
 650 0294 13040101 		addi	s0,sp,16
 651              		.cfi_def_cfa 8, 0
  61:src/syscall_cpp.cpp ****     return sem_wait(myHandle);
 652              		.loc 2 61 5
 653              		.loc 2 61 20 is_stmt 0
 654 0298 03358500 		ld	a0,8(a0)
 655              	.LVL40:
 656 029c 97000000 		call	_Z8sem_waitP4_sem@plt
 656      E7800000 
 657              	.LVL41:
  62:src/syscall_cpp.cpp **** }
 658              		.loc 2 62 1
 659 02a4 83308100 		ld	ra,8(sp)
 660              		.cfi_restore 1
 661 02a8 03340100 		ld	s0,0(sp)
 662              		.cfi_restore 8
 663              		.cfi_def_cfa 2, 16
 664 02ac 13010101 		addi	sp,sp,16
 665              		.cfi_def_cfa_offset 0
 666 02b0 67800000 		jr	ra
 667              		.cfi_endproc
 668              	.LFE25:
 670              		.align	2
 671              		.globl	_ZN9Semaphore6signalEv
 673              	_ZN9Semaphore6signalEv:
 674              	.LFB26:
  63:src/syscall_cpp.cpp **** 
  64:src/syscall_cpp.cpp **** int Semaphore::signal() {
 675              		.loc 2 64 25 is_stmt 1
 676              		.cfi_startproc
 677              	.LVL42:
 678 02b4 130101FF 		addi	sp,sp,-16
 679              		.cfi_def_cfa_offset 16
 680 02b8 23341100 		sd	ra,8(sp)
 681 02bc 23308100 		sd	s0,0(sp)
 682              		.cfi_offset 1, -8
 683              		.cfi_offset 8, -16
 684 02c0 13040101 		addi	s0,sp,16
 685              		.cfi_def_cfa 8, 0
  65:src/syscall_cpp.cpp ****     return sem_signal(myHandle);
 686              		.loc 2 65 5
 687              		.loc 2 65 22 is_stmt 0
 688 02c4 03358500 		ld	a0,8(a0)
 689              	.LVL43:
 690 02c8 97000000 		call	_Z10sem_signalP4_sem@plt
 690      E7800000 
GAS LISTING /tmp/ccFhXJz0.s 			page 16


 691              	.LVL44:
  66:src/syscall_cpp.cpp **** }
 692              		.loc 2 66 1
 693 02d0 83308100 		ld	ra,8(sp)
 694              		.cfi_restore 1
 695 02d4 03340100 		ld	s0,0(sp)
 696              		.cfi_restore 8
 697              		.cfi_def_cfa 2, 16
 698 02d8 13010101 		addi	sp,sp,16
 699              		.cfi_def_cfa_offset 0
 700 02dc 67800000 		jr	ra
 701              		.cfi_endproc
 702              	.LFE26:
 704              		.align	2
 705              		.globl	_ZN14PeriodicThreadC2Em
 707              	_ZN14PeriodicThreadC2Em:
 708              	.LFB28:
  67:src/syscall_cpp.cpp **** 
  68:src/syscall_cpp.cpp **** PeriodicThread::PeriodicThread(time_t period) : Thread() {
 709              		.loc 2 68 1 is_stmt 1
 710              		.cfi_startproc
 711              	.LVL45:
 712 02e0 130101FE 		addi	sp,sp,-32
 713              		.cfi_def_cfa_offset 32
 714 02e4 233C1100 		sd	ra,24(sp)
 715 02e8 23388100 		sd	s0,16(sp)
 716 02ec 23349100 		sd	s1,8(sp)
 717 02f0 23302101 		sd	s2,0(sp)
 718              		.cfi_offset 1, -8
 719              		.cfi_offset 8, -16
 720              		.cfi_offset 9, -24
 721              		.cfi_offset 18, -32
 722 02f4 13040102 		addi	s0,sp,32
 723              		.cfi_def_cfa 8, 0
 724 02f8 93040500 		mv	s1,a0
 725 02fc 13890500 		mv	s2,a1
 726              	.LBB13:
 727              		.loc 2 68 56 is_stmt 0
 728 0300 97000000 		call	_ZN6ThreadC2Ev
 728      E7800000 
 729              	.LVL46:
 730 0308 97070000 		lla	a5,_ZTV14PeriodicThread+16
 730      93870700 
 731 0310 23B0F400 		sd	a5,0(s1)
  69:src/syscall_cpp.cpp ****     this->period = period;
 732              		.loc 2 69 5 is_stmt 1
 733              		.loc 2 69 18 is_stmt 0
 734 0314 23B02403 		sd	s2,32(s1)
 735              	.LBE13:
  70:src/syscall_cpp.cpp **** }
 736              		.loc 2 70 1
 737 0318 83308101 		ld	ra,24(sp)
 738              		.cfi_restore 1
 739 031c 03340101 		ld	s0,16(sp)
 740              		.cfi_restore 8
 741              		.cfi_def_cfa 2, 32
 742 0320 83348100 		ld	s1,8(sp)
GAS LISTING /tmp/ccFhXJz0.s 			page 17


 743              		.cfi_restore 9
 744              	.LVL47:
 745 0324 03390100 		ld	s2,0(sp)
 746              		.cfi_restore 18
 747              	.LVL48:
 748 0328 13010102 		addi	sp,sp,32
 749              		.cfi_def_cfa_offset 0
 750 032c 67800000 		jr	ra
 751              		.cfi_endproc
 752              	.LFE28:
 754              		.globl	_ZN14PeriodicThreadC1Em
 755              		.set	_ZN14PeriodicThreadC1Em,_ZN14PeriodicThreadC2Em
 756              		.align	2
 757              		.globl	_ZN14PeriodicThread9terminateEv
 759              	_ZN14PeriodicThread9terminateEv:
 760              	.LFB30:
  71:src/syscall_cpp.cpp **** 
  72:src/syscall_cpp.cpp **** void PeriodicThread::terminate() {
 761              		.loc 2 72 34 is_stmt 1
 762              		.cfi_startproc
 763              	.LVL49:
 764 0330 130101FF 		addi	sp,sp,-16
 765              		.cfi_def_cfa_offset 16
 766 0334 23348100 		sd	s0,8(sp)
 767              		.cfi_offset 8, -8
 768 0338 13040101 		addi	s0,sp,16
 769              		.cfi_def_cfa 8, 0
  73:src/syscall_cpp.cpp ****     /*
  74:src/syscall_cpp.cpp ****      * PeriodicThread je deo zadatka 4.
  75:src/syscall_cpp.cpp ****      * Pošto ga ne radiš, ovo ostaje prazno.
  76:src/syscall_cpp.cpp ****      */
  77:src/syscall_cpp.cpp **** }
 770              		.loc 2 77 1 is_stmt 0
 771 033c 03348100 		ld	s0,8(sp)
 772              		.cfi_restore 8
 773              		.cfi_def_cfa 2, 16
 774 0340 13010101 		addi	sp,sp,16
 775              		.cfi_def_cfa_offset 0
 776 0344 67800000 		jr	ra
 777              		.cfi_endproc
 778              	.LFE30:
 780              		.align	2
 781              		.globl	_ZN7Console4getcEv
 783              	_ZN7Console4getcEv:
 784              	.LFB31:
  78:src/syscall_cpp.cpp **** 
  79:src/syscall_cpp.cpp **** char Console::getc() {
 785              		.loc 2 79 22 is_stmt 1
 786              		.cfi_startproc
 787 0348 130101FF 		addi	sp,sp,-16
 788              		.cfi_def_cfa_offset 16
 789 034c 23341100 		sd	ra,8(sp)
 790 0350 23308100 		sd	s0,0(sp)
 791              		.cfi_offset 1, -8
 792              		.cfi_offset 8, -16
 793 0354 13040101 		addi	s0,sp,16
 794              		.cfi_def_cfa 8, 0
GAS LISTING /tmp/ccFhXJz0.s 			page 18


  80:src/syscall_cpp.cpp ****     return ::getc();
 795              		.loc 2 80 5
 796              		.loc 2 80 18 is_stmt 0
 797 0358 97000000 		call	_Z4getcv@plt
 797      E7800000 
 798              	.LVL50:
  81:src/syscall_cpp.cpp **** }
 799              		.loc 2 81 1
 800 0360 83308100 		ld	ra,8(sp)
 801              		.cfi_restore 1
 802 0364 03340100 		ld	s0,0(sp)
 803              		.cfi_restore 8
 804              		.cfi_def_cfa 2, 16
 805 0368 13010101 		addi	sp,sp,16
 806              		.cfi_def_cfa_offset 0
 807 036c 67800000 		jr	ra
 808              		.cfi_endproc
 809              	.LFE31:
 811              		.align	2
 812              		.globl	_ZN7Console4putcEc
 814              	_ZN7Console4putcEc:
 815              	.LFB32:
  82:src/syscall_cpp.cpp **** 
  83:src/syscall_cpp.cpp **** void Console::putc(char c) {
 816              		.loc 2 83 28 is_stmt 1
 817              		.cfi_startproc
 818              	.LVL51:
 819 0370 130101FF 		addi	sp,sp,-16
 820              		.cfi_def_cfa_offset 16
 821 0374 23341100 		sd	ra,8(sp)
 822 0378 23308100 		sd	s0,0(sp)
 823              		.cfi_offset 1, -8
 824              		.cfi_offset 8, -16
 825 037c 13040101 		addi	s0,sp,16
 826              		.cfi_def_cfa 8, 0
  84:src/syscall_cpp.cpp ****     ::putc(c);
 827              		.loc 2 84 5
 828              		.loc 2 84 11 is_stmt 0
 829 0380 97000000 		call	_Z4putcc@plt
 829      E7800000 
 830              	.LVL52:
  85:src/syscall_cpp.cpp **** }...
 831              		.loc 2 85 1
 832 0388 83308100 		ld	ra,8(sp)
 833              		.cfi_restore 1
 834 038c 03340100 		ld	s0,0(sp)
 835              		.cfi_restore 8
 836              		.cfi_def_cfa 2, 16
 837 0390 13010101 		addi	sp,sp,16
 838              		.cfi_def_cfa_offset 0
 839 0394 67800000 		jr	ra
 840              		.cfi_endproc
 841              	.LFE32:
 843              		.weak	_ZTV14PeriodicThread
 844              		.section	.data.rel.ro.local._ZTV14PeriodicThread,"awG",@progbits,_ZTV14PeriodicThread,comdat
 845              		.align	3
 848              	_ZTV14PeriodicThread:
GAS LISTING /tmp/ccFhXJz0.s 			page 19


 849 0000 00000000 		.dword	0
 849      00000000 
 850 0008 00000000 		.dword	0
 850      00000000 
 851 0010 00000000 		.dword	_ZN14PeriodicThreadD1Ev
 851      00000000 
 852 0018 00000000 		.dword	_ZN14PeriodicThreadD0Ev
 852      00000000 
 853 0020 00000000 		.dword	_ZN6Thread3runEv
 853      00000000 
 854 0028 00000000 		.dword	_ZN14PeriodicThread18periodicActivationEv
 854      00000000 
 855              		.weak	_ZTV6Thread
 856              		.section	.data.rel.ro.local._ZTV6Thread,"awG",@progbits,_ZTV6Thread,comdat
 857              		.align	3
 860              	_ZTV6Thread:
 861 0000 00000000 		.dword	0
 861      00000000 
 862 0008 00000000 		.dword	0
 862      00000000 
 863 0010 00000000 		.dword	_ZN6ThreadD1Ev
 863      00000000 
 864 0018 00000000 		.dword	_ZN6ThreadD0Ev
 864      00000000 
 865 0020 00000000 		.dword	_ZN6Thread3runEv
 865      00000000 
 866              		.weak	_ZTV9Semaphore
 867              		.section	.data.rel.ro.local._ZTV9Semaphore,"awG",@progbits,_ZTV9Semaphore,comdat
 868              		.align	3
 871              	_ZTV9Semaphore:
 872 0000 00000000 		.dword	0
 872      00000000 
 873 0008 00000000 		.dword	0
 873      00000000 
 874 0010 00000000 		.dword	_ZN9SemaphoreD1Ev
 874      00000000 
 875 0018 00000000 		.dword	_ZN9SemaphoreD0Ev
 875      00000000 
 876              		.text
 877              	.Letext0:
 878              		.file 3 "src/../h/../lib/hw.h"
 879              		.file 4 "src/../h/syscall_c.hpp"
 3704              		.align	3
 3707              	DW.ref.__gxx_personality_v0:
 3708 0000 00000000 		.dword	__gxx_personality_v0
 3708      00000000 
 3709              		.ident	"GCC: (Ubuntu 9.4.0-1ubuntu1~20.04) 9.4.0"
 3710              		.section	.note.GNU-stack,"",@progbits
GAS LISTING /tmp/ccFhXJz0.s 			page 20


DEFINED SYMBOLS
                            *ABS*:0000000000000000 syscall_cpp.cpp
     /tmp/ccFhXJz0.s:10     .text._ZN6Thread3runEv:0000000000000000 _ZN6Thread3runEv
     /tmp/ccFhXJz0.s:14     .text._ZN6Thread3runEv:0000000000000000 .L0 
     /tmp/ccFhXJz0.s:16     .text._ZN6Thread3runEv:0000000000000000 .L0 
     /tmp/ccFhXJz0.s:17     .text._ZN6Thread3runEv:0000000000000004 .L0 
     /tmp/ccFhXJz0.s:19     .text._ZN6Thread3runEv:0000000000000008 .L0 
     /tmp/ccFhXJz0.s:21     .text._ZN6Thread3runEv:000000000000000c .L0 
     /tmp/ccFhXJz0.s:23     .text._ZN6Thread3runEv:000000000000000c .L0 
     /tmp/ccFhXJz0.s:24     .text._ZN6Thread3runEv:0000000000000010 .L0 
     /tmp/ccFhXJz0.s:25     .text._ZN6Thread3runEv:0000000000000010 .L0 
     /tmp/ccFhXJz0.s:27     .text._ZN6Thread3runEv:0000000000000014 .L0 
     /tmp/ccFhXJz0.s:29     .text._ZN6Thread3runEv:0000000000000018 .L0 
     /tmp/ccFhXJz0.s:36     .text._ZN14PeriodicThread18periodicActivationEv:0000000000000000 _ZN14PeriodicThread18periodicActivationEv
     /tmp/ccFhXJz0.s:39     .text._ZN14PeriodicThread18periodicActivationEv:0000000000000000 .L0 
     /tmp/ccFhXJz0.s:41     .text._ZN14PeriodicThread18periodicActivationEv:0000000000000000 .L0 
     /tmp/ccFhXJz0.s:42     .text._ZN14PeriodicThread18periodicActivationEv:0000000000000004 .L0 
     /tmp/ccFhXJz0.s:44     .text._ZN14PeriodicThread18periodicActivationEv:0000000000000008 .L0 
     /tmp/ccFhXJz0.s:46     .text._ZN14PeriodicThread18periodicActivationEv:000000000000000c .L0 
     /tmp/ccFhXJz0.s:48     .text._ZN14PeriodicThread18periodicActivationEv:000000000000000c .L0 
     /tmp/ccFhXJz0.s:49     .text._ZN14PeriodicThread18periodicActivationEv:0000000000000010 .L0 
     /tmp/ccFhXJz0.s:50     .text._ZN14PeriodicThread18periodicActivationEv:0000000000000010 .L0 
     /tmp/ccFhXJz0.s:52     .text._ZN14PeriodicThread18periodicActivationEv:0000000000000014 .L0 
     /tmp/ccFhXJz0.s:54     .text._ZN14PeriodicThread18periodicActivationEv:0000000000000018 .L0 
     /tmp/ccFhXJz0.s:61     .text:0000000000000000 _ZN6ThreadD2Ev
     /tmp/ccFhXJz0.s:65     .text:0000000000000000 .L0 
     /tmp/ccFhXJz0.s:67     .text:0000000000000000 .L0 
     /tmp/ccFhXJz0.s:68     .text:0000000000000004 .L0 
     /tmp/ccFhXJz0.s:70     .text:0000000000000008 .L0 
     /tmp/ccFhXJz0.s:72     .text:000000000000000c .L0 
     /tmp/ccFhXJz0.s:74     .text:000000000000000c .L0 
     /tmp/ccFhXJz0.s:75     .text:0000000000000010 .L0 
     /tmp/ccFhXJz0.s:76     .text:0000000000000010 .L0 
     /tmp/ccFhXJz0.s:78     .text:0000000000000014 .L0 
     /tmp/ccFhXJz0.s:80     .text:0000000000000018 .L0 
     /tmp/ccFhXJz0.s:61     .text:0000000000000000 _ZN6ThreadD1Ev
     /tmp/ccFhXJz0.s:88     .text:0000000000000018 _ZN6Thread13threadWrapperEPv
     /tmp/ccFhXJz0.s:91     .text:0000000000000018 .L0 
     /tmp/ccFhXJz0.s:93     .text:0000000000000018 .L0 
     /tmp/ccFhXJz0.s:94     .text:0000000000000018 .L0 
     /tmp/ccFhXJz0.s:95     .text:0000000000000018 .L0 
     /tmp/ccFhXJz0.s:97     .text:000000000000001c .L0 
     /tmp/ccFhXJz0.s:98     .text:0000000000000020 .L0 
     /tmp/ccFhXJz0.s:101    .text:0000000000000028 .L0 
     /tmp/ccFhXJz0.s:102    .text:0000000000000028 .L0 
     /tmp/ccFhXJz0.s:104    .text:000000000000002c .L0 
     /tmp/ccFhXJz0.s:106    .text:000000000000002c .L0 
     /tmp/ccFhXJz0.s:107    .text:000000000000002c .L0 
     /tmp/ccFhXJz0.s:110    .text:0000000000000034 .L0 
     /tmp/ccFhXJz0.s:113    .text:0000000000000038 .L0 
     /tmp/ccFhXJz0.s:114    .text:000000000000003c .L0 
     /tmp/ccFhXJz0.s:116    .text:0000000000000040 .L0 
     /tmp/ccFhXJz0.s:117    .text:0000000000000040 .L0 
     /tmp/ccFhXJz0.s:119    .text:0000000000000044 .L0 
     /tmp/ccFhXJz0.s:124    .text:000000000000004c .L0 
     /tmp/ccFhXJz0.s:131    .text._ZN14PeriodicThreadD2Ev:0000000000000000 _ZN14PeriodicThreadD2Ev
     /tmp/ccFhXJz0.s:134    .text._ZN14PeriodicThreadD2Ev:0000000000000000 .L0 
GAS LISTING /tmp/ccFhXJz0.s 			page 21


     /tmp/ccFhXJz0.s:136    .text._ZN14PeriodicThreadD2Ev:0000000000000000 .L0 
     /tmp/ccFhXJz0.s:137    .text._ZN14PeriodicThreadD2Ev:0000000000000004 .L0 
     /tmp/ccFhXJz0.s:139    .text._ZN14PeriodicThreadD2Ev:0000000000000008 .L0 
     /tmp/ccFhXJz0.s:141    .text._ZN14PeriodicThreadD2Ev:000000000000000c .L0 
     /tmp/ccFhXJz0.s:848    .data.rel.ro.local._ZTV14PeriodicThread:0000000000000000 _ZTV14PeriodicThread
     /tmp/ccFhXJz0.s:144    .text._ZN14PeriodicThreadD2Ev:000000000000000c .L0 
     /tmp/ccFhXJz0.s:148    .text._ZN14PeriodicThreadD2Ev:000000000000001c .L0 
     /tmp/ccFhXJz0.s:149    .text._ZN14PeriodicThreadD2Ev:000000000000001c .L0 
     /tmp/ccFhXJz0.s:151    .text._ZN14PeriodicThreadD2Ev:0000000000000020 .L0 
     /tmp/ccFhXJz0.s:153    .text._ZN14PeriodicThreadD2Ev:0000000000000024 .L0 
     /tmp/ccFhXJz0.s:131    .text._ZN14PeriodicThreadD2Ev:0000000000000000 _ZN14PeriodicThreadD1Ev
     /tmp/ccFhXJz0.s:162    .text:000000000000004c _ZN6ThreadD0Ev
     /tmp/ccFhXJz0.s:165    .text:000000000000004c .L0 
     /tmp/ccFhXJz0.s:167    .text:000000000000004c .L0 
     /tmp/ccFhXJz0.s:168    .text:0000000000000050 .L0 
     /tmp/ccFhXJz0.s:171    .text:0000000000000058 .L0 
     /tmp/ccFhXJz0.s:172    .text:0000000000000058 .L0 
     /tmp/ccFhXJz0.s:174    .text:000000000000005c .L0 
     /tmp/ccFhXJz0.s:176    .text:000000000000005c .L0 
     /tmp/ccFhXJz0.s:179    .text:0000000000000068 .L0 
     /tmp/ccFhXJz0.s:181    .text:000000000000006c .L0 
     /tmp/ccFhXJz0.s:182    .text:000000000000006c .L0 
     /tmp/ccFhXJz0.s:184    .text:0000000000000070 .L0 
     /tmp/ccFhXJz0.s:186    .text:0000000000000074 .L0 
     /tmp/ccFhXJz0.s:193    .text._ZN14PeriodicThreadD0Ev:0000000000000000 _ZN14PeriodicThreadD0Ev
     /tmp/ccFhXJz0.s:196    .text._ZN14PeriodicThreadD0Ev:0000000000000000 .L0 
     /tmp/ccFhXJz0.s:198    .text._ZN14PeriodicThreadD0Ev:0000000000000000 .L0 
     /tmp/ccFhXJz0.s:199    .text._ZN14PeriodicThreadD0Ev:0000000000000004 .L0 
     /tmp/ccFhXJz0.s:202    .text._ZN14PeriodicThreadD0Ev:000000000000000c .L0 
     /tmp/ccFhXJz0.s:203    .text._ZN14PeriodicThreadD0Ev:000000000000000c .L0 
     /tmp/ccFhXJz0.s:205    .text._ZN14PeriodicThreadD0Ev:0000000000000010 .L0 
     /tmp/ccFhXJz0.s:210    .text._ZN14PeriodicThreadD0Ev:0000000000000010 .L0 
     /tmp/ccFhXJz0.s:218    .text._ZN14PeriodicThreadD0Ev:0000000000000028 .L0 
     /tmp/ccFhXJz0.s:220    .text._ZN14PeriodicThreadD0Ev:000000000000002c .L0 
     /tmp/ccFhXJz0.s:221    .text._ZN14PeriodicThreadD0Ev:000000000000002c .L0 
     /tmp/ccFhXJz0.s:223    .text._ZN14PeriodicThreadD0Ev:0000000000000030 .L0 
     /tmp/ccFhXJz0.s:225    .text._ZN14PeriodicThreadD0Ev:0000000000000034 .L0 
     /tmp/ccFhXJz0.s:232    .text:0000000000000074 _ZN9SemaphoreD2Ev
     /tmp/ccFhXJz0.s:235    .text:0000000000000074 .L0 
     /tmp/ccFhXJz0.s:3707   .data.rel.local.DW.ref.__gxx_personality_v0:0000000000000000 DW.ref.__gxx_personality_v0
     /tmp/ccFhXJz0.s:240    .text:0000000000000074 .L0 
     /tmp/ccFhXJz0.s:871    .data.rel.ro.local._ZTV9Semaphore:0000000000000000 _ZTV9Semaphore
     /tmp/ccFhXJz0.s:241    .text:0000000000000074 .L0 
     /tmp/ccFhXJz0.s:244    .text:0000000000000080 .L0 
     /tmp/ccFhXJz0.s:245    .text:0000000000000080 .L0 
     /tmp/ccFhXJz0.s:248    .text:0000000000000084 .L0 
     /tmp/ccFhXJz0.s:251    .text:0000000000000088 .L0 
     /tmp/ccFhXJz0.s:252    .text:000000000000008c .L0 
     /tmp/ccFhXJz0.s:255    .text:0000000000000094 .L0 
     /tmp/ccFhXJz0.s:256    .text:0000000000000094 .L0 
     /tmp/ccFhXJz0.s:258    .text:0000000000000098 .L0 
     /tmp/ccFhXJz0.s:261    .text:0000000000000098 .L0 
     /tmp/ccFhXJz0.s:262    .text:0000000000000098 .L0 
     /tmp/ccFhXJz0.s:266    .text:00000000000000a0 .L0 
     /tmp/ccFhXJz0.s:267    .text:00000000000000a4 .L0 
     /tmp/ccFhXJz0.s:269    .text:00000000000000a8 .L0 
     /tmp/ccFhXJz0.s:270    .text:00000000000000a8 .L0 
GAS LISTING /tmp/ccFhXJz0.s 			page 22


     /tmp/ccFhXJz0.s:272    .text:00000000000000ac .L0 
     /tmp/ccFhXJz0.s:276    .text:00000000000000b4 .L0 
     /tmp/ccFhXJz0.s:232    .text:0000000000000074 _ZN9SemaphoreD1Ev
     /tmp/ccFhXJz0.s:292    .text:00000000000000b4 _ZN9SemaphoreD0Ev
     /tmp/ccFhXJz0.s:295    .text:00000000000000b4 .L0 
     /tmp/ccFhXJz0.s:297    .text:00000000000000b4 .L0 
     /tmp/ccFhXJz0.s:298    .text:00000000000000b8 .L0 
     /tmp/ccFhXJz0.s:302    .text:00000000000000c4 .L0 
     /tmp/ccFhXJz0.s:303    .text:00000000000000c4 .L0 
     /tmp/ccFhXJz0.s:304    .text:00000000000000c4 .L0 
     /tmp/ccFhXJz0.s:306    .text:00000000000000c8 .L0 
     /tmp/ccFhXJz0.s:309    .text:00000000000000cc .L0 
     /tmp/ccFhXJz0.s:315    .text:00000000000000e4 .L0 
     /tmp/ccFhXJz0.s:317    .text:00000000000000e8 .L0 
     /tmp/ccFhXJz0.s:318    .text:00000000000000e8 .L0 
     /tmp/ccFhXJz0.s:320    .text:00000000000000ec .L0 
     /tmp/ccFhXJz0.s:323    .text:00000000000000f0 .L0 
     /tmp/ccFhXJz0.s:325    .text:00000000000000f4 .L0 
     /tmp/ccFhXJz0.s:331    .text:00000000000000f4 _ZN6ThreadC2EPFvPvES0_
     /tmp/ccFhXJz0.s:334    .text:00000000000000f4 .L0 
     /tmp/ccFhXJz0.s:336    .text:00000000000000f4 .L0 
     /tmp/ccFhXJz0.s:337    .text:00000000000000f8 .L0 
     /tmp/ccFhXJz0.s:339    .text:00000000000000fc .L0 
     /tmp/ccFhXJz0.s:341    .text:0000000000000100 .L0 
     /tmp/ccFhXJz0.s:860    .data.rel.ro.local._ZTV6Thread:0000000000000000 _ZTV6Thread
     /tmp/ccFhXJz0.s:344    .text:0000000000000100 .L0 
     /tmp/ccFhXJz0.s:347    .text:000000000000010c .L0 
     /tmp/ccFhXJz0.s:348    .text:000000000000010c .L0 
     /tmp/ccFhXJz0.s:350    .text:0000000000000110 .L0 
     /tmp/ccFhXJz0.s:351    .text:0000000000000110 .L0 
     /tmp/ccFhXJz0.s:353    .text:0000000000000114 .L0 
     /tmp/ccFhXJz0.s:354    .text:0000000000000114 .L0 
     /tmp/ccFhXJz0.s:357    .text:0000000000000118 .L0 
     /tmp/ccFhXJz0.s:358    .text:000000000000011c .L0 
     /tmp/ccFhXJz0.s:359    .text:000000000000011c .L0 
     /tmp/ccFhXJz0.s:361    .text:0000000000000120 .L0 
     /tmp/ccFhXJz0.s:363    .text:0000000000000124 .L0 
     /tmp/ccFhXJz0.s:331    .text:00000000000000f4 _ZN6ThreadC1EPFvPvES0_
     /tmp/ccFhXJz0.s:371    .text:0000000000000124 _ZN6ThreadC2Ev
     /tmp/ccFhXJz0.s:374    .text:0000000000000124 .L0 
     /tmp/ccFhXJz0.s:376    .text:0000000000000124 .L0 
     /tmp/ccFhXJz0.s:377    .text:0000000000000128 .L0 
     /tmp/ccFhXJz0.s:379    .text:000000000000012c .L0 
     /tmp/ccFhXJz0.s:381    .text:0000000000000130 .L0 
     /tmp/ccFhXJz0.s:384    .text:0000000000000130 .L0 
     /tmp/ccFhXJz0.s:387    .text:000000000000013c .L0 
     /tmp/ccFhXJz0.s:388    .text:000000000000013c .L0 
     /tmp/ccFhXJz0.s:390    .text:0000000000000140 .L0 
     /tmp/ccFhXJz0.s:391    .text:0000000000000140 .L0 
     /tmp/ccFhXJz0.s:393    .text:0000000000000144 .L0 
     /tmp/ccFhXJz0.s:394    .text:0000000000000144 .L0 
     /tmp/ccFhXJz0.s:397    .text:0000000000000148 .L0 
     /tmp/ccFhXJz0.s:398    .text:000000000000014c .L0 
     /tmp/ccFhXJz0.s:399    .text:000000000000014c .L0 
     /tmp/ccFhXJz0.s:401    .text:0000000000000150 .L0 
     /tmp/ccFhXJz0.s:403    .text:0000000000000154 .L0 
     /tmp/ccFhXJz0.s:371    .text:0000000000000124 _ZN6ThreadC1Ev
GAS LISTING /tmp/ccFhXJz0.s 			page 23


     /tmp/ccFhXJz0.s:411    .text:0000000000000154 _ZN6Thread5startEv
     /tmp/ccFhXJz0.s:414    .text:0000000000000154 .L0 
     /tmp/ccFhXJz0.s:416    .text:0000000000000154 .L0 
     /tmp/ccFhXJz0.s:417    .text:0000000000000158 .L0 
     /tmp/ccFhXJz0.s:420    .text:0000000000000160 .L0 
     /tmp/ccFhXJz0.s:421    .text:0000000000000160 .L0 
     /tmp/ccFhXJz0.s:423    .text:0000000000000164 .L0 
     /tmp/ccFhXJz0.s:425    .text:0000000000000164 .L0 
     /tmp/ccFhXJz0.s:426    .text:0000000000000164 .L0 
     /tmp/ccFhXJz0.s:428    .text:0000000000000168 .L0 
     /tmp/ccFhXJz0.s:430    .text:000000000000016c .L0 
     /tmp/ccFhXJz0.s:431    .text:000000000000016c .L0 
     /tmp/ccFhXJz0.s:438    .text:000000000000017c .L0 
     /tmp/ccFhXJz0.s:439    .text:0000000000000180 .L0 
     /tmp/ccFhXJz0.s:440    .text:0000000000000180 .L0 
     /tmp/ccFhXJz0.s:442    .text:0000000000000184 .L0 
     /tmp/ccFhXJz0.s:443    .text:0000000000000184 .L0 
     /tmp/ccFhXJz0.s:445    .text:0000000000000188 .L0 
     /tmp/ccFhXJz0.s:449    .text:000000000000018c .L0 
     /tmp/ccFhXJz0.s:451    .text:000000000000018c .L0 
     /tmp/ccFhXJz0.s:452    .text:000000000000018c .L0 
     /tmp/ccFhXJz0.s:459    .text:00000000000001a4 .L0 
     /tmp/ccFhXJz0.s:460    .text:00000000000001a8 .L0 
     /tmp/ccFhXJz0.s:466    .text:00000000000001a8 _ZN6Thread8dispatchEv
     /tmp/ccFhXJz0.s:469    .text:00000000000001a8 .L0 
     /tmp/ccFhXJz0.s:470    .text:00000000000001a8 .L0 
     /tmp/ccFhXJz0.s:471    .text:00000000000001ac .L0 
     /tmp/ccFhXJz0.s:474    .text:00000000000001b4 .L0 
     /tmp/ccFhXJz0.s:475    .text:00000000000001b4 .L0 
     /tmp/ccFhXJz0.s:477    .text:00000000000001b8 .L0 
     /tmp/ccFhXJz0.s:479    .text:00000000000001b8 .L0 
     /tmp/ccFhXJz0.s:480    .text:00000000000001b8 .L0 
     /tmp/ccFhXJz0.s:483    .text:00000000000001c0 .L0 
     /tmp/ccFhXJz0.s:484    .text:00000000000001c4 .L0 
     /tmp/ccFhXJz0.s:486    .text:00000000000001c8 .L0 
     /tmp/ccFhXJz0.s:487    .text:00000000000001c8 .L0 
     /tmp/ccFhXJz0.s:489    .text:00000000000001cc .L0 
     /tmp/ccFhXJz0.s:491    .text:00000000000001d0 .L0 
     /tmp/ccFhXJz0.s:497    .text:00000000000001d0 _ZN6Thread5sleepEm
     /tmp/ccFhXJz0.s:500    .text:00000000000001d0 .L0 
     /tmp/ccFhXJz0.s:502    .text:00000000000001d0 .L0 
     /tmp/ccFhXJz0.s:503    .text:00000000000001d4 .L0 
     /tmp/ccFhXJz0.s:506    .text:00000000000001dc .L0 
     /tmp/ccFhXJz0.s:507    .text:00000000000001dc .L0 
     /tmp/ccFhXJz0.s:509    .text:00000000000001e0 .L0 
     /tmp/ccFhXJz0.s:511    .text:00000000000001e0 .L0 
     /tmp/ccFhXJz0.s:512    .text:00000000000001e0 .L0 
     /tmp/ccFhXJz0.s:515    .text:00000000000001e8 .L0 
     /tmp/ccFhXJz0.s:516    .text:00000000000001ec .L0 
     /tmp/ccFhXJz0.s:518    .text:00000000000001f0 .L0 
     /tmp/ccFhXJz0.s:519    .text:00000000000001f0 .L0 
     /tmp/ccFhXJz0.s:521    .text:00000000000001f4 .L0 
     /tmp/ccFhXJz0.s:523    .text:00000000000001f8 .L0 
     /tmp/ccFhXJz0.s:529    .text:00000000000001f8 _ZN6Thread4sendEPc
     /tmp/ccFhXJz0.s:532    .text:00000000000001f8 .L0 
     /tmp/ccFhXJz0.s:534    .text:00000000000001f8 .L0 
     /tmp/ccFhXJz0.s:535    .text:00000000000001fc .L0 
GAS LISTING /tmp/ccFhXJz0.s 			page 24


     /tmp/ccFhXJz0.s:538    .text:0000000000000204 .L0 
     /tmp/ccFhXJz0.s:539    .text:0000000000000204 .L0 
     /tmp/ccFhXJz0.s:541    .text:0000000000000208 .L0 
     /tmp/ccFhXJz0.s:543    .text:0000000000000208 .L0 
     /tmp/ccFhXJz0.s:544    .text:0000000000000208 .L0 
     /tmp/ccFhXJz0.s:549    .text:0000000000000214 .L0 
     /tmp/ccFhXJz0.s:550    .text:0000000000000218 .L0 
     /tmp/ccFhXJz0.s:552    .text:000000000000021c .L0 
     /tmp/ccFhXJz0.s:553    .text:000000000000021c .L0 
     /tmp/ccFhXJz0.s:555    .text:0000000000000220 .L0 
     /tmp/ccFhXJz0.s:557    .text:0000000000000224 .L0 
     /tmp/ccFhXJz0.s:563    .text:0000000000000224 _ZN6Thread7receiveEv
     /tmp/ccFhXJz0.s:566    .text:0000000000000224 .L0 
     /tmp/ccFhXJz0.s:568    .text:0000000000000224 .L0 
     /tmp/ccFhXJz0.s:569    .text:0000000000000228 .L0 
     /tmp/ccFhXJz0.s:572    .text:0000000000000230 .L0 
     /tmp/ccFhXJz0.s:573    .text:0000000000000230 .L0 
     /tmp/ccFhXJz0.s:575    .text:0000000000000234 .L0 
     /tmp/ccFhXJz0.s:577    .text:0000000000000234 .L0 
     /tmp/ccFhXJz0.s:578    .text:0000000000000234 .L0 
     /tmp/ccFhXJz0.s:581    .text:000000000000023c .L0 
     /tmp/ccFhXJz0.s:582    .text:0000000000000240 .L0 
     /tmp/ccFhXJz0.s:584    .text:0000000000000244 .L0 
     /tmp/ccFhXJz0.s:585    .text:0000000000000244 .L0 
     /tmp/ccFhXJz0.s:587    .text:0000000000000248 .L0 
     /tmp/ccFhXJz0.s:589    .text:000000000000024c .L0 
     /tmp/ccFhXJz0.s:595    .text:000000000000024c _ZN9SemaphoreC2Ej
     /tmp/ccFhXJz0.s:598    .text:000000000000024c .L0 
     /tmp/ccFhXJz0.s:600    .text:000000000000024c .L0 
     /tmp/ccFhXJz0.s:601    .text:0000000000000250 .L0 
     /tmp/ccFhXJz0.s:604    .text:0000000000000258 .L0 
     /tmp/ccFhXJz0.s:605    .text:0000000000000258 .L0 
     /tmp/ccFhXJz0.s:607    .text:000000000000025c .L0 
     /tmp/ccFhXJz0.s:610    .text:000000000000025c .L0 
     /tmp/ccFhXJz0.s:613    .text:0000000000000268 .L0 
     /tmp/ccFhXJz0.s:614    .text:0000000000000268 .L0 
     /tmp/ccFhXJz0.s:616    .text:000000000000026c .L0 
     /tmp/ccFhXJz0.s:617    .text:000000000000026c .L0 
     /tmp/ccFhXJz0.s:623    .text:0000000000000278 .L0 
     /tmp/ccFhXJz0.s:624    .text:000000000000027c .L0 
     /tmp/ccFhXJz0.s:626    .text:0000000000000280 .L0 
     /tmp/ccFhXJz0.s:627    .text:0000000000000280 .L0 
     /tmp/ccFhXJz0.s:629    .text:0000000000000284 .L0 
     /tmp/ccFhXJz0.s:631    .text:0000000000000288 .L0 
     /tmp/ccFhXJz0.s:595    .text:000000000000024c _ZN9SemaphoreC1Ej
     /tmp/ccFhXJz0.s:639    .text:0000000000000288 _ZN9Semaphore4waitEv
     /tmp/ccFhXJz0.s:642    .text:0000000000000288 .L0 
     /tmp/ccFhXJz0.s:644    .text:0000000000000288 .L0 
     /tmp/ccFhXJz0.s:645    .text:000000000000028c .L0 
     /tmp/ccFhXJz0.s:648    .text:0000000000000294 .L0 
     /tmp/ccFhXJz0.s:649    .text:0000000000000294 .L0 
     /tmp/ccFhXJz0.s:651    .text:0000000000000298 .L0 
     /tmp/ccFhXJz0.s:653    .text:0000000000000298 .L0 
     /tmp/ccFhXJz0.s:654    .text:0000000000000298 .L0 
     /tmp/ccFhXJz0.s:659    .text:00000000000002a4 .L0 
     /tmp/ccFhXJz0.s:660    .text:00000000000002a8 .L0 
     /tmp/ccFhXJz0.s:662    .text:00000000000002ac .L0 
GAS LISTING /tmp/ccFhXJz0.s 			page 25


     /tmp/ccFhXJz0.s:663    .text:00000000000002ac .L0 
     /tmp/ccFhXJz0.s:665    .text:00000000000002b0 .L0 
     /tmp/ccFhXJz0.s:667    .text:00000000000002b4 .L0 
     /tmp/ccFhXJz0.s:673    .text:00000000000002b4 _ZN9Semaphore6signalEv
     /tmp/ccFhXJz0.s:676    .text:00000000000002b4 .L0 
     /tmp/ccFhXJz0.s:678    .text:00000000000002b4 .L0 
     /tmp/ccFhXJz0.s:679    .text:00000000000002b8 .L0 
     /tmp/ccFhXJz0.s:682    .text:00000000000002c0 .L0 
     /tmp/ccFhXJz0.s:683    .text:00000000000002c0 .L0 
     /tmp/ccFhXJz0.s:685    .text:00000000000002c4 .L0 
     /tmp/ccFhXJz0.s:687    .text:00000000000002c4 .L0 
     /tmp/ccFhXJz0.s:688    .text:00000000000002c4 .L0 
     /tmp/ccFhXJz0.s:693    .text:00000000000002d0 .L0 
     /tmp/ccFhXJz0.s:694    .text:00000000000002d4 .L0 
     /tmp/ccFhXJz0.s:696    .text:00000000000002d8 .L0 
     /tmp/ccFhXJz0.s:697    .text:00000000000002d8 .L0 
     /tmp/ccFhXJz0.s:699    .text:00000000000002dc .L0 
     /tmp/ccFhXJz0.s:701    .text:00000000000002e0 .L0 
     /tmp/ccFhXJz0.s:707    .text:00000000000002e0 _ZN14PeriodicThreadC2Em
     /tmp/ccFhXJz0.s:710    .text:00000000000002e0 .L0 
     /tmp/ccFhXJz0.s:712    .text:00000000000002e0 .L0 
     /tmp/ccFhXJz0.s:713    .text:00000000000002e4 .L0 
     /tmp/ccFhXJz0.s:718    .text:00000000000002f4 .L0 
     /tmp/ccFhXJz0.s:719    .text:00000000000002f4 .L0 
     /tmp/ccFhXJz0.s:720    .text:00000000000002f4 .L0 
     /tmp/ccFhXJz0.s:721    .text:00000000000002f4 .L0 
     /tmp/ccFhXJz0.s:723    .text:00000000000002f8 .L0 
     /tmp/ccFhXJz0.s:728    .text:0000000000000300 .L0 
     /tmp/ccFhXJz0.s:733    .text:0000000000000314 .L0 
     /tmp/ccFhXJz0.s:734    .text:0000000000000314 .L0 
     /tmp/ccFhXJz0.s:737    .text:0000000000000318 .L0 
     /tmp/ccFhXJz0.s:738    .text:000000000000031c .L0 
     /tmp/ccFhXJz0.s:740    .text:0000000000000320 .L0 
     /tmp/ccFhXJz0.s:741    .text:0000000000000320 .L0 
     /tmp/ccFhXJz0.s:743    .text:0000000000000324 .L0 
     /tmp/ccFhXJz0.s:746    .text:0000000000000328 .L0 
     /tmp/ccFhXJz0.s:749    .text:000000000000032c .L0 
     /tmp/ccFhXJz0.s:751    .text:0000000000000330 .L0 
     /tmp/ccFhXJz0.s:707    .text:00000000000002e0 _ZN14PeriodicThreadC1Em
     /tmp/ccFhXJz0.s:759    .text:0000000000000330 _ZN14PeriodicThread9terminateEv
     /tmp/ccFhXJz0.s:762    .text:0000000000000330 .L0 
     /tmp/ccFhXJz0.s:764    .text:0000000000000330 .L0 
     /tmp/ccFhXJz0.s:765    .text:0000000000000334 .L0 
     /tmp/ccFhXJz0.s:767    .text:0000000000000338 .L0 
     /tmp/ccFhXJz0.s:769    .text:000000000000033c .L0 
     /tmp/ccFhXJz0.s:771    .text:000000000000033c .L0 
     /tmp/ccFhXJz0.s:772    .text:0000000000000340 .L0 
     /tmp/ccFhXJz0.s:773    .text:0000000000000340 .L0 
     /tmp/ccFhXJz0.s:775    .text:0000000000000344 .L0 
     /tmp/ccFhXJz0.s:777    .text:0000000000000348 .L0 
     /tmp/ccFhXJz0.s:783    .text:0000000000000348 _ZN7Console4getcEv
     /tmp/ccFhXJz0.s:786    .text:0000000000000348 .L0 
     /tmp/ccFhXJz0.s:787    .text:0000000000000348 .L0 
     /tmp/ccFhXJz0.s:788    .text:000000000000034c .L0 
     /tmp/ccFhXJz0.s:791    .text:0000000000000354 .L0 
     /tmp/ccFhXJz0.s:792    .text:0000000000000354 .L0 
     /tmp/ccFhXJz0.s:794    .text:0000000000000358 .L0 
GAS LISTING /tmp/ccFhXJz0.s 			page 26


     /tmp/ccFhXJz0.s:796    .text:0000000000000358 .L0 
     /tmp/ccFhXJz0.s:797    .text:0000000000000358 .L0 
     /tmp/ccFhXJz0.s:800    .text:0000000000000360 .L0 
     /tmp/ccFhXJz0.s:801    .text:0000000000000364 .L0 
     /tmp/ccFhXJz0.s:803    .text:0000000000000368 .L0 
     /tmp/ccFhXJz0.s:804    .text:0000000000000368 .L0 
     /tmp/ccFhXJz0.s:806    .text:000000000000036c .L0 
     /tmp/ccFhXJz0.s:808    .text:0000000000000370 .L0 
     /tmp/ccFhXJz0.s:814    .text:0000000000000370 _ZN7Console4putcEc
     /tmp/ccFhXJz0.s:817    .text:0000000000000370 .L0 
     /tmp/ccFhXJz0.s:819    .text:0000000000000370 .L0 
     /tmp/ccFhXJz0.s:820    .text:0000000000000374 .L0 
     /tmp/ccFhXJz0.s:823    .text:000000000000037c .L0 
     /tmp/ccFhXJz0.s:824    .text:000000000000037c .L0 
     /tmp/ccFhXJz0.s:826    .text:0000000000000380 .L0 
     /tmp/ccFhXJz0.s:828    .text:0000000000000380 .L0 
     /tmp/ccFhXJz0.s:829    .text:0000000000000380 .L0 
     /tmp/ccFhXJz0.s:832    .text:0000000000000388 .L0 
     /tmp/ccFhXJz0.s:833    .text:000000000000038c .L0 
     /tmp/ccFhXJz0.s:835    .text:0000000000000390 .L0 
     /tmp/ccFhXJz0.s:836    .text:0000000000000390 .L0 
     /tmp/ccFhXJz0.s:838    .text:0000000000000394 .L0 
     /tmp/ccFhXJz0.s:840    .text:0000000000000398 .L0 
     /tmp/ccFhXJz0.s:32     .text._ZN6Thread3runEv:0000000000000018 .L0 
     /tmp/ccFhXJz0.s:57     .text._ZN14PeriodicThread18periodicActivationEv:0000000000000018 .L0 
     /tmp/ccFhXJz0.s:880    .text:0000000000000398 .L0 
     /tmp/ccFhXJz0.s:158    .text._ZN14PeriodicThreadD2Ev:0000000000000024 .L0 
     /tmp/ccFhXJz0.s:228    .text._ZN14PeriodicThreadD0Ev:0000000000000034 .L0 
     /tmp/ccFhXJz0.s:241    .text:0000000000000074 .L0 
     /tmp/ccFhXJz0.s:344    .text:0000000000000100 .L0 
     /tmp/ccFhXJz0.s:384    .text:0000000000000130 .L0 
     /tmp/ccFhXJz0.s:453    .text:0000000000000190 .L0 
     /tmp/ccFhXJz0.s:610    .text:000000000000025c .L0 
     /tmp/ccFhXJz0.s:730    .text:0000000000000308 .L0 
     /tmp/ccFhXJz0.s:122    .text:0000000000000048 .L10
     /tmp/ccFhXJz0.s:274    .text:00000000000000b0 .L22
     /tmp/ccFhXJz0.s:448    .text:000000000000018c .L32
     /tmp/ccFhXJz0.s:436    .text:000000000000017c .L33
     /tmp/ccFhXJz0.s:144    .text._ZN14PeriodicThreadD2Ev:000000000000000c .L0 
     /tmp/ccFhXJz0.s:210    .text._ZN14PeriodicThreadD0Ev:0000000000000010 .L0 
     /tmp/ccFhXJz0.s:2170   .debug_abbrev:0000000000000000 .Ldebug_abbrev0
     /tmp/ccFhXJz0.s:3665   .debug_str:0000000000000575 .LASF96
     /tmp/ccFhXJz0.s:3647   .debug_str:00000000000004e1 .LASF97
     /tmp/ccFhXJz0.s:3527   .debug_str:000000000000016f .LASF98
     /tmp/ccFhXJz0.s:3463   .debug_ranges:0000000000000000 .Ldebug_ranges0
     /tmp/ccFhXJz0.s:3477   .debug_line:0000000000000000 .Ldebug_line0
     /tmp/ccFhXJz0.s:3603   .debug_str:000000000000038c .LASF0
     /tmp/ccFhXJz0.s:3617   .debug_str:00000000000003e9 .LASF1
     /tmp/ccFhXJz0.s:3595   .debug_str:0000000000000354 .LASF2
     /tmp/ccFhXJz0.s:3573   .debug_str:00000000000002ba .LASF4
     /tmp/ccFhXJz0.s:3655   .debug_str:000000000000051f .LASF3
     /tmp/ccFhXJz0.s:3503   .debug_str:00000000000000ad .LASF5
     /tmp/ccFhXJz0.s:3535   .debug_str:00000000000001c2 .LASF6
     /tmp/ccFhXJz0.s:3621   .debug_str:000000000000040f .LASF7
     /tmp/ccFhXJz0.s:3601   .debug_str:0000000000000379 .LASF8
     /tmp/ccFhXJz0.s:3677   .debug_str:0000000000000688 .LASF9
     /tmp/ccFhXJz0.s:3559   .debug_str:0000000000000268 .LASF10
GAS LISTING /tmp/ccFhXJz0.s 			page 27


     /tmp/ccFhXJz0.s:3631   .debug_str:0000000000000450 .LASF11
     /tmp/ccFhXJz0.s:3667   .debug_str:0000000000000639 .LASF12
     /tmp/ccFhXJz0.s:3507   .debug_str:00000000000000bb .LASF13
     /tmp/ccFhXJz0.s:3483   .debug_str:0000000000000013 .LASF14
     /tmp/ccFhXJz0.s:3517   .debug_str:0000000000000114 .LASF15
     /tmp/ccFhXJz0.s:3651   .debug_str:0000000000000500 .LASF16
     /tmp/ccFhXJz0.s:3529   .debug_str:0000000000000192 .LASF17
     /tmp/ccFhXJz0.s:3479   .debug_str:0000000000000000 .LASF18
     /tmp/ccFhXJz0.s:3569   .debug_str:00000000000002ad .LASF20
     /tmp/ccFhXJz0.s:3541   .debug_str:00000000000001e6 .LASF19
     /tmp/ccFhXJz0.s:3571   .debug_str:00000000000002b5 .LASF21
     /tmp/ccFhXJz0.s:3567   .debug_str:00000000000002a5 .LASF99
     /tmp/ccFhXJz0.s:3485   .debug_str:0000000000000023 .LASF79
     /tmp/ccFhXJz0.s:3513   .debug_str:00000000000000ef .LASF100
     /tmp/ccFhXJz0.s:3597   .debug_str:0000000000000362 .LASF23
     /tmp/ccFhXJz0.s:3619   .debug_str:00000000000003fc .LASF101
     /tmp/ccFhXJz0.s:3623   .debug_str:0000000000000422 .LASF22
     /tmp/ccFhXJz0.s:3481   .debug_str:0000000000000009 .LASF24
     /tmp/ccFhXJz0.s:3587   .debug_str:0000000000000314 .LASF30
     /tmp/ccFhXJz0.s:3501   .debug_str:000000000000009d .LASF32
     /tmp/ccFhXJz0.s:3671   .debug_str:0000000000000660 .LASF34
     /tmp/ccFhXJz0.s:3645   .debug_str:00000000000004d6 .LASF36
     /tmp/ccFhXJz0.s:3515   .debug_str:0000000000000102 .LASF38
     /tmp/ccFhXJz0.s:3545   .debug_str:00000000000001f5 .LASF25
     /tmp/ccFhXJz0.s:3641   .debug_str:00000000000004aa .LASF27
     /tmp/ccFhXJz0.s:3625   .debug_str:0000000000000427 .LASF26
     /tmp/ccFhXJz0.s:3643   .debug_str:00000000000004bf .LASF28
     /tmp/ccFhXJz0.s:3693   .debug_str:0000000000000702 .LASF49
     /tmp/ccFhXJz0.s:3679   .debug_str:0000000000000698 .LASF102
     /tmp/ccFhXJz0.s:3673   .debug_str:0000000000000672 .LASF29
     /tmp/ccFhXJz0.s:3599   .debug_str:0000000000000367 .LASF31
     /tmp/ccFhXJz0.s:3593   .debug_str:0000000000000347 .LASF33
     /tmp/ccFhXJz0.s:3635   .debug_str:0000000000000469 .LASF35
     /tmp/ccFhXJz0.s:3583   .debug_str:00000000000002ef .LASF37
     /tmp/ccFhXJz0.s:3611   .debug_str:00000000000003c1 .LASF39
     /tmp/ccFhXJz0.s:3615   .debug_str:00000000000003e3 .LASF40
     /tmp/ccFhXJz0.s:3557   .debug_str:0000000000000255 .LASF41
     /tmp/ccFhXJz0.s:3605   .debug_str:0000000000000399 .LASF103
     /tmp/ccFhXJz0.s:3553   .debug_str:0000000000000227 .LASF104
     /tmp/ccFhXJz0.s:3697   .debug_str:0000000000000730 .LASF42
     /tmp/ccFhXJz0.s:3561   .debug_str:0000000000000276 .LASF43
     /tmp/ccFhXJz0.s:3491   .debug_str:000000000000004a .LASF44
     /tmp/ccFhXJz0.s:3551   .debug_str:0000000000000214 .LASF45
     /tmp/ccFhXJz0.s:3663   .debug_str:000000000000056d .LASF46
     /tmp/ccFhXJz0.s:3639   .debug_str:0000000000000495 .LASF47
     /tmp/ccFhXJz0.s:3675   .debug_str:0000000000000679 .LASF48
     /tmp/ccFhXJz0.s:3547   .debug_str:00000000000001fa .LASF105
     /tmp/ccFhXJz0.s:3579   .debug_str:00000000000002e0 .LASF50
     /tmp/ccFhXJz0.s:3591   .debug_str:0000000000000339 .LASF106
     /tmp/ccFhXJz0.s:3585   .debug_str:00000000000002f7 .LASF107
     /tmp/ccFhXJz0.s:3627   .debug_str:000000000000042e .LASF51
     /tmp/ccFhXJz0.s:3493   .debug_str:000000000000004f .LASF52
     /tmp/ccFhXJz0.s:3687   .debug_str:00000000000006c7 .LASF53
     /tmp/ccFhXJz0.s:3495   .debug_str:0000000000000069 .LASF54
     /tmp/ccFhXJz0.s:3659   .debug_str:0000000000000541 .LASF55
     /tmp/ccFhXJz0.s:3499   .debug_str:0000000000000085 .LASF56
     /tmp/ccFhXJz0.s:3487   .debug_str:0000000000000028 .LASF57
GAS LISTING /tmp/ccFhXJz0.s 			page 28


     /tmp/ccFhXJz0.s:3521   .debug_str:0000000000000129 .LASF108
     /tmp/ccFhXJz0.s:3575   .debug_str:00000000000002c1 .LASF58
     /tmp/ccFhXJz0.s:3691   .debug_str:00000000000006f2 .LASF109
     /tmp/ccFhXJz0.s:3577   .debug_str:00000000000002c8 .LASF110
     /tmp/ccFhXJz0.s:3685   .debug_str:00000000000006c2 .LASF59
     /tmp/ccFhXJz0.s:3633   .debug_str:000000000000045f .LASF60
     /tmp/ccFhXJz0.s:3669   .debug_str:0000000000000648 .LASF61
     /tmp/ccFhXJz0.s:194    .text._ZN14PeriodicThreadD0Ev:0000000000000000 .LFB36
     /tmp/ccFhXJz0.s:226    .text._ZN14PeriodicThreadD0Ev:0000000000000034 .LFE36
     /tmp/ccFhXJz0.s:3135   .debug_loc:0000000000000000 .LLST3
     /tmp/ccFhXJz0.s:207    .text._ZN14PeriodicThreadD0Ev:0000000000000010 .LBB6
     /tmp/ccFhXJz0.s:214    .text._ZN14PeriodicThreadD0Ev:000000000000001c .LBE6
     /tmp/ccFhXJz0.s:3149   .debug_loc:0000000000000039 .LLST4
     /tmp/ccFhXJz0.s:216    .text._ZN14PeriodicThreadD0Ev:0000000000000024 .LVL12
     /tmp/ccFhXJz0.s:3607   .debug_str:00000000000003a2 .LASF62
     /tmp/ccFhXJz0.s:132    .text._ZN14PeriodicThreadD2Ev:0000000000000000 .LFB34
     /tmp/ccFhXJz0.s:154    .text._ZN14PeriodicThreadD2Ev:0000000000000024 .LFE34
     /tmp/ccFhXJz0.s:815    .text:0000000000000370 .LFB32
     /tmp/ccFhXJz0.s:841    .text:0000000000000398 .LFE32
     /tmp/ccFhXJz0.s:3156   .debug_loc:000000000000005c .LLST18
     /tmp/ccFhXJz0.s:830    .text:0000000000000388 .LVL52
     /tmp/ccFhXJz0.s:784    .text:0000000000000348 .LFB31
     /tmp/ccFhXJz0.s:809    .text:0000000000000370 .LFE31
     /tmp/ccFhXJz0.s:798    .text:0000000000000360 .LVL50
     /tmp/ccFhXJz0.s:760    .text:0000000000000330 .LFB30
     /tmp/ccFhXJz0.s:778    .text:0000000000000348 .LFE30
     /tmp/ccFhXJz0.s:3555   .debug_str:000000000000023d .LASF63
     /tmp/ccFhXJz0.s:708    .text:00000000000002e0 .LFB28
     /tmp/ccFhXJz0.s:752    .text:0000000000000330 .LFE28
     /tmp/ccFhXJz0.s:3170   .debug_loc:0000000000000095 .LLST16
     /tmp/ccFhXJz0.s:3188   .debug_loc:00000000000000e1 .LLST17
     /tmp/ccFhXJz0.s:729    .text:0000000000000308 .LVL46
     /tmp/ccFhXJz0.s:674    .text:00000000000002b4 .LFB26
     /tmp/ccFhXJz0.s:702    .text:00000000000002e0 .LFE26
     /tmp/ccFhXJz0.s:3207   .debug_loc:000000000000012e .LLST15
     /tmp/ccFhXJz0.s:691    .text:00000000000002d0 .LVL44
     /tmp/ccFhXJz0.s:640    .text:0000000000000288 .LFB25
     /tmp/ccFhXJz0.s:668    .text:00000000000002b4 .LFE25
     /tmp/ccFhXJz0.s:3221   .debug_loc:0000000000000167 .LLST14
     /tmp/ccFhXJz0.s:657    .text:00000000000002a4 .LVL41
     /tmp/ccFhXJz0.s:3699   .debug_str:0000000000000736 .LASF64
     /tmp/ccFhXJz0.s:293    .text:00000000000000b4 .LFB24
     /tmp/ccFhXJz0.s:326    .text:00000000000000f4 .LFE24
     /tmp/ccFhXJz0.s:3235   .debug_loc:00000000000001a0 .LLST6
     /tmp/ccFhXJz0.s:310    .text:00000000000000d4 .LVL17
     /tmp/ccFhXJz0.s:313    .text:00000000000000e0 .LVL18
     /tmp/ccFhXJz0.s:3509   .debug_str:00000000000000cb .LASF65
     /tmp/ccFhXJz0.s:233    .text:0000000000000074 .LFB22
     /tmp/ccFhXJz0.s:277    .text:00000000000000b4 .LFE22
     /tmp/ccFhXJz0.s:3253   .debug_loc:00000000000001ec .LLST5
     /tmp/ccFhXJz0.s:263    .text:00000000000000a0 .LVL15
     /tmp/ccFhXJz0.s:3563   .debug_str:0000000000000289 .LASF66
     /tmp/ccFhXJz0.s:3497   .debug_str:0000000000000073 .LASF67
     /tmp/ccFhXJz0.s:596    .text:000000000000024c .LFB19
     /tmp/ccFhXJz0.s:632    .text:0000000000000288 .LFE19
     /tmp/ccFhXJz0.s:3267   .debug_loc:0000000000000225 .LLST12
     /tmp/ccFhXJz0.s:3287   .debug_loc:0000000000000273 .LLST13
GAS LISTING /tmp/ccFhXJz0.s 			page 29


     /tmp/ccFhXJz0.s:620    .text:0000000000000278 .LVL38
     /tmp/ccFhXJz0.s:564    .text:0000000000000224 .LFB17
     /tmp/ccFhXJz0.s:590    .text:000000000000024c .LFE17
     /tmp/ccFhXJz0.s:3301   .debug_loc:00000000000002ac .LLST11
     /tmp/ccFhXJz0.s:579    .text:000000000000023c .LVL35
     /tmp/ccFhXJz0.s:530    .text:00000000000001f8 .LFB16
     /tmp/ccFhXJz0.s:558    .text:0000000000000224 .LFE16
     /tmp/ccFhXJz0.s:3315   .debug_loc:00000000000002e5 .LLST9
     /tmp/ccFhXJz0.s:3523   .debug_str:0000000000000153 .LASF68
     /tmp/ccFhXJz0.s:3329   .debug_loc:000000000000031e .LLST10
     /tmp/ccFhXJz0.s:547    .text:0000000000000214 .LVL33
     /tmp/ccFhXJz0.s:89     .text:0000000000000018 .LFB15
     /tmp/ccFhXJz0.s:125    .text:000000000000004c .LFE15
     /tmp/ccFhXJz0.s:3609   .debug_str:00000000000003ba .LASF69
     /tmp/ccFhXJz0.s:3343   .debug_loc:0000000000000357 .LLST0
     /tmp/ccFhXJz0.s:3361   .debug_loc:00000000000003a3 .LLST1
     /tmp/ccFhXJz0.s:111    .text:0000000000000038 .LVL4
     /tmp/ccFhXJz0.s:498    .text:00000000000001d0 .LFB14
     /tmp/ccFhXJz0.s:524    .text:00000000000001f8 .LFE14
     /tmp/ccFhXJz0.s:3681   .debug_str:00000000000006a8 .LASF70
     /tmp/ccFhXJz0.s:3379   .debug_loc:00000000000003ef .LLST8
     /tmp/ccFhXJz0.s:513    .text:00000000000001e8 .LVL30
     /tmp/ccFhXJz0.s:467    .text:00000000000001a8 .LFB13
     /tmp/ccFhXJz0.s:492    .text:00000000000001d0 .LFE13
     /tmp/ccFhXJz0.s:481    .text:00000000000001c0 .LVL28
     /tmp/ccFhXJz0.s:412    .text:0000000000000154 .LFB12
     /tmp/ccFhXJz0.s:461    .text:00000000000001a8 .LFE12
     /tmp/ccFhXJz0.s:3393   .debug_loc:0000000000000428 .LLST7
     /tmp/ccFhXJz0.s:435    .text:000000000000017c .LVL24
     /tmp/ccFhXJz0.s:457    .text:00000000000001a4 .LVL27
     /tmp/ccFhXJz0.s:3489   .debug_str:000000000000003b .LASF71
     /tmp/ccFhXJz0.s:163    .text:000000000000004c .LFB11
     /tmp/ccFhXJz0.s:187    .text:0000000000000074 .LFE11
     /tmp/ccFhXJz0.s:3428   .debug_loc:00000000000004b2 .LLST2
     /tmp/ccFhXJz0.s:177    .text:0000000000000064 .LVL8
     /tmp/ccFhXJz0.s:3539   .debug_str:00000000000001d7 .LASF72
     /tmp/ccFhXJz0.s:62     .text:0000000000000000 .LFB9
     /tmp/ccFhXJz0.s:81     .text:0000000000000018 .LFE9
     /tmp/ccFhXJz0.s:3533   .debug_str:00000000000001b3 .LASF73
     /tmp/ccFhXJz0.s:372    .text:0000000000000124 .LFB6
     /tmp/ccFhXJz0.s:404    .text:0000000000000154 .LFE6
     /tmp/ccFhXJz0.s:3565   .debug_str:000000000000028e .LASF74
     /tmp/ccFhXJz0.s:332    .text:00000000000000f4 .LFB3
     /tmp/ccFhXJz0.s:364    .text:0000000000000124 .LFE3
     /tmp/ccFhXJz0.s:37     .text._ZN14PeriodicThread18periodicActivationEv:0000000000000000 .LFB1
     /tmp/ccFhXJz0.s:55     .text._ZN14PeriodicThread18periodicActivationEv:0000000000000018 .LFE1
     /tmp/ccFhXJz0.s:11     .text._ZN6Thread3runEv:0000000000000000 .LFB0
     /tmp/ccFhXJz0.s:30     .text._ZN6Thread3runEv:0000000000000018 .LFE0
     /tmp/ccFhXJz0.s:3505   .debug_str:00000000000000b4 .LASF75
     /tmp/ccFhXJz0.s:3657   .debug_str:0000000000000531 .LASF77
     /tmp/ccFhXJz0.s:3549   .debug_str:000000000000020b .LASF76
     /tmp/ccFhXJz0.s:3653   .debug_str:0000000000000516 .LASF78
     /tmp/ccFhXJz0.s:3683   .debug_str:00000000000006ad .LASF80
     /tmp/ccFhXJz0.s:3531   .debug_str:00000000000001a8 .LASF81
     /tmp/ccFhXJz0.s:3511   .debug_str:00000000000000dd .LASF82
     /tmp/ccFhXJz0.s:3519   .debug_str:0000000000000120 .LASF83
     /tmp/ccFhXJz0.s:3629   .debug_str:000000000000043d .LASF84
GAS LISTING /tmp/ccFhXJz0.s 			page 30


     /tmp/ccFhXJz0.s:3581   .debug_str:00000000000002e5 .LASF85
     /tmp/ccFhXJz0.s:3525   .debug_str:000000000000015b .LASF86
     /tmp/ccFhXJz0.s:3543   .debug_str:00000000000001ec .LASF87
     /tmp/ccFhXJz0.s:3661   .debug_str:0000000000000561 .LASF88
     /tmp/ccFhXJz0.s:3613   .debug_str:00000000000003d0 .LASF89
     /tmp/ccFhXJz0.s:3689   .debug_str:00000000000006e2 .LASF90
     /tmp/ccFhXJz0.s:3649   .debug_str:00000000000004f5 .LASF91
     /tmp/ccFhXJz0.s:3637   .debug_str:0000000000000480 .LASF92
     /tmp/ccFhXJz0.s:3589   .debug_str:0000000000000329 .LASF93
     /tmp/ccFhXJz0.s:3695   .debug_str:000000000000070b .LASF94
     /tmp/ccFhXJz0.s:3537   .debug_str:00000000000001c9 .LASF95
     /tmp/ccFhXJz0.s:197    .text._ZN14PeriodicThreadD0Ev:0000000000000000 .LVL9
     /tmp/ccFhXJz0.s:206    .text._ZN14PeriodicThreadD0Ev:0000000000000010 .LVL10
     /tmp/ccFhXJz0.s:212    .text._ZN14PeriodicThreadD0Ev:000000000000001c .LVL11
     /tmp/ccFhXJz0.s:818    .text:0000000000000370 .LVL51
     /tmp/ccFhXJz0.s:711    .text:00000000000002e0 .LVL45
     /tmp/ccFhXJz0.s:744    .text:0000000000000324 .LVL47
     /tmp/ccFhXJz0.s:747    .text:0000000000000328 .LVL48
     /tmp/ccFhXJz0.s:677    .text:00000000000002b4 .LVL42
     /tmp/ccFhXJz0.s:689    .text:00000000000002c8 .LVL43
     /tmp/ccFhXJz0.s:643    .text:0000000000000288 .LVL39
     /tmp/ccFhXJz0.s:655    .text:000000000000029c .LVL40
     /tmp/ccFhXJz0.s:296    .text:00000000000000b4 .LVL16
     /tmp/ccFhXJz0.s:321    .text:00000000000000ec .LVL19
     /tmp/ccFhXJz0.s:238    .text:0000000000000074 .LVL13
     /tmp/ccFhXJz0.s:246    .text:0000000000000084 .LVL14
     /tmp/ccFhXJz0.s:599    .text:000000000000024c .LVL36
     /tmp/ccFhXJz0.s:618    .text:0000000000000270 .LVL37
     /tmp/ccFhXJz0.s:567    .text:0000000000000224 .LVL34
     /tmp/ccFhXJz0.s:533    .text:00000000000001f8 .LVL31
     /tmp/ccFhXJz0.s:545    .text:000000000000020c .LVL32
     /tmp/ccFhXJz0.s:92     .text:0000000000000018 .LVL3
     /tmp/ccFhXJz0.s:121    .text:0000000000000048 .LVL5
     /tmp/ccFhXJz0.s:501    .text:00000000000001d0 .LVL29
     /tmp/ccFhXJz0.s:415    .text:0000000000000154 .LVL22
     /tmp/ccFhXJz0.s:433    .text:0000000000000174 .LVL23
     /tmp/ccFhXJz0.s:447    .text:000000000000018c .LVL25
     /tmp/ccFhXJz0.s:455    .text:000000000000019c .LVL26
     /tmp/ccFhXJz0.s:166    .text:000000000000004c .LVL7
     /tmp/ccFhXJz0.s:881    .debug_info:0000000000000000 .Ldebug_info0
     /tmp/ccFhXJz0.s:5      .text:0000000000000000 .Ltext0
     /tmp/ccFhXJz0.s:877    .text:0000000000000398 .Letext0
     /tmp/ccFhXJz0.s:280    .gcc_except_table:0000000000000000 .LLSDA22
                           .group:0000000000000000 _ZN14PeriodicThreadD5Ev

UNDEFINED SYMBOLS
_ZdlPv
_Z9sem_closeP4_sem
__gxx_personality_v0
_Z13thread_createPP7_threadPFvPvES2_
_Z15thread_dispatchv
_Z10time_sleepm
_Z4sendP7_threadPc
_Z7receivev
_Z8sem_openPP4_semj
_Z8sem_waitP4_sem
_Z10sem_signalP4_sem
GAS LISTING /tmp/ccFhXJz0.s 			page 31


_Z4getcv
_Z4putcc
