GAS LISTING /tmp/cczD0kBA.s 			page 1


   1              		.file	"trap.cpp"
   2              		.option pic
   3              		.option norelax
   4              		.text
   5              	.Ltext0:
   6              		.align	2
   7              		.globl	handleSupervisorTrap
   9              	handleSupervisorTrap:
  10              	.LFB10:
  11              		.file 1 "src/trap.cpp"
   1:src/trap.cpp  **** #include "../h/riscv.hpp"
   2:src/trap.cpp  **** #include "../h/TrapFrame.hpp"
   3:src/trap.cpp  **** #include "../h/MemoryAllocator.hpp"
   4:src/trap.cpp  **** #include "../h/Thread.hpp"
   5:src/trap.cpp  **** #include "../h/Scheduler.hpp"
   6:src/trap.cpp  **** #include "../h/syscall_c.hpp"
   7:src/trap.cpp  **** #include "../h/Semaphore.hpp"
   8:src/trap.cpp  **** #include "../lib/console.h"
   9:src/trap.cpp  **** 
  10:src/trap.cpp  **** extern "C" void handleSupervisorTrap(TrapFrame* frame);
  11:src/trap.cpp  **** 
  12:src/trap.cpp  **** extern "C" void handleSupervisorTrap(TrapFrame* frame) {
  12              		.loc 1 12 56
  13              		.cfi_startproc
  14              	.LVL0:
  15 0000 130101FD 		addi	sp,sp,-48
  16              		.cfi_def_cfa_offset 48
  17 0004 23341102 		sd	ra,40(sp)
  18 0008 23308102 		sd	s0,32(sp)
  19 000c 233C9100 		sd	s1,24(sp)
  20 0010 23382101 		sd	s2,16(sp)
  21 0014 23343101 		sd	s3,8(sp)
  22              		.cfi_offset 1, -8
  23              		.cfi_offset 8, -16
  24              		.cfi_offset 9, -24
  25              		.cfi_offset 18, -32
  26              		.cfi_offset 19, -40
  27 0018 13040103 		addi	s0,sp,48
  28              		.cfi_def_cfa 8, 0
  29 001c 93040500 		mv	s1,a0
  13:src/trap.cpp  ****     uint64 scause = Riscv::r_scause();
  30              		.loc 1 13 5
  31              	.LBB20:
  32              	.LBB21:
  33              		.file 2 "src/../h/riscv.hpp"
   1:src/../h/riscv.hpp **** 
   2:src/../h/riscv.hpp **** 
   3:src/../h/riscv.hpp **** #ifndef PROJECT_BASE_V1_1_RISCV_HPP
   4:src/../h/riscv.hpp **** #define PROJECT_BASE_V1_1_RISCV_HPP
   5:src/../h/riscv.hpp **** 
   6:src/../h/riscv.hpp **** #include "../lib/hw.h"
   7:src/../h/riscv.hpp **** 
   8:src/../h/riscv.hpp **** class Riscv {
   9:src/../h/riscv.hpp **** public:
  10:src/../h/riscv.hpp ****     static const uint64 SSTATUS_SIE = (1UL << 1);
  11:src/../h/riscv.hpp ****     static const uint64 SIP_SSIP = (1UL << 1);
  12:src/../h/riscv.hpp ****     static const uint64 SSTATUS_SPIE = (1UL << 5);
GAS LISTING /tmp/cczD0kBA.s 			page 2


  13:src/../h/riscv.hpp ****     static const uint64 SSTATUS_SPP = (1UL << 8);
  14:src/../h/riscv.hpp **** 
  15:src/../h/riscv.hpp ****     static uint64 r_scause() {
  16:src/../h/riscv.hpp ****         uint64 x;
  34              		.loc 2 16 9
  17:src/../h/riscv.hpp ****         asm volatile("csrr %0, scause" : "=r"(x));//upis vrednosti scause u x
  35              		.loc 2 17 9
  36              		.loc 2 17 50 is_stmt 0
  37              	#APP
  38              	# 17 "src/../h/riscv.hpp" 1
  18              	        return x;
  39              		csrr a4, scause
  40              	# 0 "" 2
  41              	.LVL1:
  42              		.loc 2 18 9 is_stmt 1
  43              	#NO_APP
  44              	.LBE21:
  45              	.LBE20:
  14:src/trap.cpp  **** 
  15:src/trap.cpp  ****     if (scause == 8 || scause == 9) {
  46              		.loc 1 15 5
  47              	.LBB22:
  48              		.loc 1 15 21 is_stmt 0
  49 0024 930687FF 		addi	a3,a4,-8
  50              		.loc 1 15 5
  51 0028 93071000 		li	a5,1
  52 002c 63F8D702 		bleu	a3,a5,.L39
  53              	.LBE22:
  16:src/trap.cpp  ****         uint64 syscallCode = frame->a0;
  17:src/trap.cpp  **** 
  18:src/trap.cpp  ****         uint64 arg1 = frame->a1;
  19:src/trap.cpp  ****         uint64 arg2 = frame->a2;
  20:src/trap.cpp  ****         uint64 arg3 = frame->a3;
  21:src/trap.cpp  ****         uint64 arg4 = frame->a4;
  22:src/trap.cpp  **** 
  23:src/trap.cpp  ****         switch (syscallCode) {
  24:src/trap.cpp  ****             case 0x01: {
  25:src/trap.cpp  ****                 frame->a0 = (uint64)MemoryAllocator::getInstance().malloc((size_t)arg1);
  26:src/trap.cpp  ****                 break;
  27:src/trap.cpp  ****             }
  28:src/trap.cpp  **** 
  29:src/trap.cpp  ****             case 0x02: {
  30:src/trap.cpp  ****                 frame->a0 = (uint64)MemoryAllocator::getInstance().free((void*)arg1);
  31:src/trap.cpp  ****                 break;
  32:src/trap.cpp  ****             }
  33:src/trap.cpp  **** 
  34:src/trap.cpp  ****             case 0x11: {
  35:src/trap.cpp  ****                 thread_t* handle = (thread_t*)arg1;
  36:src/trap.cpp  ****                 _thread::Body body = (_thread::Body)arg2;
  37:src/trap.cpp  ****                 void* arg = (void*)arg3;
  38:src/trap.cpp  ****                 void* stackSpace = (void*)arg4;
  39:src/trap.cpp  **** 
  40:src/trap.cpp  ****                 if (handle == nullptr || body == nullptr || stackSpace == nullptr) {
  41:src/trap.cpp  ****                     frame->a0 = (uint64)-1;
  42:src/trap.cpp  ****                     break;
  43:src/trap.cpp  ****                 }
  44:src/trap.cpp  **** 
GAS LISTING /tmp/cczD0kBA.s 			page 3


  45:src/trap.cpp  ****                 _thread* thread = _thread::createThread(body, arg, stackSpace);
  46:src/trap.cpp  **** 
  47:src/trap.cpp  ****                 if (thread == nullptr) {
  48:src/trap.cpp  ****                     frame->a0 = (uint64)-1;
  49:src/trap.cpp  ****                     break;
  50:src/trap.cpp  ****                 }
  51:src/trap.cpp  **** 
  52:src/trap.cpp  ****                 *handle = thread;//korisnik dobija rucku nove niti
  53:src/trap.cpp  ****                 Scheduler::put(thread);
  54:src/trap.cpp  **** 
  55:src/trap.cpp  ****                 frame->a0 = 0;
  56:src/trap.cpp  ****                 break;
  57:src/trap.cpp  ****             }
  58:src/trap.cpp  **** 
  59:src/trap.cpp  ****             case 0x12: {
  60:src/trap.cpp  ****                 frame->sepc += 4;
  61:src/trap.cpp  ****                 frame->a0 = (uint64)_thread::exit();
  62:src/trap.cpp  ****                 return;
  63:src/trap.cpp  ****             }
  64:src/trap.cpp  **** 
  65:src/trap.cpp  ****             case 0x13: {
  66:src/trap.cpp  ****                 frame->sepc += 4;
  67:src/trap.cpp  ****                 _thread::dispatch();//nismo frame->a0 jer dispatch nema povratnu value
  68:src/trap.cpp  ****                 return;
  69:src/trap.cpp  ****             }
  70:src/trap.cpp  ****             case 0x14: { // thread_addChild
  71:src/trap.cpp  ****                 thread_t child = (thread_t)arg1;
  72:src/trap.cpp  **** 
  73:src/trap.cpp  ****                 if (child == nullptr) {
  74:src/trap.cpp  ****                     frame->a0 = (uint64)-1;
  75:src/trap.cpp  ****                     break;
  76:src/trap.cpp  ****                 }
  77:src/trap.cpp  **** 
  78:src/trap.cpp  ****                 frame->a0 = (uint64)_thread::addChild(child);
  79:src/trap.cpp  ****                 break;
  80:src/trap.cpp  ****             }
  81:src/trap.cpp  **** 
  82:src/trap.cpp  ****             case 0x15: { // thread_joinAll
  83:src/trap.cpp  ****                 frame->sepc += 4;
  84:src/trap.cpp  ****                 frame->a0 = (uint64)_thread::joinAll();
  85:src/trap.cpp  ****                 return;
  86:src/trap.cpp  ****             }
  87:src/trap.cpp  ****             case 0x21: {//ne povecavamo sepc jer ne menja trenutno izvrsavanje
  88:src/trap.cpp  ****                 sem_t* handle = (sem_t*)arg1;
  89:src/trap.cpp  ****                 unsigned init = (unsigned)arg2;
  90:src/trap.cpp  **** 
  91:src/trap.cpp  ****                 if (handle == nullptr) {
  92:src/trap.cpp  ****                     frame->a0 = (uint64)-1;
  93:src/trap.cpp  ****                     break;
  94:src/trap.cpp  ****                 }
  95:src/trap.cpp  **** 
  96:src/trap.cpp  ****                 _sem* sem = _sem::createSemaphore(init);
  97:src/trap.cpp  **** 
  98:src/trap.cpp  ****                 if (sem == nullptr) {
  99:src/trap.cpp  ****                     frame->a0 = (uint64)-1;
 100:src/trap.cpp  ****                     break;
 101:src/trap.cpp  ****                 }
GAS LISTING /tmp/cczD0kBA.s 			page 4


 102:src/trap.cpp  **** 
 103:src/trap.cpp  ****                 *handle = sem;
 104:src/trap.cpp  **** 
 105:src/trap.cpp  ****                 frame->a0 = 0;
 106:src/trap.cpp  ****                 break;
 107:src/trap.cpp  ****             }
 108:src/trap.cpp  **** 
 109:src/trap.cpp  ****             case 0x22: {
 110:src/trap.cpp  ****                 sem_t sem = (sem_t)arg1;
 111:src/trap.cpp  **** 
 112:src/trap.cpp  ****                 if (sem == nullptr) {
 113:src/trap.cpp  ****                     frame->a0 = (uint64)-1;
 114:src/trap.cpp  ****                     break;
 115:src/trap.cpp  ****                 }
 116:src/trap.cpp  **** 
 117:src/trap.cpp  ****                 int ret = sem->close();
 118:src/trap.cpp  **** 
 119:src/trap.cpp  ****                 if (ret == 0) {
 120:src/trap.cpp  ****                     _sem::destroySemaphore(sem);
 121:src/trap.cpp  ****                 }
 122:src/trap.cpp  **** 
 123:src/trap.cpp  ****                 frame->a0 = (uint64)ret;
 124:src/trap.cpp  ****                 break;
 125:src/trap.cpp  ****             }
 126:src/trap.cpp  **** 
 127:src/trap.cpp  ****             case 0x23: {
 128:src/trap.cpp  ****                 sem_t sem = (sem_t)arg1;
 129:src/trap.cpp  **** 
 130:src/trap.cpp  ****                 if (sem == nullptr) {
 131:src/trap.cpp  ****                     frame->a0 = (uint64)-1;
 132:src/trap.cpp  ****                     break;
 133:src/trap.cpp  ****                 }
 134:src/trap.cpp  **** 
 135:src/trap.cpp  ****                 frame->sepc += 4;
 136:src/trap.cpp  ****                 frame->a0 = (uint64)sem->wait();
 137:src/trap.cpp  ****                 return;
 138:src/trap.cpp  ****             }
 139:src/trap.cpp  **** 
 140:src/trap.cpp  ****             case 0x24: {
 141:src/trap.cpp  ****                 sem_t sem = (sem_t)arg1;
 142:src/trap.cpp  **** 
 143:src/trap.cpp  ****                 if (sem == nullptr) {
 144:src/trap.cpp  ****                     frame->a0 = (uint64)-1;
 145:src/trap.cpp  ****                     break;
 146:src/trap.cpp  ****                 }
 147:src/trap.cpp  **** 
 148:src/trap.cpp  ****                 frame->a0 = (uint64)sem->signal();
 149:src/trap.cpp  ****                 break;
 150:src/trap.cpp  ****             }
 151:src/trap.cpp  **** 
 152:src/trap.cpp  ****             case 0x25: {
 153:src/trap.cpp  ****                 sem_t sem = (sem_t)arg1;
 154:src/trap.cpp  ****                 unsigned n = (unsigned)arg2;
 155:src/trap.cpp  **** 
 156:src/trap.cpp  ****                 if (sem == nullptr) {
 157:src/trap.cpp  ****                     frame->a0 = (uint64)-1;
 158:src/trap.cpp  ****                     break;
GAS LISTING /tmp/cczD0kBA.s 			page 5


 159:src/trap.cpp  ****                 }
 160:src/trap.cpp  **** 
 161:src/trap.cpp  ****                 frame->sepc += 4;
 162:src/trap.cpp  ****                 frame->a0 = (uint64)sem->waitN(n);
 163:src/trap.cpp  ****                 return;
 164:src/trap.cpp  ****             }
 165:src/trap.cpp  **** 
 166:src/trap.cpp  ****             case 0x26: {
 167:src/trap.cpp  ****                 sem_t sem = (sem_t)arg1;
 168:src/trap.cpp  ****                 unsigned n = (unsigned)arg2;
 169:src/trap.cpp  **** 
 170:src/trap.cpp  ****                 if (sem == nullptr) {
 171:src/trap.cpp  ****                     frame->a0 = (uint64)-1;
 172:src/trap.cpp  ****                     break;
 173:src/trap.cpp  ****                 }
 174:src/trap.cpp  **** 
 175:src/trap.cpp  ****                 frame->a0 = (uint64)sem->signalN(n);
 176:src/trap.cpp  ****                 break;
 177:src/trap.cpp  ****             }
 178:src/trap.cpp  ****             case 0x31: { // time_sleep
 179:src/trap.cpp  ****                 frame->a0 = (uint64)-1;
 180:src/trap.cpp  ****                 break;
 181:src/trap.cpp  ****             }
 182:src/trap.cpp  **** 
 183:src/trap.cpp  ****             case 0x41: { // getc
 184:src/trap.cpp  ****                 frame->a0 = (uint64)__getc();
 185:src/trap.cpp  ****                 break;
 186:src/trap.cpp  ****             }
 187:src/trap.cpp  **** 
 188:src/trap.cpp  ****             case 0x42: { // putc
 189:src/trap.cpp  ****                 __putc((char)arg1);
 190:src/trap.cpp  ****                 frame->a0 = 0;
 191:src/trap.cpp  ****                 break;
 192:src/trap.cpp  ****             }
 193:src/trap.cpp  **** 
 194:src/trap.cpp  ****             default: {
 195:src/trap.cpp  ****                 frame->a0 = (uint64)-1;
 196:src/trap.cpp  ****                 break;
 197:src/trap.cpp  ****             }
 198:src/trap.cpp  ****         }
 199:src/trap.cpp  **** 
 200:src/trap.cpp  ****         frame->sepc += 4;
 201:src/trap.cpp  ****         return;
 202:src/trap.cpp  ****     }
 203:src/trap.cpp  **** 
 204:src/trap.cpp  ****     if (scause == 0x8000000000000001UL) {
  54              		.loc 1 204 5 is_stmt 1
  55 0030 9307F0FF 		li	a5,-1
  56 0034 9397F703 		slli	a5,a5,63
  57 0038 93871700 		addi	a5,a5,1
  58 003c 6306F72C 		beq	a4,a5,.L40
 205:src/trap.cpp  ****         Riscv::mc_sip(Riscv::SIP_SSIP);//birsanje pending bita
 206:src/trap.cpp  ****         return;
 207:src/trap.cpp  ****     }
 208:src/trap.cpp  **** 
 209:src/trap.cpp  ****     if (scause == 0x8000000000000009UL) {//spoljasnji hardverski prekid 9
  59              		.loc 1 209 5
GAS LISTING /tmp/cczD0kBA.s 			page 6


  60 0040 9307F0FF 		li	a5,-1
  61 0044 9397F703 		slli	a5,a5,63
  62 0048 93879700 		addi	a5,a5,9
  63 004c 6304F72C 		beq	a4,a5,.L41
 210:src/trap.cpp  ****         console_handler();
 211:src/trap.cpp  ****         return;
 212:src/trap.cpp  ****     }
 213:src/trap.cpp  ****     if (scause == 2) { // illegal instruction
  64              		.loc 1 213 5
  65 0050 93072000 		li	a5,2
  66 0054 6306F72C 		beq	a4,a5,.L42
  67              	.L37:
 214:src/trap.cpp  ****         frame->sepc += 4;
 215:src/trap.cpp  ****         Riscv::w_sepc(frame->sepc);
 216:src/trap.cpp  ****         return;
 217:src/trap.cpp  ****     }
 218:src/trap.cpp  **** 
 219:src/trap.cpp  ****     while (true) {}
  68              		.loc 1 219 5 discriminator 1
  69              		.loc 1 219 5 discriminator 1
  70 0058 6F000000 		j	.L37
  71              	.L39:
  72              	.LBB35:
  73              	.LBB23:
  16:src/trap.cpp  **** 
  74              		.loc 1 16 9
  16:src/trap.cpp  **** 
  75              		.loc 1 16 16 is_stmt 0
  76 005c 83370504 		ld	a5,64(a0)
  77              	.LVL2:
  18:src/trap.cpp  ****         uint64 arg2 = frame->a2;
  78              		.loc 1 18 9 is_stmt 1
  18:src/trap.cpp  ****         uint64 arg2 = frame->a2;
  79              		.loc 1 18 16 is_stmt 0
  80 0060 03398504 		ld	s2,72(a0)
  81              	.LVL3:
  19:src/trap.cpp  ****         uint64 arg3 = frame->a3;
  82              		.loc 1 19 9 is_stmt 1
  19:src/trap.cpp  ****         uint64 arg3 = frame->a3;
  83              		.loc 1 19 16 is_stmt 0
  84 0064 03350505 		ld	a0,80(a0)
  85              	.LVL4:
  20:src/trap.cpp  ****         uint64 arg4 = frame->a4;
  86              		.loc 1 20 9 is_stmt 1
  20:src/trap.cpp  ****         uint64 arg4 = frame->a4;
  87              		.loc 1 20 16 is_stmt 0
  88 0068 83B58405 		ld	a1,88(s1)
  89              	.LVL5:
  21:src/trap.cpp  **** 
  90              		.loc 1 21 9 is_stmt 1
  21:src/trap.cpp  **** 
  91              		.loc 1 21 16 is_stmt 0
  92 006c 03B60406 		ld	a2,96(s1)
  93              	.LVL6:
  23:src/trap.cpp  ****             case 0x01: {
  94              		.loc 1 23 9 is_stmt 1
  95 0070 13072004 		li	a4,66
GAS LISTING /tmp/cczD0kBA.s 			page 7


  96              	.LVL7:
  97 0074 6364F728 		bgtu	a5,a4,.L3
  98 0078 93972700 		slli	a5,a5,2
  99              	.LVL8:
 100 007c 17070000 		lla	a4,.L5
 100      13070700 
 101 0084 B387E700 		add	a5,a5,a4
 102 0088 83A70700 		lw	a5,0(a5)
 103 008c B387E700 		add	a5,a5,a4
 104 0090 67800700 		jr	a5
 105              		.section	.rodata
 106              		.align	2
 107              		.align	2
 108              	.L5:
 109 0000 00000000 		.word	.L3-.L5
 110 0004 00000000 		.word	.L20-.L5
 111 0008 00000000 		.word	.L19-.L5
 112 000c 00000000 		.word	.L3-.L5
 113 0010 00000000 		.word	.L3-.L5
 114 0014 00000000 		.word	.L3-.L5
 115 0018 00000000 		.word	.L3-.L5
 116 001c 00000000 		.word	.L3-.L5
 117 0020 00000000 		.word	.L3-.L5
 118 0024 00000000 		.word	.L3-.L5
 119 0028 00000000 		.word	.L3-.L5
 120 002c 00000000 		.word	.L3-.L5
 121 0030 00000000 		.word	.L3-.L5
 122 0034 00000000 		.word	.L3-.L5
 123 0038 00000000 		.word	.L3-.L5
 124 003c 00000000 		.word	.L3-.L5
 125 0040 00000000 		.word	.L3-.L5
 126 0044 00000000 		.word	.L18-.L5
 127 0048 00000000 		.word	.L17-.L5
 128 004c 00000000 		.word	.L16-.L5
 129 0050 00000000 		.word	.L15-.L5
 130 0054 00000000 		.word	.L14-.L5
 131 0058 00000000 		.word	.L3-.L5
 132 005c 00000000 		.word	.L3-.L5
 133 0060 00000000 		.word	.L3-.L5
 134 0064 00000000 		.word	.L3-.L5
 135 0068 00000000 		.word	.L3-.L5
 136 006c 00000000 		.word	.L3-.L5
 137 0070 00000000 		.word	.L3-.L5
 138 0074 00000000 		.word	.L3-.L5
 139 0078 00000000 		.word	.L3-.L5
 140 007c 00000000 		.word	.L3-.L5
 141 0080 00000000 		.word	.L3-.L5
 142 0084 00000000 		.word	.L13-.L5
 143 0088 00000000 		.word	.L12-.L5
 144 008c 00000000 		.word	.L11-.L5
 145 0090 00000000 		.word	.L10-.L5
 146 0094 00000000 		.word	.L9-.L5
 147 0098 00000000 		.word	.L8-.L5
 148 009c 00000000 		.word	.L3-.L5
 149 00a0 00000000 		.word	.L3-.L5
 150 00a4 00000000 		.word	.L3-.L5
 151 00a8 00000000 		.word	.L3-.L5
GAS LISTING /tmp/cczD0kBA.s 			page 8


 152 00ac 00000000 		.word	.L3-.L5
 153 00b0 00000000 		.word	.L3-.L5
 154 00b4 00000000 		.word	.L3-.L5
 155 00b8 00000000 		.word	.L3-.L5
 156 00bc 00000000 		.word	.L3-.L5
 157 00c0 00000000 		.word	.L3-.L5
 158 00c4 00000000 		.word	.L7-.L5
 159 00c8 00000000 		.word	.L3-.L5
 160 00cc 00000000 		.word	.L3-.L5
 161 00d0 00000000 		.word	.L3-.L5
 162 00d4 00000000 		.word	.L3-.L5
 163 00d8 00000000 		.word	.L3-.L5
 164 00dc 00000000 		.word	.L3-.L5
 165 00e0 00000000 		.word	.L3-.L5
 166 00e4 00000000 		.word	.L3-.L5
 167 00e8 00000000 		.word	.L3-.L5
 168 00ec 00000000 		.word	.L3-.L5
 169 00f0 00000000 		.word	.L3-.L5
 170 00f4 00000000 		.word	.L3-.L5
 171 00f8 00000000 		.word	.L3-.L5
 172 00fc 00000000 		.word	.L3-.L5
 173 0100 00000000 		.word	.L3-.L5
 174 0104 00000000 		.word	.L6-.L5
 175 0108 00000000 		.word	.L4-.L5
 176              		.text
 177              	.L20:
 178              	.LBB24:
  24:src/trap.cpp  ****                 frame->a0 = (uint64)MemoryAllocator::getInstance().malloc((size_t)arg1);
 179              		.loc 1 24 13
  24:src/trap.cpp  ****                 frame->a0 = (uint64)MemoryAllocator::getInstance().malloc((size_t)arg1);
 180              		.loc 1 24 24
  25:src/trap.cpp  ****                 break;
 181              		.loc 1 25 17
  25:src/trap.cpp  ****                 break;
 182              		.loc 1 25 66 is_stmt 0
 183 0094 97000000 		call	_ZN15MemoryAllocator11getInstanceEv@plt
 183      E7800000 
 184              	.LVL9:
  25:src/trap.cpp  ****                 break;
 185              		.loc 1 25 74
 186 009c 93050900 		mv	a1,s2
 187 00a0 97000000 		call	_ZN15MemoryAllocator6mallocEm@plt
 187      E7800000 
 188              	.LVL10:
  25:src/trap.cpp  ****                 break;
 189              		.loc 1 25 27
 190 00a8 23B0A404 		sd	a0,64(s1)
  26:src/trap.cpp  ****             }
 191              		.loc 1 26 17 is_stmt 1
 192              	.L21:
 193              	.LBE24:
 200:src/trap.cpp  ****         return;
 194              		.loc 1 200 9
 200:src/trap.cpp  ****         return;
 195              		.loc 1 200 21 is_stmt 0
 196 00ac 83B7040F 		ld	a5,240(s1)
 197 00b0 93874700 		addi	a5,a5,4
GAS LISTING /tmp/cczD0kBA.s 			page 9


 198 00b4 23B8F40E 		sd	a5,240(s1)
 201:src/trap.cpp  ****     }
 199              		.loc 1 201 9 is_stmt 1
 200              	.LVL11:
 201              	.L1:
 202              	.LBE23:
 203              	.LBE35:
 220:src/trap.cpp  **** }...
 204              		.loc 1 220 1 is_stmt 0
 205 00b8 83308102 		ld	ra,40(sp)
 206              		.cfi_remember_state
 207              		.cfi_restore 1
 208 00bc 03340102 		ld	s0,32(sp)
 209              		.cfi_restore 8
 210              		.cfi_def_cfa 2, 48
 211 00c0 83348101 		ld	s1,24(sp)
 212              		.cfi_restore 9
 213              	.LVL12:
 214 00c4 03390101 		ld	s2,16(sp)
 215              		.cfi_restore 18
 216 00c8 83398100 		ld	s3,8(sp)
 217              		.cfi_restore 19
 218 00cc 13010103 		addi	sp,sp,48
 219              		.cfi_def_cfa_offset 0
 220 00d0 67800000 		jr	ra
 221              	.LVL13:
 222              	.L19:
 223              		.cfi_restore_state
 224              	.LBB36:
 225              	.LBB34:
 226              	.LBB33:
  29:src/trap.cpp  ****             case 0x02: {
 227              		.loc 1 29 13 is_stmt 1
  29:src/trap.cpp  ****             case 0x02: {
 228              		.loc 1 29 24
  30:src/trap.cpp  ****                 frame->a0 = (uint64)MemoryAllocator::getInstance().free((void*)arg1);
 229              		.loc 1 30 17
  30:src/trap.cpp  ****                 frame->a0 = (uint64)MemoryAllocator::getInstance().free((void*)arg1);
 230              		.loc 1 30 66 is_stmt 0
 231 00d4 97000000 		call	_ZN15MemoryAllocator11getInstanceEv@plt
 231      E7800000 
 232              	.LVL14:
  30:src/trap.cpp  ****                 frame->a0 = (uint64)MemoryAllocator::getInstance().free((void*)arg1);
 233              		.loc 1 30 72
 234 00dc 93050900 		mv	a1,s2
 235 00e0 97000000 		call	_ZN15MemoryAllocator4freeEPv@plt
 235      E7800000 
 236              	.LVL15:
  30:src/trap.cpp  ****                 frame->a0 = (uint64)MemoryAllocator::getInstance().free((void*)arg1);
 237              		.loc 1 30 27
 238 00e8 23B0A404 		sd	a0,64(s1)
  31:src/trap.cpp  ****                 break;
 239              		.loc 1 31 17 is_stmt 1
 240 00ec 6FF01FFC 		j	.L21
 241              	.LVL16:
 242              	.L18:
  34:src/trap.cpp  ****             case 0x11: {
GAS LISTING /tmp/cczD0kBA.s 			page 10


 243              		.loc 1 34 13
  34:src/trap.cpp  ****             case 0x11: {
 244              		.loc 1 34 24
 245              	.LBB25:
  35:src/trap.cpp  ****                 thread_t* handle = (thread_t*)arg1;
 246              		.loc 1 35 17
  36:src/trap.cpp  ****                 _thread::Body body = (_thread::Body)arg2;
 247              		.loc 1 36 17
  37:src/trap.cpp  ****                 void* arg = (void*)arg3;
 248              		.loc 1 37 17
  38:src/trap.cpp  ****                 void* stackSpace = (void*)arg4;
 249              		.loc 1 38 17
  40:src/trap.cpp  ****                 if (handle == nullptr || body == nullptr || stackSpace == nullptr) {
 250              		.loc 1 40 17
 251 00f0 63060900 		beqz	s2,.L22
  40:src/trap.cpp  ****                 if (handle == nullptr || body == nullptr || stackSpace == nullptr) {
 252              		.loc 1 40 39 is_stmt 0 discriminator 1
 253 00f4 63040500 		beqz	a0,.L22
  40:src/trap.cpp  ****                 if (handle == nullptr || body == nullptr || stackSpace == nullptr) {
 254              		.loc 1 40 58 discriminator 2
 255 00f8 63180600 		bnez	a2,.L23
 256              	.L22:
  41:src/trap.cpp  ****                     frame->a0 = (uint64)-1;
 257              		.loc 1 41 21 is_stmt 1
  41:src/trap.cpp  ****                     frame->a0 = (uint64)-1;
 258              		.loc 1 41 31 is_stmt 0
 259 00fc 9307F0FF 		li	a5,-1
 260 0100 23B0F404 		sd	a5,64(s1)
 261              	.LVL17:
  42:src/trap.cpp  ****                     break;
 262              		.loc 1 42 21 is_stmt 1
 263 0104 6FF09FFA 		j	.L21
 264              	.LVL18:
 265              	.L23:
  45:src/trap.cpp  ****                 _thread* thread = _thread::createThread(body, arg, stackSpace);
 266              		.loc 1 45 17
  45:src/trap.cpp  ****                 _thread* thread = _thread::createThread(body, arg, stackSpace);
 267              		.loc 1 45 56 is_stmt 0
 268 0108 97000000 		call	_ZN7_thread12createThreadEPFvPvES0_S0_@plt
 268      E7800000 
 269              	.LVL19:
  47:src/trap.cpp  ****                 if (thread == nullptr) {
 270              		.loc 1 47 17 is_stmt 1
 271 0110 630C0500 		beqz	a0,.L43
  52:src/trap.cpp  ****                 *handle = thread;//korisnik dobija rucku nove niti
 272              		.loc 1 52 17
  52:src/trap.cpp  ****                 *handle = thread;//korisnik dobija rucku nove niti
 273              		.loc 1 52 25 is_stmt 0
 274 0114 2330A900 		sd	a0,0(s2)
  53:src/trap.cpp  ****                 Scheduler::put(thread);
 275              		.loc 1 53 17 is_stmt 1
  53:src/trap.cpp  ****                 Scheduler::put(thread);
 276              		.loc 1 53 31 is_stmt 0
 277 0118 97000000 		call	_ZN9Scheduler3putEP7_thread@plt
 277      E7800000 
 278              	.LVL20:
  55:src/trap.cpp  ****                 frame->a0 = 0;
GAS LISTING /tmp/cczD0kBA.s 			page 11


 279              		.loc 1 55 17 is_stmt 1
  55:src/trap.cpp  ****                 frame->a0 = 0;
 280              		.loc 1 55 27 is_stmt 0
 281 0120 23B00404 		sd	zero,64(s1)
  56:src/trap.cpp  ****                 break;
 282              		.loc 1 56 17 is_stmt 1
 283 0124 6FF09FF8 		j	.L21
 284              	.LVL21:
 285              	.L43:
  48:src/trap.cpp  ****                     frame->a0 = (uint64)-1;
 286              		.loc 1 48 21
  48:src/trap.cpp  ****                     frame->a0 = (uint64)-1;
 287              		.loc 1 48 31 is_stmt 0
 288 0128 9307F0FF 		li	a5,-1
 289 012c 23B0F404 		sd	a5,64(s1)
  49:src/trap.cpp  ****                     break;
 290              		.loc 1 49 21 is_stmt 1
 291 0130 6FF0DFF7 		j	.L21
 292              	.LVL22:
 293              	.L17:
 294              	.LBE25:
  59:src/trap.cpp  ****             case 0x12: {
 295              		.loc 1 59 13
  59:src/trap.cpp  ****             case 0x12: {
 296              		.loc 1 59 24
  60:src/trap.cpp  ****                 frame->sepc += 4;
 297              		.loc 1 60 17
  60:src/trap.cpp  ****                 frame->sepc += 4;
 298              		.loc 1 60 29 is_stmt 0
 299 0134 83B7040F 		ld	a5,240(s1)
 300 0138 93874700 		addi	a5,a5,4
 301 013c 23B8F40E 		sd	a5,240(s1)
  61:src/trap.cpp  ****                 frame->a0 = (uint64)_thread::exit();
 302              		.loc 1 61 17 is_stmt 1
  61:src/trap.cpp  ****                 frame->a0 = (uint64)_thread::exit();
 303              		.loc 1 61 50 is_stmt 0
 304 0140 97000000 		call	_ZN7_thread4exitEv@plt
 304      E7800000 
 305              	.LVL23:
  61:src/trap.cpp  ****                 frame->a0 = (uint64)_thread::exit();
 306              		.loc 1 61 27
 307 0148 23B0A404 		sd	a0,64(s1)
  62:src/trap.cpp  ****                 return;
 308              		.loc 1 62 17 is_stmt 1
 309 014c 6FF0DFF6 		j	.L1
 310              	.LVL24:
 311              	.L16:
  65:src/trap.cpp  ****             case 0x13: {
 312              		.loc 1 65 13
  65:src/trap.cpp  ****             case 0x13: {
 313              		.loc 1 65 24
  66:src/trap.cpp  ****                 frame->sepc += 4;
 314              		.loc 1 66 17
  66:src/trap.cpp  ****                 frame->sepc += 4;
 315              		.loc 1 66 29 is_stmt 0
 316 0150 83B7040F 		ld	a5,240(s1)
 317 0154 93874700 		addi	a5,a5,4
GAS LISTING /tmp/cczD0kBA.s 			page 12


 318 0158 23B8F40E 		sd	a5,240(s1)
  67:src/trap.cpp  ****                 _thread::dispatch();//nismo frame->a0 jer dispatch nema povratnu value
 319              		.loc 1 67 17 is_stmt 1
  67:src/trap.cpp  ****                 _thread::dispatch();//nismo frame->a0 jer dispatch nema povratnu value
 320              		.loc 1 67 34 is_stmt 0
 321 015c 97000000 		call	_ZN7_thread8dispatchEv@plt
 321      E7800000 
 322              	.LVL25:
  68:src/trap.cpp  ****                 return;
 323              		.loc 1 68 17 is_stmt 1
 324 0164 6FF05FF5 		j	.L1
 325              	.LVL26:
 326              	.L15:
  70:src/trap.cpp  ****             case 0x14: { // thread_addChild
 327              		.loc 1 70 13
  70:src/trap.cpp  ****             case 0x14: { // thread_addChild
 328              		.loc 1 70 24
 329              	.LBB26:
  71:src/trap.cpp  ****                 thread_t child = (thread_t)arg1;
 330              		.loc 1 71 17
  73:src/trap.cpp  ****                 if (child == nullptr) {
 331              		.loc 1 73 17
 332 0168 63180900 		bnez	s2,.L26
  74:src/trap.cpp  ****                     frame->a0 = (uint64)-1;
 333              		.loc 1 74 21
  74:src/trap.cpp  ****                     frame->a0 = (uint64)-1;
 334              		.loc 1 74 31 is_stmt 0
 335 016c 9307F0FF 		li	a5,-1
 336 0170 23B0F404 		sd	a5,64(s1)
 337              	.LVL27:
  75:src/trap.cpp  ****                     break;
 338              		.loc 1 75 21 is_stmt 1
 339 0174 6FF09FF3 		j	.L21
 340              	.LVL28:
 341              	.L26:
  78:src/trap.cpp  ****                 frame->a0 = (uint64)_thread::addChild(child);
 342              		.loc 1 78 17
  78:src/trap.cpp  ****                 frame->a0 = (uint64)_thread::addChild(child);
 343              		.loc 1 78 54 is_stmt 0
 344 0178 13050900 		mv	a0,s2
 345              	.LVL29:
 346 017c 97000000 		call	_ZN7_thread8addChildEPS_@plt
 346      E7800000 
 347              	.LVL30:
  78:src/trap.cpp  ****                 frame->a0 = (uint64)_thread::addChild(child);
 348              		.loc 1 78 27
 349 0184 23B0A404 		sd	a0,64(s1)
  79:src/trap.cpp  ****                 break;
 350              		.loc 1 79 17 is_stmt 1
 351 0188 6FF05FF2 		j	.L21
 352              	.LVL31:
 353              	.L14:
 354              	.LBE26:
  82:src/trap.cpp  ****             case 0x15: { // thread_joinAll
 355              		.loc 1 82 13
  82:src/trap.cpp  ****             case 0x15: { // thread_joinAll
 356              		.loc 1 82 24
GAS LISTING /tmp/cczD0kBA.s 			page 13


  83:src/trap.cpp  ****                 frame->sepc += 4;
 357              		.loc 1 83 17
  83:src/trap.cpp  ****                 frame->sepc += 4;
 358              		.loc 1 83 29 is_stmt 0
 359 018c 83B7040F 		ld	a5,240(s1)
 360 0190 93874700 		addi	a5,a5,4
 361 0194 23B8F40E 		sd	a5,240(s1)
  84:src/trap.cpp  ****                 frame->a0 = (uint64)_thread::joinAll();
 362              		.loc 1 84 17 is_stmt 1
  84:src/trap.cpp  ****                 frame->a0 = (uint64)_thread::joinAll();
 363              		.loc 1 84 53 is_stmt 0
 364 0198 97000000 		call	_ZN7_thread7joinAllEv@plt
 364      E7800000 
 365              	.LVL32:
  84:src/trap.cpp  ****                 frame->a0 = (uint64)_thread::joinAll();
 366              		.loc 1 84 27
 367 01a0 23B0A404 		sd	a0,64(s1)
  85:src/trap.cpp  ****                 return;
 368              		.loc 1 85 17 is_stmt 1
 369 01a4 6FF05FF1 		j	.L1
 370              	.LVL33:
 371              	.L13:
  87:src/trap.cpp  ****             case 0x21: {//ne povecavamo sepc jer ne menja trenutno izvrsavanje
 372              		.loc 1 87 13
  87:src/trap.cpp  ****             case 0x21: {//ne povecavamo sepc jer ne menja trenutno izvrsavanje
 373              		.loc 1 87 24
 374              	.LBB27:
  88:src/trap.cpp  ****                 sem_t* handle = (sem_t*)arg1;
 375              		.loc 1 88 17
  89:src/trap.cpp  ****                 unsigned init = (unsigned)arg2;
 376              		.loc 1 89 17
  89:src/trap.cpp  ****                 unsigned init = (unsigned)arg2;
 377              		.loc 1 89 26 is_stmt 0
 378 01a8 1B050500 		sext.w	a0,a0
 379              	.LVL34:
  91:src/trap.cpp  ****                 if (handle == nullptr) {
 380              		.loc 1 91 17 is_stmt 1
 381 01ac 63180900 		bnez	s2,.L27
  92:src/trap.cpp  ****                     frame->a0 = (uint64)-1;
 382              		.loc 1 92 21
  92:src/trap.cpp  ****                     frame->a0 = (uint64)-1;
 383              		.loc 1 92 31 is_stmt 0
 384 01b0 9307F0FF 		li	a5,-1
 385 01b4 23B0F404 		sd	a5,64(s1)
 386              	.LVL35:
  93:src/trap.cpp  ****                     break;
 387              		.loc 1 93 21 is_stmt 1
 388 01b8 6FF05FEF 		j	.L21
 389              	.LVL36:
 390              	.L27:
  96:src/trap.cpp  ****                 _sem* sem = _sem::createSemaphore(init);
 391              		.loc 1 96 17
  96:src/trap.cpp  ****                 _sem* sem = _sem::createSemaphore(init);
 392              		.loc 1 96 50 is_stmt 0
 393 01bc 97000000 		call	_ZN4_sem15createSemaphoreEj@plt
 393      E7800000 
 394              	.LVL37:
GAS LISTING /tmp/cczD0kBA.s 			page 14


  98:src/trap.cpp  ****                 if (sem == nullptr) {
 395              		.loc 1 98 17 is_stmt 1
 396 01c4 63080500 		beqz	a0,.L44
 103:src/trap.cpp  ****                 *handle = sem;
 397              		.loc 1 103 17
 103:src/trap.cpp  ****                 *handle = sem;
 398              		.loc 1 103 25 is_stmt 0
 399 01c8 2330A900 		sd	a0,0(s2)
 105:src/trap.cpp  ****                 frame->a0 = 0;
 400              		.loc 1 105 17 is_stmt 1
 105:src/trap.cpp  ****                 frame->a0 = 0;
 401              		.loc 1 105 27 is_stmt 0
 402 01cc 23B00404 		sd	zero,64(s1)
 106:src/trap.cpp  ****                 break;
 403              		.loc 1 106 17 is_stmt 1
 404 01d0 6FF0DFED 		j	.L21
 405              	.L44:
  99:src/trap.cpp  ****                     frame->a0 = (uint64)-1;
 406              		.loc 1 99 21
  99:src/trap.cpp  ****                     frame->a0 = (uint64)-1;
 407              		.loc 1 99 31 is_stmt 0
 408 01d4 9307F0FF 		li	a5,-1
 409 01d8 23B0F404 		sd	a5,64(s1)
 100:src/trap.cpp  ****                     break;
 410              		.loc 1 100 21 is_stmt 1
 411 01dc 6FF01FED 		j	.L21
 412              	.LVL38:
 413              	.L12:
 414              	.LBE27:
 109:src/trap.cpp  ****             case 0x22: {
 415              		.loc 1 109 13
 109:src/trap.cpp  ****             case 0x22: {
 416              		.loc 1 109 24
 417              	.LBB28:
 110:src/trap.cpp  ****                 sem_t sem = (sem_t)arg1;
 418              		.loc 1 110 17
 112:src/trap.cpp  ****                 if (sem == nullptr) {
 419              		.loc 1 112 17
 420 01e0 63180900 		bnez	s2,.L29
 113:src/trap.cpp  ****                     frame->a0 = (uint64)-1;
 421              		.loc 1 113 21
 113:src/trap.cpp  ****                     frame->a0 = (uint64)-1;
 422              		.loc 1 113 31 is_stmt 0
 423 01e4 9307F0FF 		li	a5,-1
 424 01e8 23B0F404 		sd	a5,64(s1)
 425              	.LVL39:
 114:src/trap.cpp  ****                     break;
 426              		.loc 1 114 21 is_stmt 1
 427 01ec 6FF01FEC 		j	.L21
 428              	.LVL40:
 429              	.L29:
 117:src/trap.cpp  ****                 int ret = sem->close();
 430              		.loc 1 117 17
 117:src/trap.cpp  ****                 int ret = sem->close();
 431              		.loc 1 117 37 is_stmt 0
 432 01f0 13050900 		mv	a0,s2
 433              	.LVL41:
GAS LISTING /tmp/cczD0kBA.s 			page 15


 434 01f4 97000000 		call	_ZN4_sem5closeEv@plt
 434      E7800000 
 435              	.LVL42:
 436 01fc 93090500 		mv	s3,a0
 437              	.LVL43:
 119:src/trap.cpp  ****                 if (ret == 0) {
 438              		.loc 1 119 17 is_stmt 1
 439 0200 63060500 		beqz	a0,.L45
 440              	.LVL44:
 441              	.L30:
 123:src/trap.cpp  ****                 frame->a0 = (uint64)ret;
 442              		.loc 1 123 17
 123:src/trap.cpp  ****                 frame->a0 = (uint64)ret;
 443              		.loc 1 123 27 is_stmt 0
 444 0204 23B03405 		sd	s3,64(s1)
 124:src/trap.cpp  ****                 break;
 445              		.loc 1 124 17 is_stmt 1
 446 0208 6FF05FEA 		j	.L21
 447              	.LVL45:
 448              	.L45:
 120:src/trap.cpp  ****                     _sem::destroySemaphore(sem);
 449              		.loc 1 120 21
 120:src/trap.cpp  ****                     _sem::destroySemaphore(sem);
 450              		.loc 1 120 43 is_stmt 0
 451 020c 13050900 		mv	a0,s2
 452              	.LVL46:
 453 0210 97000000 		call	_ZN4_sem16destroySemaphoreEPS_@plt
 453      E7800000 
 454              	.LVL47:
 455 0218 6FF0DFFE 		j	.L30
 456              	.LVL48:
 457              	.L11:
 458              	.LBE28:
 127:src/trap.cpp  ****             case 0x23: {
 459              		.loc 1 127 13 is_stmt 1
 127:src/trap.cpp  ****             case 0x23: {
 460              		.loc 1 127 24
 461              	.LBB29:
 128:src/trap.cpp  ****                 sem_t sem = (sem_t)arg1;
 462              		.loc 1 128 17
 130:src/trap.cpp  ****                 if (sem == nullptr) {
 463              		.loc 1 130 17
 464 021c 63180900 		bnez	s2,.L31
 131:src/trap.cpp  ****                     frame->a0 = (uint64)-1;
 465              		.loc 1 131 21
 131:src/trap.cpp  ****                     frame->a0 = (uint64)-1;
 466              		.loc 1 131 31 is_stmt 0
 467 0220 9307F0FF 		li	a5,-1
 468 0224 23B0F404 		sd	a5,64(s1)
 469              	.LVL49:
 132:src/trap.cpp  ****                     break;
 470              		.loc 1 132 21 is_stmt 1
 471 0228 6FF05FE8 		j	.L21
 472              	.LVL50:
 473              	.L31:
 135:src/trap.cpp  ****                 frame->sepc += 4;
 474              		.loc 1 135 17
GAS LISTING /tmp/cczD0kBA.s 			page 16


 135:src/trap.cpp  ****                 frame->sepc += 4;
 475              		.loc 1 135 29 is_stmt 0
 476 022c 83B7040F 		ld	a5,240(s1)
 477 0230 93874700 		addi	a5,a5,4
 478 0234 23B8F40E 		sd	a5,240(s1)
 136:src/trap.cpp  ****                 frame->a0 = (uint64)sem->wait();
 479              		.loc 1 136 17 is_stmt 1
 136:src/trap.cpp  ****                 frame->a0 = (uint64)sem->wait();
 480              		.loc 1 136 46 is_stmt 0
 481 0238 13050900 		mv	a0,s2
 482              	.LVL51:
 483 023c 97000000 		call	_ZN4_sem4waitEv@plt
 483      E7800000 
 484              	.LVL52:
 136:src/trap.cpp  ****                 frame->a0 = (uint64)sem->wait();
 485              		.loc 1 136 27
 486 0244 23B0A404 		sd	a0,64(s1)
 137:src/trap.cpp  ****                 return;
 487              		.loc 1 137 17 is_stmt 1
 488 0248 6FF01FE7 		j	.L1
 489              	.LVL53:
 490              	.L10:
 491              	.LBE29:
 140:src/trap.cpp  ****             case 0x24: {
 492              		.loc 1 140 13
 140:src/trap.cpp  ****             case 0x24: {
 493              		.loc 1 140 24
 494              	.LBB30:
 141:src/trap.cpp  ****                 sem_t sem = (sem_t)arg1;
 495              		.loc 1 141 17
 143:src/trap.cpp  ****                 if (sem == nullptr) {
 496              		.loc 1 143 17
 497 024c 63180900 		bnez	s2,.L32
 144:src/trap.cpp  ****                     frame->a0 = (uint64)-1;
 498              		.loc 1 144 21
 144:src/trap.cpp  ****                     frame->a0 = (uint64)-1;
 499              		.loc 1 144 31 is_stmt 0
 500 0250 9307F0FF 		li	a5,-1
 501 0254 23B0F404 		sd	a5,64(s1)
 502              	.LVL54:
 145:src/trap.cpp  ****                     break;
 503              		.loc 1 145 21 is_stmt 1
 504 0258 6FF05FE5 		j	.L21
 505              	.LVL55:
 506              	.L32:
 148:src/trap.cpp  ****                 frame->a0 = (uint64)sem->signal();
 507              		.loc 1 148 17
 148:src/trap.cpp  ****                 frame->a0 = (uint64)sem->signal();
 508              		.loc 1 148 48 is_stmt 0
 509 025c 13050900 		mv	a0,s2
 510              	.LVL56:
 511 0260 97000000 		call	_ZN4_sem6signalEv@plt
 511      E7800000 
 512              	.LVL57:
 148:src/trap.cpp  ****                 frame->a0 = (uint64)sem->signal();
 513              		.loc 1 148 27
 514 0268 23B0A404 		sd	a0,64(s1)
GAS LISTING /tmp/cczD0kBA.s 			page 17


 149:src/trap.cpp  ****                 break;
 515              		.loc 1 149 17 is_stmt 1
 516 026c 6FF01FE4 		j	.L21
 517              	.LVL58:
 518              	.L9:
 519              	.LBE30:
 152:src/trap.cpp  ****             case 0x25: {
 520              		.loc 1 152 13
 152:src/trap.cpp  ****             case 0x25: {
 521              		.loc 1 152 24
 522              	.LBB31:
 153:src/trap.cpp  ****                 sem_t sem = (sem_t)arg1;
 523              		.loc 1 153 17
 154:src/trap.cpp  ****                 unsigned n = (unsigned)arg2;
 524              		.loc 1 154 17
 154:src/trap.cpp  ****                 unsigned n = (unsigned)arg2;
 525              		.loc 1 154 26 is_stmt 0
 526 0270 9B050500 		sext.w	a1,a0
 527              	.LVL59:
 156:src/trap.cpp  ****                 if (sem == nullptr) {
 528              		.loc 1 156 17 is_stmt 1
 529 0274 63180900 		bnez	s2,.L33
 157:src/trap.cpp  ****                     frame->a0 = (uint64)-1;
 530              		.loc 1 157 21
 157:src/trap.cpp  ****                     frame->a0 = (uint64)-1;
 531              		.loc 1 157 31 is_stmt 0
 532 0278 9307F0FF 		li	a5,-1
 533 027c 23B0F404 		sd	a5,64(s1)
 534              	.LVL60:
 158:src/trap.cpp  ****                     break;
 535              		.loc 1 158 21 is_stmt 1
 536 0280 6FF0DFE2 		j	.L21
 537              	.LVL61:
 538              	.L33:
 161:src/trap.cpp  ****                 frame->sepc += 4;
 539              		.loc 1 161 17
 161:src/trap.cpp  ****                 frame->sepc += 4;
 540              		.loc 1 161 29 is_stmt 0
 541 0284 83B7040F 		ld	a5,240(s1)
 542 0288 93874700 		addi	a5,a5,4
 543 028c 23B8F40E 		sd	a5,240(s1)
 162:src/trap.cpp  ****                 frame->a0 = (uint64)sem->waitN(n);
 544              		.loc 1 162 17 is_stmt 1
 162:src/trap.cpp  ****                 frame->a0 = (uint64)sem->waitN(n);
 545              		.loc 1 162 47 is_stmt 0
 546 0290 13050900 		mv	a0,s2
 547              	.LVL62:
 548 0294 97000000 		call	_ZN4_sem5waitNEj@plt
 548      E7800000 
 549              	.LVL63:
 162:src/trap.cpp  ****                 frame->a0 = (uint64)sem->waitN(n);
 550              		.loc 1 162 27
 551 029c 23B0A404 		sd	a0,64(s1)
 163:src/trap.cpp  ****                 return;
 552              		.loc 1 163 17 is_stmt 1
 553 02a0 6FF09FE1 		j	.L1
 554              	.LVL64:
GAS LISTING /tmp/cczD0kBA.s 			page 18


 555              	.L8:
 556              	.LBE31:
 166:src/trap.cpp  ****             case 0x26: {
 557              		.loc 1 166 13
 166:src/trap.cpp  ****             case 0x26: {
 558              		.loc 1 166 24
 559              	.LBB32:
 167:src/trap.cpp  ****                 sem_t sem = (sem_t)arg1;
 560              		.loc 1 167 17
 168:src/trap.cpp  ****                 unsigned n = (unsigned)arg2;
 561              		.loc 1 168 17
 168:src/trap.cpp  ****                 unsigned n = (unsigned)arg2;
 562              		.loc 1 168 26 is_stmt 0
 563 02a4 9B050500 		sext.w	a1,a0
 564              	.LVL65:
 170:src/trap.cpp  ****                 if (sem == nullptr) {
 565              		.loc 1 170 17 is_stmt 1
 566 02a8 63180900 		bnez	s2,.L34
 171:src/trap.cpp  ****                     frame->a0 = (uint64)-1;
 567              		.loc 1 171 21
 171:src/trap.cpp  ****                     frame->a0 = (uint64)-1;
 568              		.loc 1 171 31 is_stmt 0
 569 02ac 9307F0FF 		li	a5,-1
 570 02b0 23B0F404 		sd	a5,64(s1)
 571              	.LVL66:
 172:src/trap.cpp  ****                     break;
 572              		.loc 1 172 21 is_stmt 1
 573 02b4 6FF09FDF 		j	.L21
 574              	.LVL67:
 575              	.L34:
 175:src/trap.cpp  ****                 frame->a0 = (uint64)sem->signalN(n);
 576              		.loc 1 175 17
 175:src/trap.cpp  ****                 frame->a0 = (uint64)sem->signalN(n);
 577              		.loc 1 175 49 is_stmt 0
 578 02b8 13050900 		mv	a0,s2
 579              	.LVL68:
 580 02bc 97000000 		call	_ZN4_sem7signalNEj@plt
 580      E7800000 
 581              	.LVL69:
 175:src/trap.cpp  ****                 frame->a0 = (uint64)sem->signalN(n);
 582              		.loc 1 175 27
 583 02c4 23B0A404 		sd	a0,64(s1)
 176:src/trap.cpp  ****                 break;
 584              		.loc 1 176 17 is_stmt 1
 585 02c8 6FF05FDE 		j	.L21
 586              	.LVL70:
 587              	.L7:
 588              	.LBE32:
 178:src/trap.cpp  ****             case 0x31: { // time_sleep
 589              		.loc 1 178 13
 178:src/trap.cpp  ****             case 0x31: { // time_sleep
 590              		.loc 1 178 24
 179:src/trap.cpp  ****                 frame->a0 = (uint64)-1;
 591              		.loc 1 179 17
 179:src/trap.cpp  ****                 frame->a0 = (uint64)-1;
 592              		.loc 1 179 27 is_stmt 0
 593 02cc 9307F0FF 		li	a5,-1
GAS LISTING /tmp/cczD0kBA.s 			page 19


 594 02d0 23B0F404 		sd	a5,64(s1)
 595              	.LVL71:
 180:src/trap.cpp  ****                 break;
 596              		.loc 1 180 17 is_stmt 1
 597 02d4 6FF09FDD 		j	.L21
 598              	.LVL72:
 599              	.L6:
 183:src/trap.cpp  ****             case 0x41: { // getc
 600              		.loc 1 183 13
 183:src/trap.cpp  ****             case 0x41: { // getc
 601              		.loc 1 183 24
 184:src/trap.cpp  ****                 frame->a0 = (uint64)__getc();
 602              		.loc 1 184 17
 184:src/trap.cpp  ****                 frame->a0 = (uint64)__getc();
 603              		.loc 1 184 43 is_stmt 0
 604 02d8 97000000 		call	__getc@plt
 604      E7800000 
 605              	.LVL73:
 184:src/trap.cpp  ****                 frame->a0 = (uint64)__getc();
 606              		.loc 1 184 27
 607 02e0 23B0A404 		sd	a0,64(s1)
 185:src/trap.cpp  ****                 break;
 608              		.loc 1 185 17 is_stmt 1
 609 02e4 6FF09FDC 		j	.L21
 610              	.LVL74:
 611              	.L4:
 188:src/trap.cpp  ****             case 0x42: { // putc
 612              		.loc 1 188 13
 188:src/trap.cpp  ****             case 0x42: { // putc
 613              		.loc 1 188 24
 189:src/trap.cpp  ****                 __putc((char)arg1);
 614              		.loc 1 189 17
 189:src/trap.cpp  ****                 __putc((char)arg1);
 615              		.loc 1 189 23 is_stmt 0
 616 02e8 1375F90F 		andi	a0,s2,0xff
 617              	.LVL75:
 618 02ec 97000000 		call	__putc@plt
 618      E7800000 
 619              	.LVL76:
 190:src/trap.cpp  ****                 frame->a0 = 0;
 620              		.loc 1 190 17 is_stmt 1
 190:src/trap.cpp  ****                 frame->a0 = 0;
 621              		.loc 1 190 27 is_stmt 0
 622 02f4 23B00404 		sd	zero,64(s1)
 191:src/trap.cpp  ****                 break;
 623              		.loc 1 191 17 is_stmt 1
 624 02f8 6FF05FDB 		j	.L21
 625              	.LVL77:
 626              	.L3:
 194:src/trap.cpp  ****             default: {
 627              		.loc 1 194 13
 194:src/trap.cpp  ****             default: {
 628              		.loc 1 194 22
 195:src/trap.cpp  ****                 frame->a0 = (uint64)-1;
 629              		.loc 1 195 17
 195:src/trap.cpp  ****                 frame->a0 = (uint64)-1;
 630              		.loc 1 195 27 is_stmt 0
GAS LISTING /tmp/cczD0kBA.s 			page 20


 631 02fc 9307F0FF 		li	a5,-1
 632 0300 23B0F404 		sd	a5,64(s1)
 633              	.LVL78:
 196:src/trap.cpp  ****                 break;
 634              		.loc 1 196 17 is_stmt 1
 635 0304 6FF09FDA 		j	.L21
 636              	.LVL79:
 637              	.L40:
 638              	.LBE33:
 639              	.LBE34:
 640              	.LBE36:
 205:src/trap.cpp  ****         Riscv::mc_sip(Riscv::SIP_SSIP);//birsanje pending bita
 641              		.loc 1 205 9
 642              	.LBB37:
 643              	.LBB38:
  19:src/../h/riscv.hpp ****     }
  20:src/../h/riscv.hpp **** 
  21:src/../h/riscv.hpp ****     static uint64 r_sepc() {
  22:src/../h/riscv.hpp ****         uint64 x;
  23:src/../h/riscv.hpp ****         asm volatile("csrr %0, sepc" : "=r"(x));//isto upis, to je adresa na kojoj ce se procesor v
  24:src/../h/riscv.hpp ****         return x;
  25:src/../h/riscv.hpp ****     }
  26:src/../h/riscv.hpp **** 
  27:src/../h/riscv.hpp ****     static void w_sepc(uint64 x) {
  28:src/../h/riscv.hpp ****         asm volatile("csrw sepc, %0" : : "r"(x));//upis u sepc
  29:src/../h/riscv.hpp ****     }
  30:src/../h/riscv.hpp **** 
  31:src/../h/riscv.hpp ****     static uint64 r_sstatus() {
  32:src/../h/riscv.hpp ****         uint64 x;
  33:src/../h/riscv.hpp ****         asm volatile("csrr %0, sstatus" : "=r"(x));
  34:src/../h/riscv.hpp ****         return x;
  35:src/../h/riscv.hpp ****     }
  36:src/../h/riscv.hpp **** 
  37:src/../h/riscv.hpp ****     static void w_sstatus(uint64 x) {
  38:src/../h/riscv.hpp ****         asm volatile("csrw sstatus, %0" : : "r"(x));
  39:src/../h/riscv.hpp ****     }
  40:src/../h/riscv.hpp **** 
  41:src/../h/riscv.hpp ****     static void w_stvec(uint64 x) {
  42:src/../h/riscv.hpp ****         asm volatile("csrw stvec, %0" : : "r"(x));//adresa prekidne rutine, da bi skocilo na superv
  43:src/../h/riscv.hpp ****     }
  44:src/../h/riscv.hpp **** 
  45:src/../h/riscv.hpp ****     static void ms_sstatus(uint64 mask) {
  46:src/../h/riscv.hpp ****         asm volatile("csrs sstatus, %0" : : "r"(mask));//omoguci prekide
  47:src/../h/riscv.hpp ****     }
  48:src/../h/riscv.hpp **** 
  49:src/../h/riscv.hpp ****     static void mc_sstatus(uint64 mask) {
  50:src/../h/riscv.hpp ****         asm volatile("csrc sstatus, %0" : : "r"(mask));//vrati prekide
  51:src/../h/riscv.hpp ****     }
  52:src/../h/riscv.hpp ****     static void mc_sip(uint64 mask) {
  53:src/../h/riscv.hpp ****         asm volatile("csrc sip, %0" : : "r"(mask));
 644              		.loc 2 53 9
 645              		.loc 2 53 51 is_stmt 0
 646 0308 93072000 		li	a5,2
 647              	#APP
 648              	# 53 "src/../h/riscv.hpp" 1
  54              	    }
 649              		csrc sip, a5
GAS LISTING /tmp/cczD0kBA.s 			page 21


 650              	# 0 "" 2
 651              	.LVL80:
 652              	#NO_APP
 653              	.LBE38:
 654              	.LBE37:
 206:src/trap.cpp  ****         return;
 655              		.loc 1 206 9 is_stmt 1
 656 0310 6FF09FDA 		j	.L1
 657              	.L41:
 210:src/trap.cpp  ****         console_handler();
 658              		.loc 1 210 9
 210:src/trap.cpp  ****         console_handler();
 659              		.loc 1 210 24 is_stmt 0
 660 0314 97000000 		call	console_handler@plt
 660      E7800000 
 661              	.LVL81:
 211:src/trap.cpp  ****         return;
 662              		.loc 1 211 9 is_stmt 1
 663 031c 6FF0DFD9 		j	.L1
 664              	.LVL82:
 665              	.L42:
 214:src/trap.cpp  ****         frame->sepc += 4;
 666              		.loc 1 214 9
 214:src/trap.cpp  ****         frame->sepc += 4;
 667              		.loc 1 214 21 is_stmt 0
 668 0320 8337050F 		ld	a5,240(a0)
 669 0324 93874700 		addi	a5,a5,4
 670 0328 2338F50E 		sd	a5,240(a0)
 215:src/trap.cpp  ****         Riscv::w_sepc(frame->sepc);
 671              		.loc 1 215 9 is_stmt 1
 672              	.LVL83:
 673              	.LBB39:
 674              	.LBB40:
  28:src/../h/riscv.hpp ****     }
 675              		.loc 2 28 9
  28:src/../h/riscv.hpp ****     }
 676              		.loc 2 28 49 is_stmt 0
 677              	#APP
 678              	# 28 "src/../h/riscv.hpp" 1
 679              		csrw sepc, a5
 680              	# 0 "" 2
 681              	.LVL84:
 682              	#NO_APP
 683              	.LBE40:
 684              	.LBE39:
 216:src/trap.cpp  ****         return;
 685              		.loc 1 216 9 is_stmt 1
 686 0330 6FF09FD8 		j	.L1
 687              		.cfi_endproc
 688              	.LFE10:
 690              	.Letext0:
 691              		.file 3 "src/../h/../lib/hw.h"
 692              		.file 4 "src/../h/TrapFrame.hpp"
 693              		.file 5 "src/../h/MemoryAllocator.hpp"
 694              		.file 6 "src/../h/Thread.hpp"
 695              		.file 7 "src/../h/Semaphore.hpp"
 696              		.file 8 "src/../h/Scheduler.hpp"
GAS LISTING /tmp/cczD0kBA.s 			page 22


 697              		.file 9 "src/../h/syscall_c.hpp"
 698              		.file 10 "src/../lib/console.h"
GAS LISTING /tmp/cczD0kBA.s 			page 23


DEFINED SYMBOLS
                            *ABS*:0000000000000000 trap.cpp
     /tmp/cczD0kBA.s:9      .text:0000000000000000 handleSupervisorTrap
     /tmp/cczD0kBA.s:13     .text:0000000000000000 .L0 
     /tmp/cczD0kBA.s:15     .text:0000000000000000 .L0 
     /tmp/cczD0kBA.s:16     .text:0000000000000004 .L0 
     /tmp/cczD0kBA.s:22     .text:0000000000000018 .L0 
     /tmp/cczD0kBA.s:23     .text:0000000000000018 .L0 
     /tmp/cczD0kBA.s:24     .text:0000000000000018 .L0 
     /tmp/cczD0kBA.s:25     .text:0000000000000018 .L0 
     /tmp/cczD0kBA.s:26     .text:0000000000000018 .L0 
     /tmp/cczD0kBA.s:28     .text:000000000000001c .L0 
     /tmp/cczD0kBA.s:34     .text:0000000000000020 .L0 
     /tmp/cczD0kBA.s:35     .text:0000000000000020 .L0 
     /tmp/cczD0kBA.s:36     .text:0000000000000020 .L0 
  src/../h/riscv.hpp:17     .text:0000000000000020 .L0 
     /tmp/cczD0kBA.s:46     .text:0000000000000024 .L0 
     /tmp/cczD0kBA.s:48     .text:0000000000000024 .L0 
     /tmp/cczD0kBA.s:49     .text:0000000000000024 .L0 
     /tmp/cczD0kBA.s:51     .text:0000000000000028 .L0 
     /tmp/cczD0kBA.s:55     .text:0000000000000030 .L0 
     /tmp/cczD0kBA.s:60     .text:0000000000000040 .L0 
     /tmp/cczD0kBA.s:65     .text:0000000000000050 .L0 
     /tmp/cczD0kBA.s:69     .text:0000000000000058 .L0 
     /tmp/cczD0kBA.s:70     .text:0000000000000058 .L0 
     /tmp/cczD0kBA.s:75     .text:000000000000005c .L0 
     /tmp/cczD0kBA.s:76     .text:000000000000005c .L0 
     /tmp/cczD0kBA.s:79     .text:0000000000000060 .L0 
     /tmp/cczD0kBA.s:80     .text:0000000000000060 .L0 
     /tmp/cczD0kBA.s:83     .text:0000000000000064 .L0 
     /tmp/cczD0kBA.s:84     .text:0000000000000064 .L0 
     /tmp/cczD0kBA.s:87     .text:0000000000000068 .L0 
     /tmp/cczD0kBA.s:88     .text:0000000000000068 .L0 
     /tmp/cczD0kBA.s:91     .text:000000000000006c .L0 
     /tmp/cczD0kBA.s:92     .text:000000000000006c .L0 
     /tmp/cczD0kBA.s:95     .text:0000000000000070 .L0 
     /tmp/cczD0kBA.s:180    .text:0000000000000094 .L0 
     /tmp/cczD0kBA.s:181    .text:0000000000000094 .L0 
     /tmp/cczD0kBA.s:182    .text:0000000000000094 .L0 
     /tmp/cczD0kBA.s:183    .text:0000000000000094 .L0 
     /tmp/cczD0kBA.s:186    .text:000000000000009c .L0 
     /tmp/cczD0kBA.s:190    .text:00000000000000a8 .L0 
     /tmp/cczD0kBA.s:194    .text:00000000000000ac .L0 
     /tmp/cczD0kBA.s:195    .text:00000000000000ac .L0 
     /tmp/cczD0kBA.s:196    .text:00000000000000ac .L0 
     /tmp/cczD0kBA.s:204    .text:00000000000000b8 .L0 
     /tmp/cczD0kBA.s:205    .text:00000000000000b8 .L0 
     /tmp/cczD0kBA.s:206    .text:00000000000000bc .L0 
     /tmp/cczD0kBA.s:207    .text:00000000000000bc .L0 
     /tmp/cczD0kBA.s:209    .text:00000000000000c0 .L0 
     /tmp/cczD0kBA.s:210    .text:00000000000000c0 .L0 
     /tmp/cczD0kBA.s:212    .text:00000000000000c4 .L0 
     /tmp/cczD0kBA.s:215    .text:00000000000000c8 .L0 
     /tmp/cczD0kBA.s:217    .text:00000000000000cc .L0 
     /tmp/cczD0kBA.s:219    .text:00000000000000d0 .L0 
     /tmp/cczD0kBA.s:223    .text:00000000000000d4 .L0 
     /tmp/cczD0kBA.s:228    .text:00000000000000d4 .L0 
GAS LISTING /tmp/cczD0kBA.s 			page 24


     /tmp/cczD0kBA.s:229    .text:00000000000000d4 .L0 
     /tmp/cczD0kBA.s:230    .text:00000000000000d4 .L0 
     /tmp/cczD0kBA.s:231    .text:00000000000000d4 .L0 
     /tmp/cczD0kBA.s:234    .text:00000000000000dc .L0 
     /tmp/cczD0kBA.s:238    .text:00000000000000e8 .L0 
     /tmp/cczD0kBA.s:240    .text:00000000000000ec .L0 
     /tmp/cczD0kBA.s:244    .text:00000000000000f0 .L0 
     /tmp/cczD0kBA.s:246    .text:00000000000000f0 .L0 
     /tmp/cczD0kBA.s:247    .text:00000000000000f0 .L0 
     /tmp/cczD0kBA.s:248    .text:00000000000000f0 .L0 
     /tmp/cczD0kBA.s:249    .text:00000000000000f0 .L0 
     /tmp/cczD0kBA.s:250    .text:00000000000000f0 .L0 
     /tmp/cczD0kBA.s:251    .text:00000000000000f0 .L0 
     /tmp/cczD0kBA.s:253    .text:00000000000000f4 .L0 
     /tmp/cczD0kBA.s:255    .text:00000000000000f8 .L0 
     /tmp/cczD0kBA.s:258    .text:00000000000000fc .L0 
     /tmp/cczD0kBA.s:259    .text:00000000000000fc .L0 
     /tmp/cczD0kBA.s:263    .text:0000000000000104 .L0 
     /tmp/cczD0kBA.s:267    .text:0000000000000108 .L0 
     /tmp/cczD0kBA.s:268    .text:0000000000000108 .L0 
     /tmp/cczD0kBA.s:271    .text:0000000000000110 .L0 
     /tmp/cczD0kBA.s:273    .text:0000000000000114 .L0 
     /tmp/cczD0kBA.s:274    .text:0000000000000114 .L0 
     /tmp/cczD0kBA.s:276    .text:0000000000000118 .L0 
     /tmp/cczD0kBA.s:277    .text:0000000000000118 .L0 
     /tmp/cczD0kBA.s:280    .text:0000000000000120 .L0 
     /tmp/cczD0kBA.s:281    .text:0000000000000120 .L0 
     /tmp/cczD0kBA.s:283    .text:0000000000000124 .L0 
     /tmp/cczD0kBA.s:287    .text:0000000000000128 .L0 
     /tmp/cczD0kBA.s:288    .text:0000000000000128 .L0 
     /tmp/cczD0kBA.s:291    .text:0000000000000130 .L0 
     /tmp/cczD0kBA.s:296    .text:0000000000000134 .L0 
     /tmp/cczD0kBA.s:297    .text:0000000000000134 .L0 
     /tmp/cczD0kBA.s:298    .text:0000000000000134 .L0 
     /tmp/cczD0kBA.s:299    .text:0000000000000134 .L0 
     /tmp/cczD0kBA.s:303    .text:0000000000000140 .L0 
     /tmp/cczD0kBA.s:304    .text:0000000000000140 .L0 
     /tmp/cczD0kBA.s:307    .text:0000000000000148 .L0 
     /tmp/cczD0kBA.s:309    .text:000000000000014c .L0 
     /tmp/cczD0kBA.s:313    .text:0000000000000150 .L0 
     /tmp/cczD0kBA.s:314    .text:0000000000000150 .L0 
     /tmp/cczD0kBA.s:315    .text:0000000000000150 .L0 
     /tmp/cczD0kBA.s:316    .text:0000000000000150 .L0 
     /tmp/cczD0kBA.s:320    .text:000000000000015c .L0 
     /tmp/cczD0kBA.s:321    .text:000000000000015c .L0 
     /tmp/cczD0kBA.s:324    .text:0000000000000164 .L0 
     /tmp/cczD0kBA.s:328    .text:0000000000000168 .L0 
     /tmp/cczD0kBA.s:330    .text:0000000000000168 .L0 
     /tmp/cczD0kBA.s:331    .text:0000000000000168 .L0 
     /tmp/cczD0kBA.s:332    .text:0000000000000168 .L0 
     /tmp/cczD0kBA.s:334    .text:000000000000016c .L0 
     /tmp/cczD0kBA.s:335    .text:000000000000016c .L0 
     /tmp/cczD0kBA.s:339    .text:0000000000000174 .L0 
     /tmp/cczD0kBA.s:343    .text:0000000000000178 .L0 
     /tmp/cczD0kBA.s:344    .text:0000000000000178 .L0 
     /tmp/cczD0kBA.s:349    .text:0000000000000184 .L0 
     /tmp/cczD0kBA.s:351    .text:0000000000000188 .L0 
GAS LISTING /tmp/cczD0kBA.s 			page 25


     /tmp/cczD0kBA.s:356    .text:000000000000018c .L0 
     /tmp/cczD0kBA.s:357    .text:000000000000018c .L0 
     /tmp/cczD0kBA.s:358    .text:000000000000018c .L0 
     /tmp/cczD0kBA.s:359    .text:000000000000018c .L0 
     /tmp/cczD0kBA.s:363    .text:0000000000000198 .L0 
     /tmp/cczD0kBA.s:364    .text:0000000000000198 .L0 
     /tmp/cczD0kBA.s:367    .text:00000000000001a0 .L0 
     /tmp/cczD0kBA.s:369    .text:00000000000001a4 .L0 
     /tmp/cczD0kBA.s:373    .text:00000000000001a8 .L0 
     /tmp/cczD0kBA.s:375    .text:00000000000001a8 .L0 
     /tmp/cczD0kBA.s:376    .text:00000000000001a8 .L0 
     /tmp/cczD0kBA.s:377    .text:00000000000001a8 .L0 
     /tmp/cczD0kBA.s:378    .text:00000000000001a8 .L0 
     /tmp/cczD0kBA.s:381    .text:00000000000001ac .L0 
     /tmp/cczD0kBA.s:383    .text:00000000000001b0 .L0 
     /tmp/cczD0kBA.s:384    .text:00000000000001b0 .L0 
     /tmp/cczD0kBA.s:388    .text:00000000000001b8 .L0 
     /tmp/cczD0kBA.s:392    .text:00000000000001bc .L0 
     /tmp/cczD0kBA.s:393    .text:00000000000001bc .L0 
     /tmp/cczD0kBA.s:396    .text:00000000000001c4 .L0 
     /tmp/cczD0kBA.s:398    .text:00000000000001c8 .L0 
     /tmp/cczD0kBA.s:399    .text:00000000000001c8 .L0 
     /tmp/cczD0kBA.s:401    .text:00000000000001cc .L0 
     /tmp/cczD0kBA.s:402    .text:00000000000001cc .L0 
     /tmp/cczD0kBA.s:404    .text:00000000000001d0 .L0 
     /tmp/cczD0kBA.s:407    .text:00000000000001d4 .L0 
     /tmp/cczD0kBA.s:408    .text:00000000000001d4 .L0 
     /tmp/cczD0kBA.s:411    .text:00000000000001dc .L0 
     /tmp/cczD0kBA.s:416    .text:00000000000001e0 .L0 
     /tmp/cczD0kBA.s:418    .text:00000000000001e0 .L0 
     /tmp/cczD0kBA.s:419    .text:00000000000001e0 .L0 
     /tmp/cczD0kBA.s:420    .text:00000000000001e0 .L0 
     /tmp/cczD0kBA.s:422    .text:00000000000001e4 .L0 
     /tmp/cczD0kBA.s:423    .text:00000000000001e4 .L0 
     /tmp/cczD0kBA.s:427    .text:00000000000001ec .L0 
     /tmp/cczD0kBA.s:431    .text:00000000000001f0 .L0 
     /tmp/cczD0kBA.s:432    .text:00000000000001f0 .L0 
     /tmp/cczD0kBA.s:439    .text:0000000000000200 .L0 
     /tmp/cczD0kBA.s:443    .text:0000000000000204 .L0 
     /tmp/cczD0kBA.s:444    .text:0000000000000204 .L0 
     /tmp/cczD0kBA.s:446    .text:0000000000000208 .L0 
     /tmp/cczD0kBA.s:450    .text:000000000000020c .L0 
     /tmp/cczD0kBA.s:451    .text:000000000000020c .L0 
     /tmp/cczD0kBA.s:460    .text:000000000000021c .L0 
     /tmp/cczD0kBA.s:462    .text:000000000000021c .L0 
     /tmp/cczD0kBA.s:463    .text:000000000000021c .L0 
     /tmp/cczD0kBA.s:464    .text:000000000000021c .L0 
     /tmp/cczD0kBA.s:466    .text:0000000000000220 .L0 
     /tmp/cczD0kBA.s:467    .text:0000000000000220 .L0 
     /tmp/cczD0kBA.s:471    .text:0000000000000228 .L0 
     /tmp/cczD0kBA.s:475    .text:000000000000022c .L0 
     /tmp/cczD0kBA.s:476    .text:000000000000022c .L0 
     /tmp/cczD0kBA.s:480    .text:0000000000000238 .L0 
     /tmp/cczD0kBA.s:481    .text:0000000000000238 .L0 
     /tmp/cczD0kBA.s:486    .text:0000000000000244 .L0 
     /tmp/cczD0kBA.s:488    .text:0000000000000248 .L0 
     /tmp/cczD0kBA.s:493    .text:000000000000024c .L0 
GAS LISTING /tmp/cczD0kBA.s 			page 26


     /tmp/cczD0kBA.s:495    .text:000000000000024c .L0 
     /tmp/cczD0kBA.s:496    .text:000000000000024c .L0 
     /tmp/cczD0kBA.s:497    .text:000000000000024c .L0 
     /tmp/cczD0kBA.s:499    .text:0000000000000250 .L0 
     /tmp/cczD0kBA.s:500    .text:0000000000000250 .L0 
     /tmp/cczD0kBA.s:504    .text:0000000000000258 .L0 
     /tmp/cczD0kBA.s:508    .text:000000000000025c .L0 
     /tmp/cczD0kBA.s:509    .text:000000000000025c .L0 
     /tmp/cczD0kBA.s:514    .text:0000000000000268 .L0 
     /tmp/cczD0kBA.s:516    .text:000000000000026c .L0 
     /tmp/cczD0kBA.s:521    .text:0000000000000270 .L0 
     /tmp/cczD0kBA.s:523    .text:0000000000000270 .L0 
     /tmp/cczD0kBA.s:524    .text:0000000000000270 .L0 
     /tmp/cczD0kBA.s:525    .text:0000000000000270 .L0 
     /tmp/cczD0kBA.s:526    .text:0000000000000270 .L0 
     /tmp/cczD0kBA.s:529    .text:0000000000000274 .L0 
     /tmp/cczD0kBA.s:531    .text:0000000000000278 .L0 
     /tmp/cczD0kBA.s:532    .text:0000000000000278 .L0 
     /tmp/cczD0kBA.s:536    .text:0000000000000280 .L0 
     /tmp/cczD0kBA.s:540    .text:0000000000000284 .L0 
     /tmp/cczD0kBA.s:541    .text:0000000000000284 .L0 
     /tmp/cczD0kBA.s:545    .text:0000000000000290 .L0 
     /tmp/cczD0kBA.s:546    .text:0000000000000290 .L0 
     /tmp/cczD0kBA.s:551    .text:000000000000029c .L0 
     /tmp/cczD0kBA.s:553    .text:00000000000002a0 .L0 
     /tmp/cczD0kBA.s:558    .text:00000000000002a4 .L0 
     /tmp/cczD0kBA.s:560    .text:00000000000002a4 .L0 
     /tmp/cczD0kBA.s:561    .text:00000000000002a4 .L0 
     /tmp/cczD0kBA.s:562    .text:00000000000002a4 .L0 
     /tmp/cczD0kBA.s:563    .text:00000000000002a4 .L0 
     /tmp/cczD0kBA.s:566    .text:00000000000002a8 .L0 
     /tmp/cczD0kBA.s:568    .text:00000000000002ac .L0 
     /tmp/cczD0kBA.s:569    .text:00000000000002ac .L0 
     /tmp/cczD0kBA.s:573    .text:00000000000002b4 .L0 
     /tmp/cczD0kBA.s:577    .text:00000000000002b8 .L0 
     /tmp/cczD0kBA.s:578    .text:00000000000002b8 .L0 
     /tmp/cczD0kBA.s:583    .text:00000000000002c4 .L0 
     /tmp/cczD0kBA.s:585    .text:00000000000002c8 .L0 
     /tmp/cczD0kBA.s:590    .text:00000000000002cc .L0 
     /tmp/cczD0kBA.s:591    .text:00000000000002cc .L0 
     /tmp/cczD0kBA.s:592    .text:00000000000002cc .L0 
     /tmp/cczD0kBA.s:593    .text:00000000000002cc .L0 
     /tmp/cczD0kBA.s:597    .text:00000000000002d4 .L0 
     /tmp/cczD0kBA.s:601    .text:00000000000002d8 .L0 
     /tmp/cczD0kBA.s:602    .text:00000000000002d8 .L0 
     /tmp/cczD0kBA.s:603    .text:00000000000002d8 .L0 
     /tmp/cczD0kBA.s:604    .text:00000000000002d8 .L0 
     /tmp/cczD0kBA.s:607    .text:00000000000002e0 .L0 
     /tmp/cczD0kBA.s:609    .text:00000000000002e4 .L0 
     /tmp/cczD0kBA.s:613    .text:00000000000002e8 .L0 
     /tmp/cczD0kBA.s:614    .text:00000000000002e8 .L0 
     /tmp/cczD0kBA.s:615    .text:00000000000002e8 .L0 
     /tmp/cczD0kBA.s:616    .text:00000000000002e8 .L0 
     /tmp/cczD0kBA.s:621    .text:00000000000002f4 .L0 
     /tmp/cczD0kBA.s:622    .text:00000000000002f4 .L0 
     /tmp/cczD0kBA.s:624    .text:00000000000002f8 .L0 
     /tmp/cczD0kBA.s:628    .text:00000000000002fc .L0 
GAS LISTING /tmp/cczD0kBA.s 			page 27


     /tmp/cczD0kBA.s:629    .text:00000000000002fc .L0 
     /tmp/cczD0kBA.s:630    .text:00000000000002fc .L0 
     /tmp/cczD0kBA.s:631    .text:00000000000002fc .L0 
     /tmp/cczD0kBA.s:635    .text:0000000000000304 .L0 
     /tmp/cczD0kBA.s:644    .text:0000000000000308 .L0 
     /tmp/cczD0kBA.s:645    .text:0000000000000308 .L0 
     /tmp/cczD0kBA.s:646    .text:0000000000000308 .L0 
     /tmp/cczD0kBA.s:656    .text:0000000000000310 .L0 
     /tmp/cczD0kBA.s:659    .text:0000000000000314 .L0 
     /tmp/cczD0kBA.s:660    .text:0000000000000314 .L0 
     /tmp/cczD0kBA.s:663    .text:000000000000031c .L0 
     /tmp/cczD0kBA.s:667    .text:0000000000000320 .L0 
     /tmp/cczD0kBA.s:668    .text:0000000000000320 .L0 
     /tmp/cczD0kBA.s:675    .text:000000000000032c .L0 
     /tmp/cczD0kBA.s:676    .text:000000000000032c .L0 
  src/../h/riscv.hpp:28     .text:000000000000032c .L0 
     /tmp/cczD0kBA.s:686    .text:0000000000000330 .L0 
     /tmp/cczD0kBA.s:687    .text:0000000000000334 .L0 
     /tmp/cczD0kBA.s:699    .text:0000000000000334 .L0 
     /tmp/cczD0kBA.s:108    .rodata:0000000000000000 .L5
     /tmp/cczD0kBA.s:100    .text:000000000000007c .L0 
     /tmp/cczD0kBA.s:71     .text:000000000000005c .L39
     /tmp/cczD0kBA.s:637    .text:0000000000000308 .L40
     /tmp/cczD0kBA.s:657    .text:0000000000000314 .L41
     /tmp/cczD0kBA.s:665    .text:0000000000000320 .L42
     /tmp/cczD0kBA.s:67     .text:0000000000000058 .L37
     /tmp/cczD0kBA.s:626    .text:00000000000002fc .L3
     /tmp/cczD0kBA.s:192    .text:00000000000000ac .L21
     /tmp/cczD0kBA.s:256    .text:00000000000000fc .L22
     /tmp/cczD0kBA.s:265    .text:0000000000000108 .L23
     /tmp/cczD0kBA.s:285    .text:0000000000000128 .L43
     /tmp/cczD0kBA.s:201    .text:00000000000000b8 .L1
     /tmp/cczD0kBA.s:341    .text:0000000000000178 .L26
     /tmp/cczD0kBA.s:390    .text:00000000000001bc .L27
     /tmp/cczD0kBA.s:405    .text:00000000000001d4 .L44
     /tmp/cczD0kBA.s:429    .text:00000000000001f0 .L29
     /tmp/cczD0kBA.s:448    .text:000000000000020c .L45
     /tmp/cczD0kBA.s:441    .text:0000000000000204 .L30
     /tmp/cczD0kBA.s:473    .text:000000000000022c .L31
     /tmp/cczD0kBA.s:506    .text:000000000000025c .L32
     /tmp/cczD0kBA.s:538    .text:0000000000000284 .L33
     /tmp/cczD0kBA.s:575    .text:00000000000002b8 .L34
     /tmp/cczD0kBA.s:177    .text:0000000000000094 .L20
     /tmp/cczD0kBA.s:222    .text:00000000000000d4 .L19
     /tmp/cczD0kBA.s:242    .text:00000000000000f0 .L18
     /tmp/cczD0kBA.s:293    .text:0000000000000134 .L17
     /tmp/cczD0kBA.s:311    .text:0000000000000150 .L16
     /tmp/cczD0kBA.s:326    .text:0000000000000168 .L15
     /tmp/cczD0kBA.s:353    .text:000000000000018c .L14
     /tmp/cczD0kBA.s:371    .text:00000000000001a8 .L13
     /tmp/cczD0kBA.s:413    .text:00000000000001e0 .L12
     /tmp/cczD0kBA.s:457    .text:000000000000021c .L11
     /tmp/cczD0kBA.s:490    .text:000000000000024c .L10
     /tmp/cczD0kBA.s:518    .text:0000000000000270 .L9
     /tmp/cczD0kBA.s:555    .text:00000000000002a4 .L8
     /tmp/cczD0kBA.s:587    .text:00000000000002cc .L7
     /tmp/cczD0kBA.s:599    .text:00000000000002d8 .L6
GAS LISTING /tmp/cczD0kBA.s 			page 28


     /tmp/cczD0kBA.s:611    .text:00000000000002e8 .L4
     /tmp/cczD0kBA.s:2623   .debug_abbrev:0000000000000000 .Ldebug_abbrev0
     /tmp/cczD0kBA.s:4604   .debug_str:00000000000007d8 .LASF168
     /tmp/cczD0kBA.s:4636   .debug_str:0000000000000984 .LASF169
     /tmp/cczD0kBA.s:4614   .debug_str:00000000000008cc .LASF170
     /tmp/cczD0kBA.s:5      .text:0000000000000000 .Ltext0
     /tmp/cczD0kBA.s:690    .text:0000000000000334 .Letext0
     /tmp/cczD0kBA.s:4322   .debug_line:0000000000000000 .Ldebug_line0
     /tmp/cczD0kBA.s:4436   .debug_str:0000000000000335 .LASF0
     /tmp/cczD0kBA.s:4458   .debug_str:00000000000003e7 .LASF1
     /tmp/cczD0kBA.s:4544   .debug_str:000000000000064a .LASF2
     /tmp/cczD0kBA.s:4552   .debug_str:0000000000000683 .LASF4
     /tmp/cczD0kBA.s:4442   .debug_str:0000000000000363 .LASF3
     /tmp/cczD0kBA.s:4338   .debug_str:000000000000006c .LASF5
     /tmp/cczD0kBA.s:4512   .debug_str:0000000000000570 .LASF6
     /tmp/cczD0kBA.s:4452   .debug_str:00000000000003bc .LASF7
     /tmp/cczD0kBA.s:4420   .debug_str:00000000000002d1 .LASF8
     /tmp/cczD0kBA.s:4426   .debug_str:00000000000002f3 .LASF9
     /tmp/cczD0kBA.s:4380   .debug_str:00000000000001a6 .LASF10
     /tmp/cczD0kBA.s:4416   .debug_str:00000000000002b8 .LASF11
     /tmp/cczD0kBA.s:4386   .debug_str:00000000000001cd .LASF12
     /tmp/cczD0kBA.s:4378   .debug_str:0000000000000196 .LASF13
     /tmp/cczD0kBA.s:4590   .debug_str:0000000000000791 .LASF14
     /tmp/cczD0kBA.s:4406   .debug_str:0000000000000263 .LASF15
     /tmp/cczD0kBA.s:4574   .debug_str:0000000000000729 .LASF16
     /tmp/cczD0kBA.s:4652   .debug_str:00000000000009de .LASF41
     /tmp/cczD0kBA.s:4410   .debug_str:0000000000000280 .LASF17
     /tmp/cczD0kBA.s:4464   .debug_str:000000000000041f .LASF18
     /tmp/cczD0kBA.s:4602   .debug_str:00000000000007cb .LASF19
     /tmp/cczD0kBA.s:4390   .debug_str:00000000000001f4 .LASF20
     /tmp/cczD0kBA.s:4634   .debug_str:000000000000097b .LASF21
     /tmp/cczD0kBA.s:4620   .debug_str:00000000000008fd .LASF23
     /tmp/cczD0kBA.s:4522   .debug_str:00000000000005b7 .LASF22
     /tmp/cczD0kBA.s:4530   .debug_str:00000000000005d6 .LASF24
     /tmp/cczD0kBA.s:4496   .debug_str:00000000000004f0 .LASF27
     /tmp/cczD0kBA.s:4454   .debug_str:00000000000003cf .LASF29
     /tmp/cczD0kBA.s:4654   .debug_str:00000000000009e4 .LASF25
     /tmp/cczD0kBA.s:4666   .debug_str:0000000000000a1a .LASF26
     /tmp/cczD0kBA.s:4648   .debug_str:00000000000009cd .LASF28
     /tmp/cczD0kBA.s:4480   .debug_str:0000000000000480 .LASF30
     /tmp/cczD0kBA.s:4490   .debug_str:00000000000004cd .LASF31
     /tmp/cczD0kBA.s:4500   .debug_str:0000000000000506 .LASF32
     /tmp/cczD0kBA.s:4340   .debug_str:0000000000000073 .LASF33
     /tmp/cczD0kBA.s:4548   .debug_str:0000000000000662 .LASF34
     /tmp/cczD0kBA.s:4542   .debug_str:000000000000063f .LASF35
     /tmp/cczD0kBA.s:4678   .debug_str:0000000000000a98 .LASF36
     /tmp/cczD0kBA.s:4556   .debug_str:0000000000000697 .LASF37
     /tmp/cczD0kBA.s:4384   .debug_str:00000000000001ba .LASF38
     /tmp/cczD0kBA.s:4428   .debug_str:0000000000000301 .LASF80
     /tmp/cczD0kBA.s:4432   .debug_str:0000000000000317 .LASF82
     /tmp/cczD0kBA.s:4528   .debug_str:00000000000005cc .LASF43
     /tmp/cczD0kBA.s:4606   .debug_str:000000000000089c .LASF39
     /tmp/cczD0kBA.s:4658   .debug_str:00000000000009f3 .LASF40
     /tmp/cczD0kBA.s:4510   .debug_str:0000000000000560 .LASF42
     /tmp/cczD0kBA.s:4538   .debug_str:0000000000000625 .LASF44
     /tmp/cczD0kBA.s:4456   .debug_str:00000000000003e2 .LASF45
     /tmp/cczD0kBA.s:4382   .debug_str:00000000000001b5 .LASF46
GAS LISTING /tmp/cczD0kBA.s 			page 29


     /tmp/cczD0kBA.s:4346   .debug_str:000000000000009d .LASF47
     /tmp/cczD0kBA.s:4662   .debug_str:0000000000000a07 .LASF48
     /tmp/cczD0kBA.s:4326   .debug_str:0000000000000011 .LASF49
     /tmp/cczD0kBA.s:4330   .debug_str:000000000000003d .LASF50
     /tmp/cczD0kBA.s:4462   .debug_str:0000000000000401 .LASF52
     /tmp/cczD0kBA.s:4504   .debug_str:0000000000000549 .LASF51
     /tmp/cczD0kBA.s:4446   .debug_str:000000000000037d .LASF53
     /tmp/cczD0kBA.s:4534   .debug_str:00000000000005f9 .LASF54
     /tmp/cczD0kBA.s:4546   .debug_str:0000000000000658 .LASF171
     /tmp/cczD0kBA.s:4638   .debug_str:0000000000000991 .LASF172
     /tmp/cczD0kBA.s:4468   .debug_str:000000000000043b .LASF151
     /tmp/cczD0kBA.s:4516   .debug_str:0000000000000598 .LASF55
     /tmp/cczD0kBA.s:4660   .debug_str:00000000000009fb .LASF56
     /tmp/cczD0kBA.s:4344   .debug_str:0000000000000084 .LASF57
     /tmp/cczD0kBA.s:4354   .debug_str:00000000000000cc .LASF58
     /tmp/cczD0kBA.s:4612   .debug_str:00000000000008b0 .LASF59
     /tmp/cczD0kBA.s:4438   .debug_str:0000000000000342 .LASF144
     /tmp/cczD0kBA.s:4502   .debug_str:000000000000051a .LASF146
     /tmp/cczD0kBA.s:4474   .debug_str:0000000000000465 .LASF60
     /tmp/cczD0kBA.s:4348   .debug_str:00000000000000a2 .LASF61
     /tmp/cczD0kBA.s:4598   .debug_str:00000000000007bd .LASF173
     /tmp/cczD0kBA.s:4520   .debug_str:00000000000005af .LASF62
     /tmp/cczD0kBA.s:4370   .debug_str:0000000000000156 .LASF63
     /tmp/cczD0kBA.s:4562   .debug_str:00000000000006b8 .LASF64
     /tmp/cczD0kBA.s:4328   .debug_str:0000000000000035 .LASF65
     /tmp/cczD0kBA.s:4358   .debug_str:00000000000000ec .LASF66
     /tmp/cczD0kBA.s:4596   .debug_str:00000000000007b5 .LASF174
     /tmp/cczD0kBA.s:4680   .debug_str:0000000000000ab0 .LASF67
     /tmp/cczD0kBA.s:4536   .debug_str:0000000000000615 .LASF69
     /tmp/cczD0kBA.s:4362   .debug_str:0000000000000103 .LASF68
     /tmp/cczD0kBA.s:4532   .debug_str:00000000000005e9 .LASF70
     /tmp/cczD0kBA.s:4334   .debug_str:0000000000000049 .LASF71
     /tmp/cczD0kBA.s:4592   .debug_str:000000000000079d .LASF72
     /tmp/cczD0kBA.s:4572   .debug_str:0000000000000716 .LASF73
     /tmp/cczD0kBA.s:4324   .debug_str:0000000000000000 .LASF74
     /tmp/cczD0kBA.s:4356   .debug_str:00000000000000d1 .LASF75
     /tmp/cczD0kBA.s:4506   .debug_str:000000000000054e .LASF175
     /tmp/cczD0kBA.s:4588   .debug_str:0000000000000784 .LASF76
     /tmp/cczD0kBA.s:4676   .debug_str:0000000000000a71 .LASF77
     /tmp/cczD0kBA.s:4518   .debug_str:00000000000005a1 .LASF78
     /tmp/cczD0kBA.s:4368   .debug_str:0000000000000137 .LASF79
     /tmp/cczD0kBA.s:4392   .debug_str:0000000000000200 .LASF81
     /tmp/cczD0kBA.s:4388   .debug_str:00000000000001dd .LASF83
     /tmp/cczD0kBA.s:4568   .debug_str:00000000000006ef .LASF84
     /tmp/cczD0kBA.s:4336   .debug_str:0000000000000059 .LASF85
     /tmp/cczD0kBA.s:4526   .debug_str:00000000000005c4 .LASF86
     /tmp/cczD0kBA.s:4440   .debug_str:000000000000034c .LASF87
     /tmp/cczD0kBA.s:4484   .debug_str:000000000000049e .LASF88
     /tmp/cczD0kBA.s:4402   .debug_str:000000000000023e .LASF89
     /tmp/cczD0kBA.s:4478   .debug_str:0000000000000477 .LASF90
     /tmp/cczD0kBA.s:4488   .debug_str:00000000000004b5 .LASF91
     /tmp/cczD0kBA.s:4430   .debug_str:000000000000030c .LASF92
     /tmp/cczD0kBA.s:4470   .debug_str:0000000000000444 .LASF93
     /tmp/cczD0kBA.s:4560   .debug_str:00000000000006af .LASF94
     /tmp/cczD0kBA.s:4566   .debug_str:00000000000006d7 .LASF95
     /tmp/cczD0kBA.s:4550   .debug_str:000000000000067a .LASF96
     /tmp/cczD0kBA.s:4394   .debug_str:0000000000000209 .LASF97
GAS LISTING /tmp/cczD0kBA.s 			page 30


     /tmp/cczD0kBA.s:4476   .debug_str:000000000000046a .LASF98
     /tmp/cczD0kBA.s:4372   .debug_str:000000000000015c .LASF99
     /tmp/cczD0kBA.s:4600   .debug_str:00000000000007c3 .LASF176
     /tmp/cczD0kBA.s:4682   .debug_str:0000000000000abd .LASF100
     /tmp/cczD0kBA.s:4630   .debug_str:0000000000000943 .LASF101
     /tmp/cczD0kBA.s:4482   .debug_str:0000000000000496 .LASF102
     /tmp/cczD0kBA.s:4494   .debug_str:00000000000004da .LASF103
     /tmp/cczD0kBA.s:4404   .debug_str:0000000000000254 .LASF104
     /tmp/cczD0kBA.s:4414   .debug_str:000000000000029a .LASF105
     /tmp/cczD0kBA.s:4332   .debug_str:0000000000000044 .LASF106
     /tmp/cczD0kBA.s:4674   .debug_str:0000000000000a6b .LASF107
     /tmp/cczD0kBA.s:4618   .debug_str:00000000000008f5 .LASF108
     /tmp/cczD0kBA.s:4610   .debug_str:00000000000008a6 .LASF109
     /tmp/cczD0kBA.s:4398   .debug_str:0000000000000230 .LASF110
     /tmp/cczD0kBA.s:4396   .debug_str:0000000000000229 .LASF111
     /tmp/cczD0kBA.s:4586   .debug_str:0000000000000772 .LASF112
     /tmp/cczD0kBA.s:4498   .debug_str:00000000000004f7 .LASF113
     /tmp/cczD0kBA.s:4364   .debug_str:0000000000000113 .LASF114
     /tmp/cczD0kBA.s:4360   .debug_str:00000000000000f5 .LASF177
     /tmp/cczD0kBA.s:4622   .debug_str:0000000000000912 .LASF178
     /tmp/cczD0kBA.s:4584   .debug_str:000000000000076d .LASF115
     /tmp/cczD0kBA.s:4424   .debug_str:00000000000002e7 .LASF116
     /tmp/cczD0kBA.s:4408   .debug_str:0000000000000279 .LASF117
     /tmp/cczD0kBA.s:4624   .debug_str:000000000000092f .LASF118
     /tmp/cczD0kBA.s:4644   .debug_str:00000000000009bd .LASF119
     /tmp/cczD0kBA.s:4686   .debug_str:0000000000000ad2 .LASF120
     /tmp/cczD0kBA.s:4412   .debug_str:000000000000028c .LASF121
     /tmp/cczD0kBA.s:4508   .debug_str:0000000000000553 .LASF122
     /tmp/cczD0kBA.s:4540   .debug_str:000000000000062f .LASF123
     /tmp/cczD0kBA.s:4670   .debug_str:0000000000000a3b .LASF124
     /tmp/cczD0kBA.s:4350   .debug_str:00000000000000aa .LASF125
     /tmp/cczD0kBA.s:4632   .debug_str:000000000000095c .LASF126
     /tmp/cczD0kBA.s:4342   .debug_str:000000000000007e .LASF127
     /tmp/cczD0kBA.s:4352   .debug_str:00000000000000bb .LASF128
     /tmp/cczD0kBA.s:4608   .debug_str:00000000000008a1 .LASF129
     /tmp/cczD0kBA.s:4486   .debug_str:00000000000004a5 .LASF130
     /tmp/cczD0kBA.s:4594   .debug_str:00000000000007ae .LASF131
     /tmp/cczD0kBA.s:4578   .debug_str:000000000000074f .LASF132
     /tmp/cczD0kBA.s:4524   .debug_str:00000000000005be .LASF133
     /tmp/cczD0kBA.s:4558   .debug_str:000000000000069e .LASF134
     /tmp/cczD0kBA.s:4444   .debug_str:0000000000000375 .LASF135
     /tmp/cczD0kBA.s:4466   .debug_str:0000000000000428 .LASF136
     /tmp/cczD0kBA.s:4650   .debug_str:00000000000009d7 .LASF137
     /tmp/cczD0kBA.s:4582   .debug_str:0000000000000768 .LASF138
     /tmp/cczD0kBA.s:4492   .debug_str:00000000000004d5 .LASF139
     /tmp/cczD0kBA.s:4434   .debug_str:000000000000032f .LASF140
     /tmp/cczD0kBA.s:4570   .debug_str:00000000000006f4 .LASF141
     /tmp/cczD0kBA.s:4554   .debug_str:000000000000068a .LASF142
     /tmp/cczD0kBA.s:4366   .debug_str:000000000000011e .LASF143
     /tmp/cczD0kBA.s:4668   .debug_str:0000000000000a30 .LASF145
     /tmp/cczD0kBA.s:4564   .debug_str:00000000000006c0 .LASF147
     /tmp/cczD0kBA.s:4418   .debug_str:00000000000002c7 .LASF148
     /tmp/cczD0kBA.s:4450   .debug_str:00000000000003a0 .LASF179
     /tmp/cczD0kBA.s:4672   .debug_str:0000000000000a57 .LASF180
     /tmp/cczD0kBA.s:4400   .debug_str:0000000000000236 .LASF149
     /tmp/cczD0kBA.s:4376   .debug_str:000000000000017e .LASF150
     /tmp/cczD0kBA.s:4646   .debug_str:00000000000009c4 .LASF152
GAS LISTING /tmp/cczD0kBA.s 			page 31


     /tmp/cczD0kBA.s:4422   .debug_str:00000000000002e1 .LASF153
     /tmp/cczD0kBA.s:4514   .debug_str:0000000000000583 .LASF154
     /tmp/cczD0kBA.s:10     .text:0000000000000000 .LFB10
     /tmp/cczD0kBA.s:688    .text:0000000000000334 .LFE10
     /tmp/cczD0kBA.s:4448   .debug_str:000000000000039a .LASF181
     /tmp/cczD0kBA.s:3632   .debug_loc:0000000000000000 .LLST0
     /tmp/cczD0kBA.s:4580   .debug_str:0000000000000761 .LASF155
     /tmp/cczD0kBA.s:3654   .debug_loc:000000000000005f .LLST1
     /tmp/cczD0kBA.s:4314   .debug_ranges:0000000000000000 .Ldebug_ranges0
     /tmp/cczD0kBA.s:4684   .debug_str:0000000000000ac6 .LASF156
     /tmp/cczD0kBA.s:3765   .debug_loc:00000000000001f8 .LLST2
     /tmp/cczD0kBA.s:4374   .debug_str:0000000000000179 .LASF157
     /tmp/cczD0kBA.s:3897   .debug_loc:0000000000000428 .LLST3
     /tmp/cczD0kBA.s:4626   .debug_str:0000000000000939 .LASF158
     /tmp/cczD0kBA.s:3908   .debug_loc:000000000000045e .LLST4
     /tmp/cczD0kBA.s:4628   .debug_str:000000000000093e .LASF159
     /tmp/cczD0kBA.s:4015   .debug_loc:0000000000000646 .LLST5
     /tmp/cczD0kBA.s:4656   .debug_str:00000000000009ee .LASF160
     /tmp/cczD0kBA.s:4092   .debug_loc:00000000000007b0 .LLST6
     /tmp/cczD0kBA.s:245    .text:00000000000000f0 .LBB25
     /tmp/cczD0kBA.s:294    .text:0000000000000134 .LBE25
     /tmp/cczD0kBA.s:4664   .debug_str:0000000000000a13 .LASF161
     /tmp/cczD0kBA.s:4159   .debug_loc:00000000000008f0 .LLST7
     /tmp/cczD0kBA.s:4166   .debug_loc:0000000000000913 .LLST8
     /tmp/cczD0kBA.s:4173   .debug_loc:0000000000000936 .LLST9
     /tmp/cczD0kBA.s:4640   .debug_str:00000000000009ad .LASF162
     /tmp/cczD0kBA.s:4180   .debug_loc:0000000000000959 .LLST10
     /tmp/cczD0kBA.s:4187   .debug_loc:000000000000097c .LLST11
     /tmp/cczD0kBA.s:269    .text:0000000000000110 .LVL19
     /tmp/cczD0kBA.s:278    .text:0000000000000120 .LVL20
     /tmp/cczD0kBA.s:329    .text:0000000000000168 .LBB26
     /tmp/cczD0kBA.s:354    .text:000000000000018c .LBE26
     /tmp/cczD0kBA.s:4616   .debug_str:00000000000008ef .LASF163
     /tmp/cczD0kBA.s:4198   .debug_loc:00000000000009b2 .LLST12
     /tmp/cczD0kBA.s:347    .text:0000000000000184 .LVL30
     /tmp/cczD0kBA.s:374    .text:00000000000001a8 .LBB27
     /tmp/cczD0kBA.s:414    .text:00000000000001e0 .LBE27
     /tmp/cczD0kBA.s:4205   .debug_loc:00000000000009d5 .LLST13
     /tmp/cczD0kBA.s:4212   .debug_loc:00000000000009f8 .LLST14
     /tmp/cczD0kBA.s:4219   .debug_loc:0000000000000a1b .LLST15
     /tmp/cczD0kBA.s:394    .text:00000000000001c4 .LVL37
     /tmp/cczD0kBA.s:417    .text:00000000000001e0 .LBB28
     /tmp/cczD0kBA.s:458    .text:000000000000021c .LBE28
     /tmp/cczD0kBA.s:4226   .debug_loc:0000000000000a3e .LLST16
     /tmp/cczD0kBA.s:4233   .debug_loc:0000000000000a61 .LLST17
     /tmp/cczD0kBA.s:435    .text:00000000000001fc .LVL42
     /tmp/cczD0kBA.s:454    .text:0000000000000218 .LVL47
     /tmp/cczD0kBA.s:461    .text:000000000000021c .LBB29
     /tmp/cczD0kBA.s:491    .text:000000000000024c .LBE29
     /tmp/cczD0kBA.s:4244   .debug_loc:0000000000000a97 .LLST18
     /tmp/cczD0kBA.s:484    .text:0000000000000244 .LVL52
     /tmp/cczD0kBA.s:494    .text:000000000000024c .LBB30
     /tmp/cczD0kBA.s:519    .text:0000000000000270 .LBE30
     /tmp/cczD0kBA.s:4251   .debug_loc:0000000000000aba .LLST19
     /tmp/cczD0kBA.s:512    .text:0000000000000268 .LVL57
     /tmp/cczD0kBA.s:522    .text:0000000000000270 .LBB31
     /tmp/cczD0kBA.s:556    .text:00000000000002a4 .LBE31
GAS LISTING /tmp/cczD0kBA.s 			page 32


     /tmp/cczD0kBA.s:4258   .debug_loc:0000000000000add .LLST20
     /tmp/cczD0kBA.s:4265   .debug_loc:0000000000000b00 .LLST21
     /tmp/cczD0kBA.s:549    .text:000000000000029c .LVL63
     /tmp/cczD0kBA.s:559    .text:00000000000002a4 .LBB32
     /tmp/cczD0kBA.s:588    .text:00000000000002cc .LBE32
     /tmp/cczD0kBA.s:4272   .debug_loc:0000000000000b23 .LLST22
     /tmp/cczD0kBA.s:4279   .debug_loc:0000000000000b46 .LLST23
     /tmp/cczD0kBA.s:581    .text:00000000000002c4 .LVL69
     /tmp/cczD0kBA.s:184    .text:000000000000009c .LVL9
     /tmp/cczD0kBA.s:188    .text:00000000000000a8 .LVL10
     /tmp/cczD0kBA.s:232    .text:00000000000000dc .LVL14
     /tmp/cczD0kBA.s:236    .text:00000000000000e8 .LVL15
     /tmp/cczD0kBA.s:305    .text:0000000000000148 .LVL23
     /tmp/cczD0kBA.s:322    .text:0000000000000164 .LVL25
     /tmp/cczD0kBA.s:365    .text:00000000000001a0 .LVL32
     /tmp/cczD0kBA.s:605    .text:00000000000002e0 .LVL73
     /tmp/cczD0kBA.s:619    .text:00000000000002f4 .LVL76
     /tmp/cczD0kBA.s:31     .text:0000000000000020 .LBB20
     /tmp/cczD0kBA.s:45     .text:0000000000000024 .LBE20
     /tmp/cczD0kBA.s:642    .text:0000000000000308 .LBB37
     /tmp/cczD0kBA.s:654    .text:0000000000000310 .LBE37
     /tmp/cczD0kBA.s:4286   .debug_loc:0000000000000b69 .LLST24
     /tmp/cczD0kBA.s:673    .text:000000000000032c .LBB39
     /tmp/cczD0kBA.s:684    .text:0000000000000330 .LBE39
     /tmp/cczD0kBA.s:4294   .debug_loc:0000000000000b8d .LLST25
     /tmp/cczD0kBA.s:661    .text:000000000000031c .LVL81
     /tmp/cczD0kBA.s:4642   .debug_str:00000000000009b8 .LASF164
     /tmp/cczD0kBA.s:4460   .debug_str:00000000000003fa .LASF165
     /tmp/cczD0kBA.s:4472   .debug_str:000000000000045e .LASF166
     /tmp/cczD0kBA.s:4576   .debug_str:000000000000073f .LASF167
     /tmp/cczD0kBA.s:14     .text:0000000000000000 .LVL0
     /tmp/cczD0kBA.s:85     .text:0000000000000068 .LVL4
     /tmp/cczD0kBA.s:213    .text:00000000000000c4 .LVL12
     /tmp/cczD0kBA.s:221    .text:00000000000000d4 .LVL13
     /tmp/cczD0kBA.s:41     .text:0000000000000024 .LVL1
     /tmp/cczD0kBA.s:96     .text:0000000000000074 .LVL7
     /tmp/cczD0kBA.s:241    .text:00000000000000f0 .LVL16
     /tmp/cczD0kBA.s:292    .text:0000000000000134 .LVL22
     /tmp/cczD0kBA.s:310    .text:0000000000000150 .LVL24
     /tmp/cczD0kBA.s:325    .text:0000000000000168 .LVL26
     /tmp/cczD0kBA.s:352    .text:000000000000018c .LVL31
     /tmp/cczD0kBA.s:370    .text:00000000000001a8 .LVL33
     /tmp/cczD0kBA.s:412    .text:00000000000001e0 .LVL38
     /tmp/cczD0kBA.s:456    .text:000000000000021c .LVL48
     /tmp/cczD0kBA.s:489    .text:000000000000024c .LVL53
     /tmp/cczD0kBA.s:517    .text:0000000000000270 .LVL58
     /tmp/cczD0kBA.s:554    .text:00000000000002a4 .LVL64
     /tmp/cczD0kBA.s:586    .text:00000000000002cc .LVL70
     /tmp/cczD0kBA.s:610    .text:00000000000002e8 .LVL74
     /tmp/cczD0kBA.s:625    .text:00000000000002fc .LVL77
     /tmp/cczD0kBA.s:636    .text:0000000000000308 .LVL79
     /tmp/cczD0kBA.s:664    .text:0000000000000320 .LVL82
     /tmp/cczD0kBA.s:77     .text:0000000000000060 .LVL2
     /tmp/cczD0kBA.s:99     .text:000000000000007c .LVL8
     /tmp/cczD0kBA.s:261    .text:0000000000000104 .LVL17
     /tmp/cczD0kBA.s:264    .text:0000000000000108 .LVL18
     /tmp/cczD0kBA.s:337    .text:0000000000000174 .LVL27
GAS LISTING /tmp/cczD0kBA.s 			page 33


     /tmp/cczD0kBA.s:340    .text:0000000000000178 .LVL28
     /tmp/cczD0kBA.s:386    .text:00000000000001b8 .LVL35
     /tmp/cczD0kBA.s:389    .text:00000000000001bc .LVL36
     /tmp/cczD0kBA.s:425    .text:00000000000001ec .LVL39
     /tmp/cczD0kBA.s:428    .text:00000000000001f0 .LVL40
     /tmp/cczD0kBA.s:469    .text:0000000000000228 .LVL49
     /tmp/cczD0kBA.s:472    .text:000000000000022c .LVL50
     /tmp/cczD0kBA.s:502    .text:0000000000000258 .LVL54
     /tmp/cczD0kBA.s:505    .text:000000000000025c .LVL55
     /tmp/cczD0kBA.s:534    .text:0000000000000280 .LVL60
     /tmp/cczD0kBA.s:537    .text:0000000000000284 .LVL61
     /tmp/cczD0kBA.s:571    .text:00000000000002b4 .LVL66
     /tmp/cczD0kBA.s:574    .text:00000000000002b8 .LVL67
     /tmp/cczD0kBA.s:595    .text:00000000000002d4 .LVL71
     /tmp/cczD0kBA.s:598    .text:00000000000002d8 .LVL72
     /tmp/cczD0kBA.s:633    .text:0000000000000304 .LVL78
     /tmp/cczD0kBA.s:81     .text:0000000000000064 .LVL3
     /tmp/cczD0kBA.s:200    .text:00000000000000b8 .LVL11
     /tmp/cczD0kBA.s:345    .text:000000000000017c .LVL29
     /tmp/cczD0kBA.s:379    .text:00000000000001ac .LVL34
     /tmp/cczD0kBA.s:433    .text:00000000000001f4 .LVL41
     /tmp/cczD0kBA.s:482    .text:000000000000023c .LVL51
     /tmp/cczD0kBA.s:510    .text:0000000000000260 .LVL56
     /tmp/cczD0kBA.s:547    .text:0000000000000294 .LVL62
     /tmp/cczD0kBA.s:579    .text:00000000000002bc .LVL68
     /tmp/cczD0kBA.s:617    .text:00000000000002ec .LVL75
     /tmp/cczD0kBA.s:89     .text:000000000000006c .LVL5
     /tmp/cczD0kBA.s:527    .text:0000000000000274 .LVL59
     /tmp/cczD0kBA.s:564    .text:00000000000002a8 .LVL65
     /tmp/cczD0kBA.s:93     .text:0000000000000070 .LVL6
     /tmp/cczD0kBA.s:284    .text:0000000000000128 .LVL21
     /tmp/cczD0kBA.s:437    .text:0000000000000200 .LVL43
     /tmp/cczD0kBA.s:440    .text:0000000000000204 .LVL44
     /tmp/cczD0kBA.s:447    .text:000000000000020c .LVL45
     /tmp/cczD0kBA.s:452    .text:0000000000000210 .LVL46
     /tmp/cczD0kBA.s:651    .text:0000000000000310 .LVL80
     /tmp/cczD0kBA.s:672    .text:000000000000032c .LVL83
     /tmp/cczD0kBA.s:681    .text:0000000000000330 .LVL84
     /tmp/cczD0kBA.s:700    .debug_info:0000000000000000 .Ldebug_info0
     /tmp/cczD0kBA.s:73     .text:000000000000005c .LBB23
     /tmp/cczD0kBA.s:202    .text:00000000000000b8 .LBE23
     /tmp/cczD0kBA.s:225    .text:00000000000000d4 .LBB34
     /tmp/cczD0kBA.s:639    .text:0000000000000308 .LBE34

UNDEFINED SYMBOLS
_ZN15MemoryAllocator11getInstanceEv
_ZN15MemoryAllocator6mallocEm
_ZN15MemoryAllocator4freeEPv
_ZN7_thread12createThreadEPFvPvES0_S0_
_ZN9Scheduler3putEP7_thread
_ZN7_thread4exitEv
_ZN7_thread8dispatchEv
_ZN7_thread8addChildEPS_
_ZN7_thread7joinAllEv
_ZN4_sem15createSemaphoreEj
_ZN4_sem5closeEv
_ZN4_sem16destroySemaphoreEPS_
GAS LISTING /tmp/cczD0kBA.s 			page 34


_ZN4_sem4waitEv
_ZN4_sem6signalEv
_ZN4_sem5waitNEj
_ZN4_sem7signalNEj
__getc
__putc
console_handler
